Component: ARM Compiler 5.06 update 5 (build 528) Tool: armlink [4d35e2]

==============================================================================

Section Cross References

    glcd_spi_lpc1700.o(i.GLCD_Bargraph) refers to glcd_spi_lpc1700.o(i.GLCD_SetWindow) for GLCD_SetWindow
    glcd_spi_lpc1700.o(i.GLCD_Bargraph) refers to glcd_spi_lpc1700.o(i.wr_cmd) for wr_cmd
    glcd_spi_lpc1700.o(i.GLCD_Bargraph) refers to glcd_spi_lpc1700.o(i.wr_dat_start) for wr_dat_start
    glcd_spi_lpc1700.o(i.GLCD_Bargraph) refers to glcd_spi_lpc1700.o(i.wr_dat_only) for wr_dat_only
    glcd_spi_lpc1700.o(i.GLCD_Bargraph) refers to glcd_spi_lpc1700.o(i.wr_dat_stop) for wr_dat_stop
    glcd_spi_lpc1700.o(i.GLCD_Bargraph) refers to glcd_spi_lpc1700.o(.data) for Color
    glcd_spi_lpc1700.o(i.GLCD_Bitmap) refers to glcd_spi_lpc1700.o(i.GLCD_SetWindow) for GLCD_SetWindow
    glcd_spi_lpc1700.o(i.GLCD_Bitmap) refers to glcd_spi_lpc1700.o(i.wr_cmd) for wr_cmd
    glcd_spi_lpc1700.o(i.GLCD_Bitmap) refers to glcd_spi_lpc1700.o(i.wr_dat_start) for wr_dat_start
    glcd_spi_lpc1700.o(i.GLCD_Bitmap) refers to glcd_spi_lpc1700.o(i.wr_dat_only) for wr_dat_only
    glcd_spi_lpc1700.o(i.GLCD_Bitmap) refers to glcd_spi_lpc1700.o(i.wr_dat_stop) for wr_dat_stop
    glcd_spi_lpc1700.o(i.GLCD_Clear) refers to glcd_spi_lpc1700.o(i.GLCD_WindowMax) for GLCD_WindowMax
    glcd_spi_lpc1700.o(i.GLCD_Clear) refers to glcd_spi_lpc1700.o(i.wr_cmd) for wr_cmd
    glcd_spi_lpc1700.o(i.GLCD_Clear) refers to glcd_spi_lpc1700.o(i.wr_dat_start) for wr_dat_start
    glcd_spi_lpc1700.o(i.GLCD_Clear) refers to glcd_spi_lpc1700.o(i.wr_dat_only) for wr_dat_only
    glcd_spi_lpc1700.o(i.GLCD_Clear) refers to glcd_spi_lpc1700.o(i.wr_dat_stop) for wr_dat_stop
    glcd_spi_lpc1700.o(i.GLCD_ClearLn) refers to glcd_spi_lpc1700.o(i.GLCD_WindowMax) for GLCD_WindowMax
    glcd_spi_lpc1700.o(i.GLCD_ClearLn) refers to glcd_spi_lpc1700.o(i.GLCD_DisplayString) for GLCD_DisplayString
    glcd_spi_lpc1700.o(i.GLCD_DisplayChar) refers to glcd_spi_lpc1700.o(i.GLCD_DrawChar) for GLCD_DrawChar
    glcd_spi_lpc1700.o(i.GLCD_DisplayChar) refers to glcd_spi_lpc1700.o(.constdata) for Font_6x8_h
    glcd_spi_lpc1700.o(i.GLCD_DisplayString) refers to glcd_spi_lpc1700.o(i.GLCD_DisplayChar) for GLCD_DisplayChar
    glcd_spi_lpc1700.o(i.GLCD_DrawChar) refers to glcd_spi_lpc1700.o(i.GLCD_SetWindow) for GLCD_SetWindow
    glcd_spi_lpc1700.o(i.GLCD_DrawChar) refers to glcd_spi_lpc1700.o(i.wr_cmd) for wr_cmd
    glcd_spi_lpc1700.o(i.GLCD_DrawChar) refers to glcd_spi_lpc1700.o(i.wr_dat_start) for wr_dat_start
    glcd_spi_lpc1700.o(i.GLCD_DrawChar) refers to glcd_spi_lpc1700.o(i.wr_dat_only) for wr_dat_only
    glcd_spi_lpc1700.o(i.GLCD_DrawChar) refers to glcd_spi_lpc1700.o(i.wr_dat_stop) for wr_dat_stop
    glcd_spi_lpc1700.o(i.GLCD_DrawChar) refers to glcd_spi_lpc1700.o(.data) for Color
    glcd_spi_lpc1700.o(i.GLCD_Init) refers to glcd_spi_lpc1700.o(i.rd_id_man) for rd_id_man
    glcd_spi_lpc1700.o(i.GLCD_Init) refers to glcd_spi_lpc1700.o(i.rd_reg) for rd_reg
    glcd_spi_lpc1700.o(i.GLCD_Init) refers to glcd_spi_lpc1700.o(i.wr_reg) for wr_reg
    glcd_spi_lpc1700.o(i.GLCD_Init) refers to glcd_spi_lpc1700.o(i.delay) for delay
    glcd_spi_lpc1700.o(i.GLCD_Init) refers to glcd_spi_lpc1700.o(.data) for Himax
    glcd_spi_lpc1700.o(i.GLCD_PutPixel) refers to glcd_spi_lpc1700.o(i.wr_reg) for wr_reg
    glcd_spi_lpc1700.o(i.GLCD_PutPixel) refers to glcd_spi_lpc1700.o(i.wr_cmd) for wr_cmd
    glcd_spi_lpc1700.o(i.GLCD_PutPixel) refers to glcd_spi_lpc1700.o(i.wr_dat) for wr_dat
    glcd_spi_lpc1700.o(i.GLCD_PutPixel) refers to glcd_spi_lpc1700.o(.data) for Himax
    glcd_spi_lpc1700.o(i.GLCD_SetBackColor) refers to glcd_spi_lpc1700.o(.data) for Color
    glcd_spi_lpc1700.o(i.GLCD_SetTextColor) refers to glcd_spi_lpc1700.o(.data) for Color
    glcd_spi_lpc1700.o(i.GLCD_SetWindow) refers to glcd_spi_lpc1700.o(i.wr_reg) for wr_reg
    glcd_spi_lpc1700.o(i.GLCD_SetWindow) refers to glcd_spi_lpc1700.o(.data) for Himax
    glcd_spi_lpc1700.o(i.GLCD_WindowMax) refers to glcd_spi_lpc1700.o(i.GLCD_SetWindow) for GLCD_SetWindow
    glcd_spi_lpc1700.o(i.GLCD_WrCmd) refers to glcd_spi_lpc1700.o(i.wr_cmd) for wr_cmd
    glcd_spi_lpc1700.o(i.GLCD_WrReg) refers to glcd_spi_lpc1700.o(i.wr_reg) for wr_reg
    glcd_spi_lpc1700.o(i.rd_id_man) refers to glcd_spi_lpc1700.o(i.spi_tran_man) for spi_tran_man
    glcd_spi_lpc1700.o(i.rd_reg) refers to glcd_spi_lpc1700.o(i.wr_cmd) for wr_cmd
    glcd_spi_lpc1700.o(i.rd_reg) refers to glcd_spi_lpc1700.o(i.spi_tran) for spi_tran
    glcd_spi_lpc1700.o(i.spi_tran_man) refers to glcd_spi_lpc1700.o(i.delay) for delay
    glcd_spi_lpc1700.o(i.wr_cmd) refers to glcd_spi_lpc1700.o(i.spi_tran) for spi_tran
    glcd_spi_lpc1700.o(i.wr_dat) refers to glcd_spi_lpc1700.o(i.spi_tran) for spi_tran
    glcd_spi_lpc1700.o(i.wr_dat_only) refers to glcd_spi_lpc1700.o(i.spi_tran) for spi_tran
    glcd_spi_lpc1700.o(i.wr_dat_start) refers to glcd_spi_lpc1700.o(i.spi_tran) for spi_tran
[...]
    i.osEventFlagsSet                        0x000027b4   Section        0  rtx_evflags.o(i.osEventFlagsSet)
    i.osKernelGetTickFreq                    0x000027f4   Section        0  rtx_kernel.o(i.osKernelGetTickFreq)
    i.osKernelInitialize                     0x00002820   Section        0  rtx_kernel.o(i.osKernelInitialize)
    i.osKernelStart                          0x00002854   Section        0  rtx_kernel.o(i.osKernelStart)
    i.osMessageQueueGet                      0x00002888   Section        0  rtx_msgqueue.o(i.osMessageQueueGet)
    i.osMessageQueueNew                      0x000028dc   Section        0  rtx_msgqueue.o(i.osMessageQueueNew)
    i.osMessageQueuePut                      0x00002928   Section        0  rtx_msgqueue.o(i.osMessageQueuePut)
    i.osMutexAcquire                         0x0000297c   Section        0  rtx_mutex.o(i.osMutexAcquire)
    i.osMutexNew                             0x000029c0   Section        0  rtx_mutex.o(i.osMutexNew)
    i.osMutexRelease                         0x000029fc   Section        0  rtx_mutex.o(i.osMutexRelease)
    i.osRtxErrorNotify                       0x00002a38   Section        0  rtx_config.o(i.osRtxErrorNotify)
    i.osRtxEventFlagsPostProcess             0x00002a58   Section        0  rtx_evflags.o(i.osRtxEventFlagsPostProcess)
    osRtxEventFlagsPostProcess               0x00002a59   Thumb Code    76  rtx_evflags.o(i.osRtxEventFlagsPostProcess)
    i.osRtxIdleThread                        0x00002aa4   Section        0  rtx_config.o(i.osRtxIdleThread)
    i.osRtxKernelGetState                    0x00002aa8   Section        0  rtx_thread.o(i.osRtxKernelGetState)
    osRtxKernelGetState                      0x00002aa9   Thumb Code     6  rtx_thread.o(i.osRtxKernelGetState)
    i.osRtxMemoryAlloc                       0x00002ab4   Section        0  rtx_memory.o(i.osRtxMemoryAlloc)
    i.osRtxMemoryFree                        0x00002ba2   Section        0  rtx_memory.o(i.osRtxMemoryFree)
    i.osRtxMemoryInit                        0x00002c1e   Section        0  rtx_memory.o(i.osRtxMemoryInit)
    i.osRtxMemoryPoolAlloc                   0x00002c88   Section        0  rtx_mempool.o(i.osRtxMemoryPoolAlloc)
    i.osRtxMemoryPoolFree                    0x00002cc2   Section        0  rtx_mempool.o(i.osRtxMemoryPoolFree)
    i.osRtxMemoryPoolInit                    0x00002d10   Section        0  rtx_mempool.o(i.osRtxMemoryPoolInit)
    i.osRtxMessageQueuePostProcess           0x00002d68   Section        0  rtx_msgqueue.o(i.osRtxMessageQueuePostProcess)
    osRtxMessageQueuePostProcess             0x00002d69   Thumb Code   296  rtx_msgqueue.o(i.osRtxMessageQueuePostProcess)
    i.osRtxMutexOwnerRelease                 0x00002e90   Section        0  rtx_mutex.o(i.osRtxMutexOwnerRelease)
    i.osRtxPendSV_Handler                    0x00002ef0   Section        0  rtx_system.o(i.osRtxPendSV_Handler)
    i.osRtxPostProcess                       0x00002f74   Section        0  rtx_system.o(i.osRtxPostProcess)
    i.osRtxThreadBlock                       0x00002fb0   Section        0  rtx_thread.o(i.osRtxThreadBlock)
    osRtxThreadBlock                         0x00002fb1   Thumb Code    58  rtx_thread.o(i.osRtxThreadBlock)
    i.osRtxThreadDelayInsert                 0x00002ff0   Section        0  rtx_thread.o(i.osRtxThreadDelayInsert)
    osRtxThreadDelayInsert                   0x00002ff1   Thumb Code    98  rtx_thread.o(i.osRtxThreadDelayInsert)
    i.osRtxThreadDelayRemove                 0x00003058   Section        0  rtx_thread.o(i.osRtxThreadDelayRemove)
    osRtxThreadDelayRemove                   0x00003059   Thumb Code   110  rtx_thread.o(i.osRtxThreadDelayRemove)
    i.osRtxThreadDelayTick                   0x000030cc   Section        0  rtx_thread.o(i.osRtxThreadDelayTick)
    i.osRtxThreadDispatch                    0x000031a8   Section        0  rtx_thread.o(i.osRtxThreadDispatch)
    i.osRtxThreadFree                        0x00003218   Section        0  rtx_thread.o(i.osRtxThreadFree)
    osRtxThreadFree                          0x00003219   Thumb Code    92  rtx_thread.o(i.osRtxThreadFree)
    i.osRtxThreadGetRunning                  0x00003278   Section        0  rtx_thread.o(i.osRtxThreadGetRunning)
    osRtxThreadGetRunning                    0x00003279   Thumb Code     6  rtx_thread.o(i.osRtxThreadGetRunning)
    i.osRtxThreadListGet                     0x00003284   Section        0  rtx_thread.o(i.osRtxThreadListGet)
    i.osRtxThreadListPut                     0x000032a0   Section        0  rtx_thread.o(i.osRtxThreadListPut)
    i.osRtxThreadListRemove                  0x000032d2   Section        0  rtx_thread.o(i.osRtxThreadListRemove)
    i.osRtxThreadListRoot                    0x000032ec   Section        0  rtx_thread.o(i.osRtxThreadListRoot)
    osRtxThreadListRoot                      0x000032ed   Thumb Code    18  rtx_thread.o(i.osRtxThreadListRoot)
    i.osRtxThreadListSort                    0x000032fe   Section        0  rtx_thread.o(i.osRtxThreadListSort)
    i.osRtxThreadPostProcess                 0x00003328   Section        0  rtx_thread.o(i.osRtxThreadPostProcess)
    osRtxThreadPostProcess                   0x00003329   Thumb Code    64  rtx_thread.o(i.osRtxThreadPostProcess)
    i.osRtxThreadReadyPut                    0x00003368   Section        0  rtx_thread.o(i.osRtxThreadReadyPut)
    i.osRtxThreadRegPtr                      0x00003380   Section        0  rtx_thread.o(i.osRtxThreadRegPtr)
    i.osRtxThreadSetRunning                  0x00003390   Section        0  rtx_thread.o(i.osRtxThreadSetRunning)
    osRtxThreadSetRunning                    0x00003391   Thumb Code     6  rtx_thread.o(i.osRtxThreadSetRunning)
    i.osRtxThreadStackCheck                  0x0000339c   Section        0  rtx_thread.o(i.osRtxThreadStackCheck)
    i.osRtxThreadStartup                     0x000033c8   Section        0  rtx_thread.o(i.osRtxThreadStartup)
    i.osRtxThreadSwitch                      0x00003428   Section        0  rtx_thread.o(i.osRtxThreadSwitch)
    i.osRtxThreadWaitEnter                   0x00003444   Section        0  rtx_thread.o(i.osRtxThreadWaitEnter)
    i.osRtxThreadWaitExit                    0x00003498   Section        0  rtx_thread.o(i.osRtxThreadWaitExit)
    i.osRtxTick_Handler                      0x000034d0   Section        0  rtx_system.o(i.osRtxTick_Handler)
    i.osRtxTimerThread                       0x00003570   Section        0  rtx_timer.o(i.osRtxTimerThread)
    i.osRtxTimerTick                         0x000035c8   Section        0  rtx_timer.o(i.osRtxTimerTick)
    osRtxTimerTick                           0x000035c9   Thumb Code    88  rtx_timer.o(i.osRtxTimerTick)
    i.osThreadExit                           0x00003624   Section        0  rtx_thread.o(i.osThreadExit)
    i.osThreadNew                            0x00003644   Section        0  rtx_thread.o(i.osThreadNew)
    i.random_range                           0x00003690   Section        0  main.o(i.random_range)
    i.rd_id_man                              0x000036a8   Section        0  glcd_spi_lpc1700.o(i.rd_id_man)
    rd_id_man                                0x000036a9   Thumb Code   132  glcd_spi_lpc1700.o(i.rd_id_man)
    i.rd_reg                                 0x00003734   Section        0  glcd_spi_lpc1700.o(i.rd_reg)
    rd_reg                                   0x00003735   Thumb Code    66  glcd_spi_lpc1700.o(i.rd_reg)
    i.remove_object                          0x0000377c   Section        0  game_object.o(i.remove_object)
    i.spi_tran                               0x00003818   Section        0  glcd_spi_lpc1700.o(i.spi_tran)
    spi_tran                                 0x00003819   Thumb Code    28  glcd_spi_lpc1700.o(i.spi_tran)
    i.spi_tran_man                           0x00003838   Section        0  glcd_spi_lpc1700.o(i.spi_tran_man)
    spi_tran_man                             0x00003839   Thumb Code   124  glcd_spi_lpc1700.o(i.spi_tran_man)
    i.state_monitor                          0x000038b8   Section        0  main.o(i.state_monitor)
    i.svcRtxDelay                            0x00003934   Section        0  rtx_delay.o(i.svcRtxDelay)
    svcRtxDelay                              0x00003935   Thumb Code    24  rtx_delay.o(i.svcRtxDelay)
    i.svcRtxEventFlagsClear                  0x0000394c   Section        0  rtx_evflags.o(i.svcRtxEventFlagsClear)
    svcRtxEventFlagsClear                    0x0000394d   Thumb Code    88  rtx_evflags.o(i.svcRtxEventFlagsClear)
    i.svcRtxEventFlagsGet                    0x000039a4   Section        0  rtx_evflags.o(i.svcRtxEventFlagsGet)
    svcRtxEventFlagsGet                      0x000039a5   Thumb Code    58  rtx_evflags.o(i.svcRtxEventFlagsGet)
    i.svcRtxEventFlagsNew                    0x000039e0   Section        0  rtx_evflags.o(i.svcRtxEventFlagsNew)
    svcRtxEventFlagsNew                      0x000039e1   Thumb Code   160  rtx_evflags.o(i.svcRtxEventFlagsNew)
    i.svcRtxEventFlagsSet                    0x00003a88   Section        0  rtx_evflags.o(i.svcRtxEventFlagsSet)
    svcRtxEventFlagsSet                      0x00003a89   Thumb Code   174  rtx_evflags.o(i.svcRtxEventFlagsSet)
    i.svcRtxKernelGetTickFreq                0x00003b38   Section        0  rtx_kernel.o(i.svcRtxKernelGetTickFreq)
    svcRtxKernelGetTickFreq                  0x00003b39   Thumb Code    16  rtx_kernel.o(i.svcRtxKernelGetTickFreq)
    i.svcRtxKernelInitialize                 0x00003b4c   Section        0  rtx_kernel.o(i.svcRtxKernelInitialize)
    svcRtxKernelInitialize                   0x00003b4d   Thumb Code   602  rtx_kernel.o(i.svcRtxKernelInitialize)
    i.svcRtxKernelStart                      0x00003db0   Section        0  rtx_kernel.o(i.svcRtxKernelStart)
    svcRtxKernelStart                        0x00003db1   Thumb Code   216  rtx_kernel.o(i.svcRtxKernelStart)
    i.svcRtxMessageQueueGet                  0x00003e98   Section        0  rtx_msgqueue.o(i.svcRtxMessageQueueGet)
    svcRtxMessageQueueGet                    0x00003e99   Thumb Code   340  rtx_msgqueue.o(i.svcRtxMessageQueueGet)
    i.svcRtxMessageQueueNew                  0x00003ff0   Section        0  rtx_msgqueue.o(i.svcRtxMessageQueueNew)
    svcRtxMessageQueueNew                    0x00003ff1   Thumb Code   400  rtx_msgqueue.o(i.svcRtxMessageQueueNew)
    i.svcRtxMessageQueuePut                  0x00004188   Section        0  rtx_msgqueue.o(i.svcRtxMessageQueuePut)
    svcRtxMessageQueuePut                    0x00004189   Thumb Code   316  rtx_msgqueue.o(i.svcRtxMessageQueuePut)
    i.svcRtxMutexAcquire                     0x000042c8   Section        0  rtx_mutex.o(i.svcRtxMutexAcquire)
    svcRtxMutexAcquire                       0x000042c9   Thumb Code   284  rtx_mutex.o(i.svcRtxMutexAcquire)
    i.svcRtxMutexNew                         0x000043e8   Section        0  rtx_mutex.o(i.svcRtxMutexNew)
    svcRtxMutexNew                           0x000043e9   Thumb Code   172  rtx_mutex.o(i.svcRtxMutexNew)
    i.svcRtxMutexRelease                     0x00004498   Section        0  rtx_mutex.o(i.svcRtxMutexRelease)
    svcRtxMutexRelease                       0x00004499   Thumb Code   280  rtx_mutex.o(i.svcRtxMutexRelease)
    i.svcRtxThreadExit                       0x000045b4   Section        0  rtx_thread.o(i.svcRtxThreadExit)
    svcRtxThreadExit                         0x000045b5   Thumb Code   142  rtx_thread.o(i.svcRtxThreadExit)
    i.svcRtxThreadNew                        0x00004648   Section        0  rtx_thread.o(i.svcRtxThreadNew)
    svcRtxThreadNew                          0x00004649   Thumb Code   608  rtx_thread.o(i.svcRtxThreadNew)
    i.welcome                                0x000048bc   Section        0  main.o(i.welcome)
    i.wr_cmd                                 0x00004960   Section        0  glcd_spi_lpc1700.o(i.wr_cmd)
    wr_cmd                                   0x00004961   Thumb Code    36  glcd_spi_lpc1700.o(i.wr_cmd)
    i.wr_dat                                 0x00004988   Section        0  glcd_spi_lpc1700.o(i.wr_dat)
    wr_dat                                   0x00004989   Thumb Code    36  glcd_spi_lpc1700.o(i.wr_dat)
    i.wr_dat_only                            0x000049b0   Section        0  glcd_spi_lpc1700.o(i.wr_dat_only)
    wr_dat_only                              0x000049b1   Thumb Code    18  glcd_spi_lpc1700.o(i.wr_dat_only)
    i.wr_dat_start                           0x000049c4   Section        0  glcd_spi_lpc1700.o(i.wr_dat_start)
    wr_dat_start                             0x000049c5   Thumb Code    16  glcd_spi_lpc1700.o(i.wr_dat_start)
    i.wr_dat_stop                            0x000049d8   Section        0  glcd_spi_lpc1700.o(i.wr_dat_stop)
    wr_dat_stop                              0x000049d9   Thumb Code     8  glcd_spi_lpc1700.o(i.wr_dat_stop)
    i.wr_reg                                 0x000049e4   Section        0  glcd_spi_lpc1700.o(i.wr_reg)
    wr_reg                                   0x000049e5   Thumb Code    20  glcd_spi_lpc1700.o(i.wr_reg)
    .constdata                               0x000049f8   Section     6272  glcd_spi_lpc1700.o(.constdata)
    .constdata                               0x00006278   Section      100  rtx_lib.o(.constdata)
    os_idle_thread_attr                      0x00006278   Data          36  rtx_lib.o(.constdata)
    os_timer_thread_attr                     0x0000629c   Data          36  rtx_lib.o(.constdata)
    os_timer_mq_attr                         0x000062c0   Data          24  rtx_lib.o(.constdata)
    .conststrlit                             0x000062dc   Section       11  rtx_kernel.o(.conststrlit)
    .rodata                                  0x000062e8   Section      104  rtx_lib.o(.rodata)
    __tagsym$$used                           0x000062e8   Number         0  rtx_lib.o(.rodata)
    .bss.os                                  0x10000000   Section     4160  rtx_lib.o(.bss.os)
    os_mem                                   0x10000000   Data        4096  rtx_lib.o(.bss.os)
    os_isr_queue                             0x10001000   Data          64  rtx_lib.o(.bss.os)
    .bss.os.msgqueue.cb                      0x10001040   Section       52  rtx_lib.o(.bss.os.msgqueue.cb)
    os_timer_mq_cb                           0x10001040   Data          52  rtx_lib.o(.bss.os.msgqueue.cb)
    .bss.os.msgqueue.mem                     0x10001074   Section       80  rtx_lib.o(.bss.os.msgqueue.mem)
    os_timer_mq_data                         0x10001074   Data          80  rtx_lib.o(.bss.os.msgqueue.mem)
    .bss.os.thread.cb                        0x100010c4   Section      136  rtx_lib.o(.bss.os.thread.cb)
    os_idle_thread_cb                        0x100010c4   Data          68  rtx_lib.o(.bss.os.thread.cb)
    os_timer_thread_cb                       0x10001108   Data          68  rtx_lib.o(.bss.os.thread.cb)
    .bss.os.thread.stack                     0x10001150   Section      512  rtx_lib.o(.bss.os.thread.stack)
    os_idle_thread_stack                     0x10001150   Data         256  rtx_lib.o(.bss.os.thread.stack)
    os_timer_thread_stack                    0x10001250   Data         256  rtx_lib.o(.bss.os.thread.stack)
    .data                                    0x10001350   Section        5  glcd_spi_lpc1700.o(.data)
    Color                                    0x10001350   Data           4  glcd_spi_lpc1700.o(.data)
    Himax                                    0x10001354   Data           1  glcd_spi_lpc1700.o(.data)
    .data                                    0x10001358   Section       32  uart.o(.data)
    .data                                    0x10001378   Section       44  main.o(.data)
    .data                                    0x100013a4   Section     1792  game_object.o(.data)
    .data                                    0x10001aa4   Section       16  lfsr113.o(.data)
    z1                                       0x10001aa4   Data           4  lfsr113.o(.data)
    z2                                       0x10001aa8   Data           4  lfsr113.o(.data)
    z3                                       0x10001aac   Data           4  lfsr113.o(.data)
    z4                                       0x10001ab0   Data           4  lfsr113.o(.data)
    .data                                    0x10001ab4   Section        1  os_systick.o(.data)
    PendST                                   0x10001ab4   Data           1  os_systick.o(.data)
    .data                                    0x10001ab8   Section        4  system_lpc17xx.o(.data)
    .data                                    0x10001abc   Section        4  mvars.o(.data)
    .data                                    0x10001ac0   Section        4  mvars.o(.data)
    .data.os                                 0x10001ac4   Section      164  rtx_kernel.o(.data.os)
    .bss                                     0x10001b68   Section      128  uart.o(.bss)
    HEAP                                     0x10001be8   Section     8192  startup_lpc17xx.o(HEAP)
    STACK                                    0x10003be8   Section     8192  startup_lpc17xx.o(STACK)

    Global Symbols

    Symbol Name                              Value     Ov Type        Size  Object(Section)

    BuildAttributes$$THM_ISAv4$P$D$K$B$S$PE$A:L22UL41UL21$X:L11$S22US41US21$IEEE1$IW$USESV6$~STKCKD$USESV7$~SHL$OSPACE$ROPI$EBA8$MICROLIB$REQ8$PRES8$EABIv2 0x00000000   Number         0  anon$$obj.o ABSOLUTE
    __ARM_use_no_argv                        0x00000000   Number         0  main.o ABSOLUTE
    __Vectors                                0x00000000   Data           4  startup_lpc17xx.o(RESET)
    _printf_a                                0x00000000   Number         0  stubs.o ABSOLUTE
    _printf_c                                0x00000000   Number         0  stubs.o ABSOLUTE
    _printf_charcount                        0x00000000   Number         0  stubs.o ABSOLUTE
    _printf_d                                0x00000000   Number         0  stubs.o ABSOLUTE
    _printf_e                                0x00000000   Number         0  stubs.o ABSOLUTE
    _printf_f                                0x00000000   Number         0  stubs.o ABSOLUTE
    _printf_flags                            0x00000000   Number         0  stubs.o ABSOLUTE
    _printf_fp_dec                           0x00000000   Number         0  stubs.o ABSOLUTE
    _printf_fp_hex                           0x00000000   Number         0  stubs.o ABSOLUTE
    _printf_g                                0x00000000   Number         0  stubs.o ABSOLUTE
    _printf_i                                0x00000000   Number         0  stubs.o ABSOLUTE
    _printf_int_dec                          0x00000000   Number         0  stubs.o ABSOLUTE
    _printf_l                                0x00000000   Number         0  stubs.o ABSOLUTE
    _printf_lc                               0x00000000   Number         0  stubs.o ABSOLUTE
    _printf_ll                               0x00000000   Number         0  stubs.o ABSOLUTE
    _printf_lld                              0x00000000   Number         0  stubs.o ABSOLUTE
    _printf_lli                              0x00000000   Number         0  stubs.o ABSOLUTE
    _printf_llo                              0x00000000   Number         0  stubs.o ABSOLUTE
    _printf_llu                              0x00000000   Number         0  stubs.o ABSOLUTE
    _printf_llx                              0x00000000   Number         0  stubs.o ABSOLUTE
    _printf_longlong_dec                     0x00000000   Number         0  stubs.o ABSOLUTE
    _printf_longlong_hex                     0x00000000   Number         0  stubs.o ABSOLUTE
    _printf_longlong_oct                     0x00000000   Number         0  stubs.o ABSOLUTE
    _printf_ls                               0x00000000   Number         0  stubs.o ABSOLUTE
    _printf_mbtowc                           0x00000000   Number         0  stubs.o ABSOLUTE
    _printf_n                                0x00000000   Number         0  stubs.o ABSOLUTE
    _printf_o                                0x00000000   Number         0  stubs.o ABSOLUTE
    _printf_p                                0x00000000   Number         0  stubs.o ABSOLUTE
    _printf_percent                          0x00000000   Number         0  stubs.o ABSOLUTE
    _printf_pre_padding                      0x00000000   Number         0  stubs.o ABSOLUTE
    _printf_return_value                     0x00000000   Number         0  stubs.o ABSOLUTE
    _printf_s                                0x00000000   Number         0  stubs.o ABSOLUTE
    _printf_sizespec                         0x00000000   Number         0  stubs.o ABSOLUTE
    _printf_str                              0x00000000   Number         0  stubs.o ABSOLUTE
    _printf_truncate_signed                  0x00000000   Number         0  stubs.o ABSOLUTE
    _printf_truncate_unsigned                0x00000000   Number         0  stubs.o ABSOLUTE
    _printf_u                                0x00000000   Number         0  stubs.o ABSOLUTE
    _printf_wc                               0x00000000   Number         0  stubs.o ABSOLUTE
    _printf_wctomb                           0x00000000   Number         0  stubs.o ABSOLUTE
    _printf_widthprec                        0x00000000   Number         0  stubs.o ABSOLUTE
    _printf_x                                0x00000000   Number         0  stubs.o ABSOLUTE
    .bss.os.evflags.cb$$Base                  - Undefined Weak Reference
    .bss.os.evflags.cb$$Limit                 - Undefined Weak Reference
    .bss.os.mempool.cb$$Base                  - Undefined Weak Reference
    .bss.os.mempool.cb$$Limit                 - Undefined Weak Reference
    .bss.os.mutex.cb$$Base                    - Undefined Weak Reference
    .bss.os.mutex.cb$$Limit                   - Undefined Weak Reference
    .bss.os.semaphore.cb$$Base                - Undefined Weak Reference
    .bss.os.semaphore.cb$$Limit               - Undefined Weak Reference
    .bss.os.timer.cb$$Base                    - Undefined Weak Reference
    .bss.os.timer.cb$$Limit                   - Undefined Weak Reference
    __cpp_initialize__aeabi_                  - Undefined Weak Reference
    __cxa_finalize                            - Undefined Weak Reference
    _clock_init                               - Undefined Weak Reference
    _microlib_exit                            - Undefined Weak Reference
    __main                                   0x000000cd   Thumb Code     0  entry.o(.ARM.Collect$$$$00000000)
    _main_stk                                0x000000cd   Thumb Code     0  entry2.o(.ARM.Collect$$$$00000001)
    _main_scatterload                        0x000000d1   Thumb Code     0  entry5.o(.ARM.Collect$$$$00000004)
    __main_after_scatterload                 0x000000d5   Thumb Code     0  entry5.o(.ARM.Collect$$$$00000004)
    _main_clock                              0x000000d5   Thumb Code     0  entry7b.o(.ARM.Collect$$$$00000008)
    _main_cpp_init                           0x000000d5   Thumb Code     0  entry8b.o(.ARM.Collect$$$$0000000A)
    _main_init                               0x000000d5   Thumb Code     0  entry9a.o(.ARM.Collect$$$$0000000B)
    __rt_final_cpp                           0x000000dd   Thumb Code     0  entry10a.o(.ARM.Collect$$$$0000000D)
    __rt_final_exit                          0x000000dd   Thumb Code     0  entry11a.o(.ARM.Collect$$$$0000000F)
    __asm___13_rtx_evflags_c_e167c757__atomic_wr8 0x000000e1   Thumb Code    16  rtx_evflags.o(.emb_text)
    __asm___13_rtx_evflags_c_e167c757__atomic_set32 0x000000f1   Thumb Code    20  rtx_evflags.o(.emb_text)
    __asm___13_rtx_evflags_c_e167c757__atomic_clr32 0x00000105   Thumb Code    22  rtx_evflags.o(.emb_text)
    __asm___13_rtx_evflags_c_e167c757__atomic_chk32_all 0x0000011b   Thumb Code    38  rtx_evflags.o(.emb_text)
    __asm___13_rtx_evflags_c_e167c757__atomic_chk32_any 0x00000141   Thumb Code    34  rtx_evflags.o(.emb_text)
    __asm___13_rtx_evflags_c_e167c757__atomic_inc32 0x00000163   Thumb Code    18  rtx_evflags.o(.emb_text)
    __asm___13_rtx_evflags_c_e167c757__atomic_inc32_lt 0x00000175   Thumb Code    30  rtx_evflags.o(.emb_text)
    __asm___13_rtx_evflags_c_e167c757__atomic_inc16_lt 0x00000193   Thumb Code    30  rtx_evflags.o(.emb_text)
    __asm___13_rtx_evflags_c_e167c757__atomic_inc16_lim 0x000001b1   Thumb Code    26  rtx_evflags.o(.emb_text)
    __asm___13_rtx_evflags_c_e167c757__atomic_dec32_nz 0x000001cb   Thumb Code    26  rtx_evflags.o(.emb_text)
    __asm___13_rtx_evflags_c_e167c757__atomic_dec16_nz 0x000001e5   Thumb Code    26  rtx_evflags.o(.emb_text)
    __asm___13_rtx_evflags_c_e167c757__atomic_link_get 0x000001ff   Thumb Code    26  rtx_evflags.o(.emb_text)
    __asm___13_rtx_evflags_c_e167c757__atomic_link_put 0x00000219   Thumb Code    28  rtx_evflags.o(.emb_text)
    SVC_Handler                              0x00000235   Thumb Code   108  irq_cm3.o(.text)
    PendSV_Handler                           0x000002a1   Thumb Code    16  irq_cm3.o(.text)
    SysTick_Handler                          0x000002b1   Thumb Code    16  irq_cm3.o(.text)
    Reset_Handler                            0x000002c9   Thumb Code     8  startup_lpc17xx.o(.text)
    NMI_Handler                              0x000002d1   Thumb Code     2  startup_lpc17xx.o(.text)
    HardFault_Handler                        0x000002d3   Thumb Code     2  startup_lpc17xx.o(.text)
    MemManage_Handler                        0x000002d5   Thumb Code     2  startup_lpc17xx.o(.text)
    BusFault_Handler                         0x000002d7   Thumb Code     2  startup_lpc17xx.o(.text)
    UsageFault_Handler                       0x000002d9   Thumb Code     2  startup_lpc17xx.o(.text)
    DebugMon_Handler                         0x000002dd   Thumb Code     2  startup_lpc17xx.o(.text)
    BOD_IRQHandler                           0x000002e3   Thumb Code     0  startup_lpc17xx.o(.text)
    CANActivity_IRQHandler                   0x000002e3   Thumb Code     0  startup_lpc17xx.o(.text)
    CAN_IRQHandler                           0x000002e3   Thumb Code     0  startup_lpc17xx.o(.text)
    DMA_IRQHandler                           0x000002e3   Thumb Code     0  startup_lpc17xx.o(.text)
    EINT0_IRQHandler                         0x000002e3   Thumb Code     0  startup_lpc17xx.o(.text)
    EINT1_IRQHandler                         0x000002e3   Thumb Code     0  startup_lpc17xx.o(.text)
    EINT2_IRQHandler                         0x000002e3   Thumb Code     0  startup_lpc17xx.o(.text)
    ENET_IRQHandler                          0x000002e3   Thumb Code     0  startup_lpc17xx.o(.text)
    I2C0_IRQHandler                          0x000002e3   Thumb Code     0  startup_lpc17xx.o(.text)
    I2C1_IRQHandler                          0x000002e3   Thumb Code     0  startup_lpc17xx.o(.text)
    I2C2_IRQHandler                          0x000002e3   Thumb Code     0  startup_lpc17xx.o(.text)
    I2S_IRQHandler                           0x000002e3   Thumb Code     0  startup_lpc17xx.o(.text)
    MCPWM_IRQHandler                         0x000002e3   Thumb Code     0  startup_lpc17xx.o(.text)
    PLL0_IRQHandler                          0x000002e3   Thumb Code     0  startup_lpc17xx.o(.text)
    PLL1_IRQHandler                          0x000002e3   Thumb Code     0  startup_lpc17xx.o(.text)
    PWM1_IRQHandler                          0x000002e3   Thumb Code     0  startup_lpc17xx.o(.text)
    QEI_IRQHandler                           0x000002e3   Thumb Code     0  startup_lpc17xx.o(.text)
    RIT_IRQHandler                           0x000002e3   Thumb Code     0  startup_lpc17xx.o(.text)
    RTC_IRQHandler                           0x000002e3   Thumb Code     0  startup_lpc17xx.o(.text)
    SPI_IRQHandler                           0x000002e3   Thumb Code     0  startup_lpc17xx.o(.text)
    SSP0_IRQHandler                          0x000002e3   Thumb Code     0  startup_lpc17xx.o(.text)
    SSP1_IRQHandler                          0x000002e3   Thumb Code     0  startup_lpc17xx.o(.text)
    TIMER0_IRQHandler                        0x000002e3   Thumb Code     0  startup_lpc17xx.o(.text)
    TIMER1_IRQHandler                        0x000002e3   Thumb Code     0  startup_lpc17xx.o(.text)
    TIMER2_IRQHandler                        0x000002e3   Thumb Code     0  startup_lpc17xx.o(.text)
    TIMER3_IRQHandler                        0x000002e3   Thumb Code     0  startup_lpc17xx.o(.text)
    UART2_IRQHandler                         0x000002e3   Thumb Code     0  startup_lpc17xx.o(.text)
    UART3_IRQHandler                         0x000002e3   Thumb Code     0  startup_lpc17xx.o(.text)
    USBActivity_IRQHandler                   0x000002e3   Thumb Code     0  startup_lpc17xx.o(.text)
    USB_IRQHandler                           0x000002e3   Thumb Code     0  startup_lpc17xx.o(.text)
    WDT_IRQHandler                           0x000002e3   Thumb Code     0  startup_lpc17xx.o(.text)
    EvrRtxEventFlagsClear                    0x000002ed   Thumb Code     2  rtx_evr.o(i.EvrRtxEventFlagsClear)
    __I$use$fp                               0x000002ed   Thumb Code     0  iusefp.o(.text)
    EvrRtxEventFlagsClearDone                0x000002ef   Thumb Code     2  rtx_evr.o(i.EvrRtxEventFlagsClearDone)
    EvrRtxEventFlagsCreated                  0x000002f1   Thumb Code     2  rtx_evr.o(i.EvrRtxEventFlagsCreated)
    EvrRtxEventFlagsError                    0x000002f3   Thumb Code     2  rtx_evr.o(i.EvrRtxEventFlagsError)
    EvrRtxEventFlagsGet                      0x000002f5   Thumb Code     2  rtx_evr.o(i.EvrRtxEventFlagsGet)
    EvrRtxEventFlagsNew                      0x000002f7   Thumb Code     2  rtx_evr.o(i.EvrRtxEventFlagsNew)
    EvrRtxEventFlagsSet                      0x000002f9   Thumb Code     2  rtx_evr.o(i.EvrRtxEventFlagsSet)
    EvrRtxEventFlagsSetDone                  0x000002fb   Thumb Code     2  rtx_evr.o(i.EvrRtxEventFlagsSetDone)
    __asm___13_rtx_mempool_c_7914b4c7__atomic_wr8 0x00000301   Thumb Code    16  rtx_mempool.o(.emb_text)
    __asm___13_rtx_mempool_c_7914b4c7__atomic_set32 0x00000311   Thumb Code    20  rtx_mempool.o(.emb_text)
    __asm___13_rtx_mempool_c_7914b4c7__atomic_clr32 0x00000325   Thumb Code    22  rtx_mempool.o(.emb_text)
    __asm___13_rtx_mempool_c_7914b4c7__atomic_chk32_all 0x0000033b   Thumb Code    38  rtx_mempool.o(.emb_text)
    __asm___13_rtx_mempool_c_7914b4c7__atomic_chk32_any 0x00000361   Thumb Code    34  rtx_mempool.o(.emb_text)
    __asm___13_rtx_mempool_c_7914b4c7__atomic_inc32 0x00000383   Thumb Code    18  rtx_mempool.o(.emb_text)
    __asm___13_rtx_mempool_c_7914b4c7__atomic_inc32_lt 0x00000395   Thumb Code    30  rtx_mempool.o(.emb_text)
    __asm___13_rtx_mempool_c_7914b4c7__atomic_inc16_lt 0x000003b3   Thumb Code    30  rtx_mempool.o(.emb_text)
    __asm___13_rtx_mempool_c_7914b4c7__atomic_inc16_lim 0x000003d1   Thumb Code    26  rtx_mempool.o(.emb_text)
    __asm___13_rtx_mempool_c_7914b4c7__atomic_dec32_nz 0x000003eb   Thumb Code    26  rtx_mempool.o(.emb_text)
    __asm___13_rtx_mempool_c_7914b4c7__atomic_dec16_nz 0x00000405   Thumb Code    26  rtx_mempool.o(.emb_text)
    __asm___13_rtx_mempool_c_7914b4c7__atomic_link_get 0x0000041f   Thumb Code    26  rtx_mempool.o(.emb_text)
    __asm___13_rtx_mempool_c_7914b4c7__atomic_link_put 0x00000439   Thumb Code    28  rtx_mempool.o(.emb_text)
    __asm___14_rtx_msgqueue_c_ba128ae8__atomic_wr8 0x00000455   Thumb Code    16  rtx_msgqueue.o(.emb_text)
    __asm___14_rtx_msgqueue_c_ba128ae8__atomic_set32 0x00000465   Thumb Code    20  rtx_msgqueue.o(.emb_text)
    __asm___14_rtx_msgqueue_c_ba128ae8__atomic_clr32 0x00000479   Thumb Code    22  rtx_msgqueue.o(.emb_text)
    __asm___14_rtx_msgqueue_c_ba128ae8__atomic_chk32_all 0x0000048f   Thumb Code    38  rtx_msgqueue.o(.emb_text)
    __asm___14_rtx_msgqueue_c_ba128ae8__atomic_chk32_any 0x000004b5   Thumb Code    34  rtx_msgqueue.o(.emb_text)
    __asm___14_rtx_msgqueue_c_ba128ae8__atomic_inc32 0x000004d7   Thumb Code    18  rtx_msgqueue.o(.emb_text)
    __asm___14_rtx_msgqueue_c_ba128ae8__atomic_inc32_lt 0x000004e9   Thumb Code    30  rtx_msgqueue.o(.emb_text)
    __asm___14_rtx_msgqueue_c_ba128ae8__atomic_inc16_lt 0x00000507   Thumb Code    30  rtx_msgqueue.o(.emb_text)
    __asm___14_rtx_msgqueue_c_ba128ae8__atomic_inc16_lim 0x00000525   Thumb Code    26  rtx_msgqueue.o(.emb_text)
    __asm___14_rtx_msgqueue_c_ba128ae8__atomic_dec32_nz 0x0000053f   Thumb Code    26  rtx_msgqueue.o(.emb_text)
    __asm___14_rtx_msgqueue_c_ba128ae8__atomic_dec16_nz 0x00000559   Thumb Code    26  rtx_msgqueue.o(.emb_text)
    __asm___14_rtx_msgqueue_c_ba128ae8__atomic_link_get 0x00000573   Thumb Code    26  rtx_msgqueue.o(.emb_text)
    __asm___14_rtx_msgqueue_c_ba128ae8__atomic_link_put 0x0000058d   Thumb Code    28  rtx_msgqueue.o(.emb_text)
    __asm___12_rtx_system_c_024f2f18__atomic_wr8 0x000005a9   Thumb Code    16  rtx_system.o(.emb_text)
    __asm___12_rtx_system_c_024f2f18__atomic_set32 0x000005b9   Thumb Code    20  rtx_system.o(.emb_text)
    __asm___12_rtx_system_c_024f2f18__atomic_clr32 0x000005cd   Thumb Code    22  rtx_system.o(.emb_text)
    __asm___12_rtx_system_c_024f2f18__atomic_chk32_all 0x000005e3   Thumb Code    38  rtx_system.o(.emb_text)
    __asm___12_rtx_system_c_024f2f18__atomic_chk32_any 0x00000609   Thumb Code    34  rtx_system.o(.emb_text)
    __asm___12_rtx_system_c_024f2f18__atomic_inc32 0x0000062b   Thumb Code    18  rtx_system.o(.emb_text)
    __asm___12_rtx_system_c_024f2f18__atomic_inc32_lt 0x0000063d   Thumb Code    30  rtx_system.o(.emb_text)
    __asm___12_rtx_system_c_024f2f18__atomic_inc16_lt 0x0000065b   Thumb Code    30  rtx_system.o(.emb_text)
    __asm___12_rtx_system_c_024f2f18__atomic_inc16_lim 0x00000679   Thumb Code    26  rtx_system.o(.emb_text)
    __asm___12_rtx_system_c_024f2f18__atomic_dec32_nz 0x00000693   Thumb Code    26  rtx_system.o(.emb_text)
    __asm___12_rtx_system_c_024f2f18__atomic_dec16_nz 0x000006ad   Thumb Code    26  rtx_system.o(.emb_text)
    __asm___12_rtx_system_c_024f2f18__atomic_link_get 0x000006c7   Thumb Code    26  rtx_system.o(.emb_text)
    __asm___12_rtx_system_c_024f2f18__atomic_link_put 0x000006e1   Thumb Code    28  rtx_system.o(.emb_text)
    __asm___12_rtx_thread_c_add96be5__atomic_wr8 0x000006fd   Thumb Code    16  rtx_thread.o(.emb_text)
    __asm___12_rtx_thread_c_add96be5__atomic_set32 0x0000070d   Thumb Code    20  rtx_thread.o(.emb_text)
    __asm___12_rtx_thread_c_add96be5__atomic_clr32 0x00000721   Thumb Code    22  rtx_thread.o(.emb_text)
    __asm___12_rtx_thread_c_add96be5__atomic_chk32_all 0x00000737   Thumb Code    38  rtx_thread.o(.emb_text)
    __asm___12_rtx_thread_c_add96be5__atomic_chk32_any 0x0000075d   Thumb Code    34  rtx_thread.o(.emb_text)
    __asm___12_rtx_thread_c_add96be5__atomic_inc32 0x0000077f   Thumb Code    18  rtx_thread.o(.emb_text)
    __asm___12_rtx_thread_c_add96be5__atomic_inc32_lt 0x00000791   Thumb Code    30  rtx_thread.o(.emb_text)
    __asm___12_rtx_thread_c_add96be5__atomic_inc16_lt 0x000007af   Thumb Code    30  rtx_thread.o(.emb_text)
    __asm___12_rtx_thread_c_add96be5__atomic_inc16_lim 0x000007cd   Thumb Code    26  rtx_thread.o(.emb_text)
    __asm___12_rtx_thread_c_add96be5__atomic_dec32_nz 0x000007e7   Thumb Code    26  rtx_thread.o(.emb_text)
    __asm___12_rtx_thread_c_add96be5__atomic_dec16_nz 0x00000801   Thumb Code    26  rtx_thread.o(.emb_text)
    __asm___12_rtx_thread_c_add96be5__atomic_link_get 0x0000081b   Thumb Code    26  rtx_thread.o(.emb_text)
    __asm___12_rtx_thread_c_add96be5__atomic_link_put 0x00000835   Thumb Code    28  rtx_thread.o(.emb_text)
    __aeabi_memcpy                           0x00000851   Thumb Code    36  memcpya.o(.text)
    __aeabi_memcpy4                          0x00000851   Thumb Code     0  memcpya.o(.text)
    __aeabi_memcpy8                          0x00000851   Thumb Code     0  memcpya.o(.text)
    __aeabi_memset                           0x00000875   Thumb Code    14  memseta.o(.text)
    __aeabi_memset4                          0x00000875   Thumb Code     0  memseta.o(.text)
    __aeabi_memset8                          0x00000875   Thumb Code     0  memseta.o(.text)
    __aeabi_memclr                           0x00000883   Thumb Code     4  memseta.o(.text)
    __aeabi_memclr4                          0x00000883   Thumb Code     0  memseta.o(.text)
    __aeabi_memclr8                          0x00000883   Thumb Code     0  memseta.o(.text)
    _memset$wrapper                          0x00000887   Thumb Code    18  memseta.o(.text)
    __aeabi_ddiv                             0x00000899   Thumb Code   222  ddiv.o(.text)
    __aeabi_i2d                              0x00000977   Thumb Code    34  dflti.o(.text)
    __aeabi_d2iz                             0x00000999   Thumb Code    62  dfixi.o(.text)
    __aeabi_uidiv                            0x000009d7   Thumb Code     0  uidiv.o(.text)
    __aeabi_uidivmod                         0x000009d7   Thumb Code    44  uidiv.o(.text)
    __aeabi_llsl                             0x00000a03   Thumb Code    30  llshl.o(.text)
    _ll_shift_l                              0x00000a03   Thumb Code     0  llshl.o(.text)
    __aeabi_llsr                             0x00000a21   Thumb Code    32  llushr.o(.text)
    _ll_ushift_r                             0x00000a21   Thumb Code     0  llushr.o(.text)
    _double_round                            0x00000a41   Thumb Code    30  depilogue.o(.text)
    _double_epilogue                         0x00000a5f   Thumb Code   156  depilogue.o(.text)
    __scatterload                            0x00000afd   Thumb Code    28  init.o(.text)
    __scatterload_rt2                        0x00000afd   Thumb Code     0  init.o(.text)
    __decompress                             0x00000b21   Thumb Code     0  __dczerorl2.o(.text)
    __decompress1                            0x00000b21   Thumb Code    86  __dczerorl2.o(.text)
    ADC_IRQHandler                           0x00000b79   Thumb Code    18  main.o(i.ADC_IRQHandler)
    EINT3_IRQHandler                         0x00000b95   Thumb Code    42  main.o(i.EINT3_IRQHandler)
    EvrRtxEventFlagsWaitCompleted            0x00000c4f   Thumb Code     2  rtx_evr.o(i.EvrRtxEventFlagsWaitCompleted)
    EvrRtxEventFlagsWaitTimeout              0x00000c51   Thumb Code     2  rtx_evr.o(i.EvrRtxEventFlagsWaitTimeout)
    EvrRtxKernelError                        0x00000c53   Thumb Code     2  rtx_evr.o(i.EvrRtxKernelError)
    EvrRtxKernelGetTickFreq                  0x00000c55   Thumb Code     2  rtx_evr.o(i.EvrRtxKernelGetTickFreq)
    EvrRtxKernelInitialize                   0x00000c57   Thumb Code     2  rtx_evr.o(i.EvrRtxKernelInitialize)
    EvrRtxKernelInitializeCompleted          0x00000c59   Thumb Code     2  rtx_evr.o(i.EvrRtxKernelInitializeCompleted)
    EvrRtxKernelStart                        0x00000c5b   Thumb Code     2  rtx_evr.o(i.EvrRtxKernelStart)
    EvrRtxKernelStarted                      0x00000c5d   Thumb Code     2  rtx_evr.o(i.EvrRtxKernelStarted)
    EvrRtxMemoryAlloc                        0x00000c5f   Thumb Code     2  rtx_evr.o(i.EvrRtxMemoryAlloc)
    EvrRtxMemoryBlockAlloc                   0x00000c61   Thumb Code     2  rtx_evr.o(i.EvrRtxMemoryBlockAlloc)
    EvrRtxMemoryBlockFree                    0x00000c63   Thumb Code     2  rtx_evr.o(i.EvrRtxMemoryBlockFree)
    EvrRtxMemoryBlockInit                    0x00000c65   Thumb Code     2  rtx_evr.o(i.EvrRtxMemoryBlockInit)
    EvrRtxMemoryFree                         0x00000c67   Thumb Code     2  rtx_evr.o(i.EvrRtxMemoryFree)
    EvrRtxMemoryInit                         0x00000c69   Thumb Code     2  rtx_evr.o(i.EvrRtxMemoryInit)
    EvrRtxMemoryPoolAllocTimeout             0x00000c6b   Thumb Code     2  rtx_evr.o(i.EvrRtxMemoryPoolAllocTimeout)
    EvrRtxMessageQueueCreated                0x00000c6d   Thumb Code     2  rtx_evr.o(i.EvrRtxMessageQueueCreated)
    EvrRtxMessageQueueError                  0x00000c6f   Thumb Code     2  rtx_evr.o(i.EvrRtxMessageQueueError)
    EvrRtxMessageQueueGet                    0x00000c71   Thumb Code     2  rtx_evr.o(i.EvrRtxMessageQueueGet)
    EvrRtxMessageQueueGetPending             0x00000c73   Thumb Code     2  rtx_evr.o(i.EvrRtxMessageQueueGetPending)
    EvrRtxMessageQueueGetTimeout             0x00000c75   Thumb Code     2  rtx_evr.o(i.EvrRtxMessageQueueGetTimeout)
    EvrRtxMessageQueueInsertPending          0x00000c77   Thumb Code     2  rtx_evr.o(i.EvrRtxMessageQueueInsertPending)
    EvrRtxMessageQueueInserted               0x00000c79   Thumb Code     2  rtx_evr.o(i.EvrRtxMessageQueueInserted)
    EvrRtxMessageQueueNew                    0x00000c7b   Thumb Code     2  rtx_evr.o(i.EvrRtxMessageQueueNew)
    EvrRtxMessageQueueNotInserted            0x00000c7d   Thumb Code     2  rtx_evr.o(i.EvrRtxMessageQueueNotInserted)
    EvrRtxMessageQueueNotRetrieved           0x00000c7f   Thumb Code     2  rtx_evr.o(i.EvrRtxMessageQueueNotRetrieved)
    EvrRtxMessageQueuePut                    0x00000c81   Thumb Code     2  rtx_evr.o(i.EvrRtxMessageQueuePut)
    EvrRtxMessageQueuePutPending             0x00000c83   Thumb Code     2  rtx_evr.o(i.EvrRtxMessageQueuePutPending)
    EvrRtxMessageQueuePutTimeout             0x00000c85   Thumb Code     2  rtx_evr.o(i.EvrRtxMessageQueuePutTimeout)
    EvrRtxMessageQueueRetrieved              0x00000c87   Thumb Code     2  rtx_evr.o(i.EvrRtxMessageQueueRetrieved)
    EvrRtxMutexAcquire                       0x00000c89   Thumb Code     2  rtx_evr.o(i.EvrRtxMutexAcquire)
    EvrRtxMutexAcquirePending                0x00000c8b   Thumb Code     2  rtx_evr.o(i.EvrRtxMutexAcquirePending)
    EvrRtxMutexAcquireTimeout                0x00000c8d   Thumb Code     2  rtx_evr.o(i.EvrRtxMutexAcquireTimeout)
    EvrRtxMutexAcquired                      0x00000c8f   Thumb Code     2  rtx_evr.o(i.EvrRtxMutexAcquired)
    EvrRtxMutexCreated                       0x00000c91   Thumb Code     2  rtx_evr.o(i.EvrRtxMutexCreated)
    EvrRtxMutexError                         0x00000c93   Thumb Code     2  rtx_evr.o(i.EvrRtxMutexError)
    EvrRtxMutexNew                           0x00000c95   Thumb Code     2  rtx_evr.o(i.EvrRtxMutexNew)
    EvrRtxMutexNotAcquired                   0x00000c97   Thumb Code     2  rtx_evr.o(i.EvrRtxMutexNotAcquired)
    EvrRtxMutexRelease                       0x00000c99   Thumb Code     2  rtx_evr.o(i.EvrRtxMutexRelease)
    EvrRtxMutexReleased                      0x00000c9b   Thumb Code     2  rtx_evr.o(i.EvrRtxMutexReleased)
    EvrRtxSemaphoreAcquireTimeout            0x00000c9d   Thumb Code     2  rtx_evr.o(i.EvrRtxSemaphoreAcquireTimeout)
    EvrRtxThreadBlocked                      0x00000c9f   Thumb Code     2  rtx_evr.o(i.EvrRtxThreadBlocked)
    EvrRtxThreadCreated                      0x00000ca1   Thumb Code     2  rtx_evr.o(i.EvrRtxThreadCreated)
    EvrRtxThreadDelay                        0x00000ca3   Thumb Code     2  rtx_evr.o(i.EvrRtxThreadDelay)
    EvrRtxThreadDelayCompleted               0x00000ca5   Thumb Code     2  rtx_evr.o(i.EvrRtxThreadDelayCompleted)
    EvrRtxThreadDestroyed                    0x00000ca7   Thumb Code     2  rtx_evr.o(i.EvrRtxThreadDestroyed)
    EvrRtxThreadError                        0x00000ca9   Thumb Code     2  rtx_evr.o(i.EvrRtxThreadError)
    EvrRtxThreadExit                         0x00000cab   Thumb Code     2  rtx_evr.o(i.EvrRtxThreadExit)
    EvrRtxThreadFlagsWaitCompleted           0x00000cad   Thumb Code     2  rtx_evr.o(i.EvrRtxThreadFlagsWaitCompleted)
    EvrRtxThreadFlagsWaitTimeout             0x00000caf   Thumb Code     2  rtx_evr.o(i.EvrRtxThreadFlagsWaitTimeout)
    EvrRtxThreadJoined                       0x00000cb1   Thumb Code     2  rtx_evr.o(i.EvrRtxThreadJoined)
    EvrRtxThreadNew                          0x00000cb3   Thumb Code     2  rtx_evr.o(i.EvrRtxThreadNew)
    EvrRtxThreadPreempted                    0x00000cb5   Thumb Code     2  rtx_evr.o(i.EvrRtxThreadPreempted)
    EvrRtxThreadSwitched                     0x00000cb7   Thumb Code     2  rtx_evr.o(i.EvrRtxThreadSwitched)
    EvrRtxThreadUnblocked                    0x00000cb9   Thumb Code     2  rtx_evr.o(i.EvrRtxThreadUnblocked)
    EvrRtxTimerCallback                      0x00000cbb   Thumb Code     2  rtx_evr.o(i.EvrRtxTimerCallback)
    GLCD_Bitmap                              0x00000cbd   Thumb Code    82  glcd_spi_lpc1700.o(i.GLCD_Bitmap)
    GLCD_Clear                               0x00000d0f   Thumb Code    42  glcd_spi_lpc1700.o(i.GLCD_Clear)
    GLCD_DisplayChar                         0x00000d39   Thumb Code    84  glcd_spi_lpc1700.o(i.GLCD_DisplayChar)
    GLCD_DisplayString                       0x00000d95   Thumb Code    40  glcd_spi_lpc1700.o(i.GLCD_DisplayString)
    GLCD_DrawChar                            0x00000dbd   Thumb Code   150  glcd_spi_lpc1700.o(i.GLCD_DrawChar)
    GLCD_Init                                0x00000e59   Thumb Code  1506  glcd_spi_lpc1700.o(i.GLCD_Init)
    GLCD_SetBackColor                        0x00001441   Thumb Code     6  glcd_spi_lpc1700.o(i.GLCD_SetBackColor)
    GLCD_SetTextColor                        0x0000144d   Thumb Code     6  glcd_spi_lpc1700.o(i.GLCD_SetTextColor)
    GLCD_SetWindow                           0x00001459   Thumb Code   168  glcd_spi_lpc1700.o(i.GLCD_SetWindow)
    GLCD_WindowMax                           0x00001505   Thumb Code    18  glcd_spi_lpc1700.o(i.GLCD_WindowMax)
    LCD_updater                              0x00001609   Thumb Code   378  main.o(i.LCD_updater)
    OS_Tick_AcknowledgeIRQ                   0x0000184d   Thumb Code     8  os_systick.o(i.OS_Tick_AcknowledgeIRQ)
    OS_Tick_Enable                           0x00001855   Thumb Code    38  os_systick.o(i.OS_Tick_Enable)
    OS_Tick_GetIRQn                          0x00001885   Thumb Code     6  os_systick.o(i.OS_Tick_GetIRQn)
    OS_Tick_Setup                            0x0000188d   Thumb Code    66  os_systick.o(i.OS_Tick_Setup)
    SystemInit                               0x000018dd   Thumb Code   302  system_lpc17xx.o(i.SystemInit)
    UART0_IRQHandler                         0x00001acd   Thumb Code    88  uart.o(i.UART0_IRQHandler)
    UART1_IRQHandler                         0x00001b35   Thumb Code    90  uart.o(i.UART1_IRQHandler)
    __0sprintf$1                             0x00001ba5   Thumb Code    34  printf1.o(i.__0sprintf$1)
    __1sprintf$1                             0x00001ba5   Thumb Code     0  printf1.o(i.__0sprintf$1)
    __2sprintf                               0x00001ba5   Thumb Code     0  printf1.o(i.__0sprintf$1)
    __scatterload_copy                       0x00001be7   Thumb Code    14  handlers.o(i.__scatterload_copy)
    __scatterload_null                       0x00001bf5   Thumb Code     2  handlers.o(i.__scatterload_null)
    __scatterload_zeroinit                   0x00001bf7   Thumb Code    14  handlers.o(i.__scatterload_zeroinit)
    add_object                               0x00001d63   Thumb Code    54  game_object.o(i.add_object)
    bullet_spawner                           0x00001d99   Thumb Code    82  main.o(i.bullet_spawner)
    clear                                    0x00001df9   Thumb Code    30  game_object.o(i.clear)
    collide                                  0x00001e1d   Thumb Code    98  game_object.o(i.collide)
    create_bullet                            0x00001e81   Thumb Code    42  game_object.o(i.create_bullet)
    create_game_object_list                  0x00001eb1   Thumb Code    22  game_object.o(i.create_game_object_list)
    create_goose                             0x00001ec9   Thumb Code    46  game_object.o(i.create_goose)
    create_player                            0x00001efd   Thumb Code    38  game_object.o(i.create_player)
    draw                                     0x00001f37   Thumb Code    18  game_object.o(i.draw)
    draw_list                                0x00001f49   Thumb Code    30  game_object.o(i.draw_list)
    empty_list                               0x00001f67   Thumb Code    26  game_object.o(i.empty_list)
    free                                     0x00001f81   Thumb Code    76  malloc.o(i.free)
    game_end                                 0x00001fd1   Thumb Code   136  main.o(i.game_end)
    goose_spawner                            0x000020bd   Thumb Code   118  main.o(i.goose_spawner)
    init_game                                0x0000213d   Thumb Code    70  main.o(i.init_game)
    init_peripherals                         0x0000219d   Thumb Code    52  main.o(i.init_peripherals)
    input_reader                             0x000021d5   Thumb Code   208  main.o(i.input_reader)
    lfsr113                                  0x000024cd   Thumb Code   128  lfsr113.o(i.lfsr113)
    main                                     0x0000255d   Thumb Code   120  main.o(i.main)
    malloc                                   0x000025f5   Thumb Code    92  malloc.o(i.malloc)
    num_to_led                               0x00002661   Thumb Code   104  main.o(i.num_to_led)
    osDelay                                  0x000026cd   Thumb Code    56  rtx_delay.o(i.osDelay)
    osEventFlagsClear                        0x00002709   Thumb Code    58  rtx_evflags.o(i.osEventFlagsClear)
    osEventFlagsGet                          0x00002749   Thumb Code    44  rtx_evflags.o(i.osEventFlagsGet)
    osEventFlagsNew                          0x00002779   Thumb Code    54  rtx_evflags.o(i.osEventFlagsNew)
    osEventFlagsSet                          0x000027b5   Thumb Code    58  rtx_evflags.o(i.osEventFlagsSet)
    osKernelGetTickFreq                      0x000027f5   Thumb Code    38  rtx_kernel.o(i.osKernelGetTickFreq)
    osKernelInitialize                       0x00002821   Thumb Code    48  rtx_kernel.o(i.osKernelInitialize)
    osKernelStart                            0x00002855   Thumb Code    48  rtx_kernel.o(i.osKernelStart)
    osMessageQueueGet                        0x00002889   Thumb Code    78  rtx_msgqueue.o(i.osMessageQueueGet)
    osMessageQueueNew                        0x000028dd   Thumb Code    70  rtx_msgqueue.o(i.osMessageQueueNew)
    osMessageQueuePut                        0x00002929   Thumb Code    78  rtx_msgqueue.o(i.osMessageQueuePut)
    osMutexAcquire                           0x0000297d   Thumb Code    62  rtx_mutex.o(i.osMutexAcquire)
    osMutexNew                               0x000029c1   Thumb Code    54  rtx_mutex.o(i.osMutexNew)
    osMutexRelease                           0x000029fd   Thumb Code    56  rtx_mutex.o(i.osMutexRelease)
    osRtxErrorNotify                         0x00002a39   Thumb Code    32  rtx_config.o(i.osRtxErrorNotify)
    osRtxIdleThread                          0x00002aa5   Thumb Code     4  rtx_config.o(i.osRtxIdleThread)
    osRtxMemoryAlloc                         0x00002ab5   Thumb Code   238  rtx_memory.o(i.osRtxMemoryAlloc)
    osRtxMemoryFree                          0x00002ba3   Thumb Code   124  rtx_memory.o(i.osRtxMemoryFree)
    osRtxMemoryInit                          0x00002c1f   Thumb Code   106  rtx_memory.o(i.osRtxMemoryInit)
    osRtxMemoryPoolAlloc                     0x00002c89   Thumb Code    58  rtx_mempool.o(i.osRtxMemoryPoolAlloc)
    osRtxMemoryPoolFree                      0x00002cc3   Thumb Code    78  rtx_mempool.o(i.osRtxMemoryPoolFree)
    osRtxMemoryPoolInit                      0x00002d11   Thumb Code    88  rtx_mempool.o(i.osRtxMemoryPoolInit)
    osRtxMutexOwnerRelease                   0x00002e91   Thumb Code    94  rtx_mutex.o(i.osRtxMutexOwnerRelease)
    osRtxPendSV_Handler                      0x00002ef1   Thumb Code   126  rtx_system.o(i.osRtxPendSV_Handler)
    osRtxPostProcess                         0x00002f75   Thumb Code    50  rtx_system.o(i.osRtxPostProcess)
    osRtxThreadDelayTick                     0x000030cd   Thumb Code   216  rtx_thread.o(i.osRtxThreadDelayTick)
    osRtxThreadDispatch                      0x000031a9   Thumb Code   106  rtx_thread.o(i.osRtxThreadDispatch)
    osRtxThreadListGet                       0x00003285   Thumb Code    28  rtx_thread.o(i.osRtxThreadListGet)
    osRtxThreadListPut                       0x000032a1   Thumb Code    50  rtx_thread.o(i.osRtxThreadListPut)
    osRtxThreadListRemove                    0x000032d3   Thumb Code    26  rtx_thread.o(i.osRtxThreadListRemove)
    osRtxThreadListSort                      0x000032ff   Thumb Code    42  rtx_thread.o(i.osRtxThreadListSort)
    osRtxThreadReadyPut                      0x00003369   Thumb Code    18  rtx_thread.o(i.osRtxThreadReadyPut)
    osRtxThreadRegPtr                        0x00003381   Thumb Code    14  rtx_thread.o(i.osRtxThreadRegPtr)
    osRtxThreadStackCheck                    0x0000339d   Thumb Code    38  rtx_thread.o(i.osRtxThreadStackCheck)
    osRtxThreadStartup                       0x000033c9   Thumb Code    78  rtx_thread.o(i.osRtxThreadStartup)
    osRtxThreadSwitch                        0x00003429   Thumb Code    24  rtx_thread.o(i.osRtxThreadSwitch)
    osRtxThreadWaitEnter                     0x00003445   Thumb Code    78  rtx_thread.o(i.osRtxThreadWaitEnter)
    osRtxThreadWaitExit                      0x00003499   Thumb Code    54  rtx_thread.o(i.osRtxThreadWaitExit)
    osRtxTick_Handler                        0x000034d1   Thumb Code   154  rtx_system.o(i.osRtxTick_Handler)
    osRtxTimerThread                         0x00003571   Thumb Code    76  rtx_timer.o(i.osRtxTimerThread)
    osThreadExit                             0x00003625   Thumb Code    28  rtx_thread.o(i.osThreadExit)
    osThreadNew                              0x00003645   Thumb Code    70  rtx_thread.o(i.osThreadNew)
    random_range                             0x00003691   Thumb Code    24  main.o(i.random_range)
    remove_object                            0x0000377d   Thumb Code   156  game_object.o(i.remove_object)
    state_monitor                            0x000038b9   Thumb Code   110  main.o(i.state_monitor)
    welcome                                  0x000048bd   Thumb Code    52  main.o(i.welcome)
    Font_6x8_h                               0x000049f8   Data         896  glcd_spi_lpc1700.o(.constdata)
    Font_16x24_h                             0x00004d78   Data        5376  glcd_spi_lpc1700.o(.constdata)
    osRtxUserSVC                             0x000062d8   Data           4  rtx_lib.o(.constdata)
    osRtxConfig                              0x000062e8   Data         104  rtx_lib.o(.rodata)
    Region$$Table$$Base                      0x00006350   Number         0  anon$$obj.o(Region$$Table)
    Region$$Table$$Limit                     0x00006370   Number         0  anon$$obj.o(Region$$Table)
    .bss.os.msgqueue.cb$$Base                0x10001040   Number         0  rtx_lib.o(.bss.os.msgqueue.cb)
    .bss.os.msgqueue.cb$$Limit               0x10001074   Number         0  rtx_lib.o(.bss.os.msgqueue.cb)
    .bss.os.thread.cb$$Base                  0x100010c4   Number         0  rtx_lib.o(.bss.os.thread.cb)
    .bss.os.thread.cb$$Limit                 0x1000114c   Number         0  rtx_lib.o(.bss.os.thread.cb)
    ITM_RxBuffer                             0x10001358   Data           4  uart.o(.data)
    UART0Status                              0x1000135c   Data           4  uart.o(.data)
    UART1Status                              0x10001360   Data           4  uart.o(.data)
    UART0TxEmpty                             0x10001364   Data           1  uart.o(.data)
    UART1TxEmpty                             0x10001365   Data           1  uart.o(.data)
    UART0Count                               0x10001368   Data           4  uart.o(.data)
    UART1Count                               0x1000136c   Data           4  uart.o(.data)
    RcvLock0                                 0x10001370   Data           1  uart.o(.data)
    SndLock0                                 0x10001371   Data           1  uart.o(.data)
    RcvLock1                                 0x10001372   Data           1  uart.o(.data)
    SndLock1                                 0x10001373   Data           1  uart.o(.data)
    i                                        0x10001374   Data           4  uart.o(.data)
    geese_list                               0x10001378   Data           4  main.o(.data)
    bullet_list                              0x1000137c   Data           4  main.o(.data)
    player                                   0x10001380   Data           4  main.o(.data)
    lives_remaining                          0x10001384   Data           4  main.o(.data)
    highest_score                            0x10001388   Data           4  main.o(.data)
    current_score                            0x1000138c   Data           4  main.o(.data)
    game_states                              0x10001390   Data           4  main.o(.data)
    game_start                               0x10001394   Data           4  main.o(.data)
    lcd_mutex                                0x10001398   Data           4  main.o(.data)
    ADC_val                                  0x1000139c   Data           4  main.o(.data)
    button_press_ready                       0x100013a0   Data           4  main.o(.data)
    player_map                               0x100013a4   Data         128  game_object.o(.data)
    bullet_map                               0x10001424   Data          64  game_object.o(.data)
    goose_map                                0x10001464   Data         800  game_object.o(.data)
    clear_map                                0x10001784   Data         800  game_object.o(.data)
    SystemCoreClock                          0x10001ab8   Data           4  system_lpc17xx.o(.data)
    __microlib_freelist                      0x10001abc   Data           4  mvars.o(.data)
    __microlib_freelist_initialised          0x10001ac0   Data           4  mvars.o(.data)
    osRtxInfo                                0x10001ac4   Data         164  rtx_kernel.o(.data.os)
    UART0Buffer                              0x10001b68   Data          64  uart.o(.bss)
    UART1Buffer                              0x10001ba8   Data          64  uart.o(.bss)
    __heap_base                              0x10001be8   Data           0  startup_lpc17xx.o(HEAP)
    __heap_limit                             0x10003be8   Data           0  startup_lpc17xx.o(HEAP)
    __initial_sp                             0x10005be8   Data           0  startup_lpc17xx.o(STACK)



==============================================================================

Memory Map of the image

  Image Entry point : 0x000002c9

  Load Region LR_1 (Base: 0x00000000, Size: 0x00007ed8, Max: 0xffffffff, ABSOLUTE, COMPRESSED[0x00006414])

    Execution Region ER_RO (Exec base: 0x00000000, Load base: 0x00000000, Size: 0x00006370, Max: 0xffffffff, ABSOLUTE)

    Exec Addr    Load Addr    Size         Type   Attr      Idx    E Section Name        Object

    0x00000000   0x00000000   0x000000cc   Data   RO         3464    RESET               startup_lpc17xx.o
    0x000000cc   0x000000cc   0x00000000   Code   RO         3508  * .ARM.Collect$$$$00000000  mc_w.l(entry.o)
    0x000000cc   0x000000cc   0x00000004   Code   RO         3814    .ARM.Collect$$$$00000001  mc_w.l(entry2.o)
    0x000000d0   0x000000d0   0x00000004   Code   RO         3817    .ARM.Collect$$$$00000004  mc_w.l(entry5.o)
    0x000000d4   0x000000d4   0x00000000   Code   RO         3819    .ARM.Collect$$$$00000008  mc_w.l(entry7b.o)
    0x000000d4   0x000000d4   0x00000000   Code   RO         3821    .ARM.Collect$$$$0000000A  mc_w.l(entry8b.o)
    0x000000d4   0x000000d4   0x00000008   Code   RO         3822    .ARM.Collect$$$$0000000B  mc_w.l(entry9a.o)
    0x000000dc   0x000000dc   0x00000000   Code   RO         3824    .ARM.Collect$$$$0000000D  mc_w.l(entry10a.o)
    0x000000dc   0x000000dc   0x00000000   Code   RO         3826    .ARM.Collect$$$$0000000F  mc_w.l(entry11a.o)
    0x000000dc   0x000000dc   0x00000004   Code   RO         3815    .ARM.Collect$$$$00002712  mc_w.l(entry2.o)
    0x000000e0   0x000000e0   0x00000154   Code   RO          727    .emb_text           rtx_evflags.o
    0x00000234   0x00000234   0x00000094   Code   RO          619    .text               irq_cm3.o
    0x000002c8   0x000002c8   0x00000024   Code   RO         3466  * .text               startup_lpc17xx.o
    0x000002ec   0x000002ec   0x00000000   Code   RO         3836    .text               mc_w.l(iusefp.o)
    0x000002ec   0x000002ec   0x00000002   Code   RO          869    i.EvrRtxEventFlagsClear  rtx_evr.o
    0x000002ee   0x000002ee   0x00000002   Code   RO          870    i.EvrRtxEventFlagsClearDone  rtx_evr.o
    0x000002f0   0x000002f0   0x00000002   Code   RO          871    i.EvrRtxEventFlagsCreated  rtx_evr.o
    0x000002f2   0x000002f2   0x00000002   Code   RO          874    i.EvrRtxEventFlagsError  rtx_evr.o
    0x000002f4   0x000002f4   0x00000002   Code   RO          875    i.EvrRtxEventFlagsGet  rtx_evr.o
    0x000002f6   0x000002f6   0x00000002   Code   RO          877    i.EvrRtxEventFlagsNew  rtx_evr.o
    0x000002f8   0x000002f8   0x00000002   Code   RO          878    i.EvrRtxEventFlagsSet  rtx_evr.o
    0x000002fa   0x000002fa   0x00000002   Code   RO          879    i.EvrRtxEventFlagsSetDone  rtx_evr.o
    0x000002fc   0x000002fc   0x00000004   Code   RO         3465    .ARM.__at_0x02FC    startup_lpc17xx.o
    0x00000300   0x00000300   0x00000154   Code   RO         2183    .emb_text           rtx_mempool.o
    0x00000454   0x00000454   0x00000154   Code   RO         2350    .emb_text           rtx_msgqueue.o
    0x000005a8   0x000005a8   0x00000154   Code   RO         2761    .emb_text           rtx_system.o
    0x000006fc   0x000006fc   0x00000154   Code   RO         2817    .emb_text           rtx_thread.o
    0x00000850   0x00000850   0x00000024   Code   RO         3513    .text               mc_w.l(memcpya.o)
    0x00000874   0x00000874   0x00000024   Code   RO         3515    .text               mc_w.l(memseta.o)
    0x00000898   0x00000898   0x000000de   Code   RO         3808    .text               mf_w.l(ddiv.o)
    0x00000976   0x00000976   0x00000022   Code   RO         3810    .text               mf_w.l(dflti.o)
    0x00000998   0x00000998   0x0000003e   Code   RO         3812    .text               mf_w.l(dfixi.o)
    0x000009d6   0x000009d6   0x0000002c   Code   RO         3828    .text               mc_w.l(uidiv.o)
    0x00000a02   0x00000a02   0x0000001e   Code   RO         3830    .text               mc_w.l(llshl.o)
    0x00000a20   0x00000a20   0x00000020   Code   RO         3832    .text               mc_w.l(llushr.o)
    0x00000a40   0x00000a40   0x000000ba   Code   RO         3837    .text               mf_w.l(depilogue.o)
    0x00000afa   0x00000afa   0x00000002   PAD
    0x00000afc   0x00000afc   0x00000024   Code   RO         3847    .text               mc_w.l(init.o)
    0x00000b20   0x00000b20   0x00000056   Code   RO         3859    .text               mc_w.l(__dczerorl2.o)
    0x00000b76   0x00000b76   0x00000002   PAD
    0x00000b78   0x00000b78   0x0000001c   Code   RO          393    i.ADC_IRQHandler    main.o
    0x00000b94   0x00000b94   0x00000038   Code   RO          394    i.EINT3_IRQHandler  main.o
    0x00000bcc   0x00000bcc   0x00000056   Code   RO          728    i.EventFlagsCheck   rtx_evflags.o
    0x00000c22   0x00000c22   0x00000016   Code   RO          729    i.EventFlagsClear   rtx_evflags.o
    0x00000c38   0x00000c38   0x00000016   Code   RO          730    i.EventFlagsSet     rtx_evflags.o
    0x00000c4e   0x00000c4e   0x00000002   Code   RO          881    i.EvrRtxEventFlagsWaitCompleted  rtx_evr.o
    0x00000c50   0x00000c50   0x00000002   Code   RO          884    i.EvrRtxEventFlagsWaitTimeout  rtx_evr.o
    0x00000c52   0x00000c52   0x00000002   Code   RO          885    i.EvrRtxKernelError  rtx_evr.o
    0x00000c54   0x00000c54   0x00000002   Code   RO          891    i.EvrRtxKernelGetTickFreq  rtx_evr.o
    0x00000c56   0x00000c56   0x00000002   Code   RO          893    i.EvrRtxKernelInitialize  rtx_evr.o
    0x00000c58   0x00000c58   0x00000002   Code   RO          894    i.EvrRtxKernelInitializeCompleted  rtx_evr.o
    0x00000c5a   0x00000c5a   0x00000002   Code   RO          901    i.EvrRtxKernelStart  rtx_evr.o
    0x00000c5c   0x00000c5c   0x00000002   Code   RO          902    i.EvrRtxKernelStarted  rtx_evr.o
    0x00000c5e   0x00000c5e   0x00000002   Code   RO          907    i.EvrRtxMemoryAlloc  rtx_evr.o
    0x00000c60   0x00000c60   0x00000002   Code   RO          908    i.EvrRtxMemoryBlockAlloc  rtx_evr.o
    0x00000c62   0x00000c62   0x00000002   Code   RO          909    i.EvrRtxMemoryBlockFree  rtx_evr.o
    0x00000c64   0x00000c64   0x00000002   Code   RO          910    i.EvrRtxMemoryBlockInit  rtx_evr.o
    0x00000c66   0x00000c66   0x00000002   Code   RO          911    i.EvrRtxMemoryFree  rtx_evr.o
    0x00000c68   0x00000c68   0x00000002   Code   RO          912    i.EvrRtxMemoryInit  rtx_evr.o
    0x00000c6a   0x00000c6a   0x00000002   Code   RO          916    i.EvrRtxMemoryPoolAllocTimeout  rtx_evr.o
    0x00000c6c   0x00000c6c   0x00000002   Code   RO          931    i.EvrRtxMessageQueueCreated  rtx_evr.o
    0x00000c6e   0x00000c6e   0x00000002   Code   RO          934    i.EvrRtxMessageQueueError  rtx_evr.o
    0x00000c70   0x00000c70   0x00000002   Code   RO          935    i.EvrRtxMessageQueueGet  rtx_evr.o
    0x00000c72   0x00000c72   0x00000002   Code   RO          940    i.EvrRtxMessageQueueGetPending  rtx_evr.o
    0x00000c74   0x00000c74   0x00000002   Code   RO          942    i.EvrRtxMessageQueueGetTimeout  rtx_evr.o
    0x00000c76   0x00000c76   0x00000002   Code   RO          943    i.EvrRtxMessageQueueInsertPending  rtx_evr.o
    0x00000c78   0x00000c78   0x00000002   Code   RO          944    i.EvrRtxMessageQueueInserted  rtx_evr.o
    0x00000c7a   0x00000c7a   0x00000002   Code   RO          945    i.EvrRtxMessageQueueNew  rtx_evr.o
    0x00000c7c   0x00000c7c   0x00000002   Code   RO          946    i.EvrRtxMessageQueueNotInserted  rtx_evr.o
    0x00000c7e   0x00000c7e   0x00000002   Code   RO          947    i.EvrRtxMessageQueueNotRetrieved  rtx_evr.o
    0x00000c80   0x00000c80   0x00000002   Code   RO          948    i.EvrRtxMessageQueuePut  rtx_evr.o
    0x00000c82   0x00000c82   0x00000002   Code   RO          949    i.EvrRtxMessageQueuePutPending  rtx_evr.o
    0x00000c84   0x00000c84   0x00000002   Code   RO          950    i.EvrRtxMessageQueuePutTimeout  rtx_evr.o
    0x00000c86   0x00000c86   0x00000002   Code   RO          953    i.EvrRtxMessageQueueRetrieved  rtx_evr.o
    0x00000c88   0x00000c88   0x00000002   Code   RO          954    i.EvrRtxMutexAcquire  rtx_evr.o
    0x00000c8a   0x00000c8a   0x00000002   Code   RO          955    i.EvrRtxMutexAcquirePending  rtx_evr.o
    0x00000c8c   0x00000c8c   0x00000002   Code   RO          956    i.EvrRtxMutexAcquireTimeout  rtx_evr.o
    0x00000c8e   0x00000c8e   0x00000002   Code   RO          957    i.EvrRtxMutexAcquired  rtx_evr.o
    0x00000c90   0x00000c90   0x00000002   Code   RO          958    i.EvrRtxMutexCreated  rtx_evr.o
    0x00000c92   0x00000c92   0x00000002   Code   RO          961    i.EvrRtxMutexError  rtx_evr.o
    0x00000c94   0x00000c94   0x00000002   Code   RO          964    i.EvrRtxMutexNew    rtx_evr.o
    0x00000c96   0x00000c96   0x00000002   Code   RO          965    i.EvrRtxMutexNotAcquired  rtx_evr.o
    0x00000c98   0x00000c98   0x00000002   Code   RO          966    i.EvrRtxMutexRelease  rtx_evr.o
    0x00000c9a   0x00000c9a   0x00000002   Code   RO          967    i.EvrRtxMutexReleased  rtx_evr.o
    0x00000c9c   0x00000c9c   0x00000002   Code   RO          970    i.EvrRtxSemaphoreAcquireTimeout  rtx_evr.o
    0x00000c9e   0x00000c9e   0x00000002   Code   RO          982    i.EvrRtxThreadBlocked  rtx_evr.o
    0x00000ca0   0x00000ca0   0x00000002   Code   RO          983    i.EvrRtxThreadCreated  rtx_evr.o
    0x00000ca2   0x00000ca2   0x00000002   Code   RO          984    i.EvrRtxThreadDelay  rtx_evr.o
    0x00000ca4   0x00000ca4   0x00000002   Code   RO          985    i.EvrRtxThreadDelayCompleted  rtx_evr.o
    0x00000ca6   0x00000ca6   0x00000002   Code   RO          987    i.EvrRtxThreadDestroyed  rtx_evr.o
    0x00000ca8   0x00000ca8   0x00000002   Code   RO          991    i.EvrRtxThreadError  rtx_evr.o
    0x00000caa   0x00000caa   0x00000002   Code   RO          992    i.EvrRtxThreadExit  rtx_evr.o
    0x00000cac   0x00000cac   0x00000002   Code   RO          999    i.EvrRtxThreadFlagsWaitCompleted  rtx_evr.o
    0x00000cae   0x00000cae   0x00000002   Code   RO         1002    i.EvrRtxThreadFlagsWaitTimeout  rtx_evr.o
    0x00000cb0   0x00000cb0   0x00000002   Code   RO         1012    i.EvrRtxThreadJoined  rtx_evr.o
    0x00000cb2   0x00000cb2   0x00000002   Code   RO         1013    i.EvrRtxThreadNew   rtx_evr.o
    0x00000cb4   0x00000cb4   0x00000002   Code   RO         1014    i.EvrRtxThreadPreempted  rtx_evr.o
    0x00000cb6   0x00000cb6   0x00000002   Code   RO         1020    i.EvrRtxThreadSwitched  rtx_evr.o
    0x00000cb8   0x00000cb8   0x00000002   Code   RO         1022    i.EvrRtxThreadUnblocked  rtx_evr.o
    0x00000cba   0x00000cba   0x00000002   Code   RO         1024    i.EvrRtxTimerCallback  rtx_evr.o
    0x00000cbc   0x00000cbc   0x00000052   Code   RO            5    i.GLCD_Bitmap       glcd_spi_lpc1700.o
    0x00000d0e   0x00000d0e   0x0000002a   Code   RO            6    i.GLCD_Clear        glcd_spi_lpc1700.o
    0x00000d38   0x00000d38   0x0000005c   Code   RO            8    i.GLCD_DisplayChar  glcd_spi_lpc1700.o
    0x00000d94   0x00000d94   0x00000028   Code   RO            9    i.GLCD_DisplayString  glcd_spi_lpc1700.o
    0x00000dbc   0x00000dbc   0x0000009c   Code   RO           10    i.GLCD_DrawChar     glcd_spi_lpc1700.o
    0x00000e58   0x00000e58   0x000005e8   Code   RO           11    i.GLCD_Init         glcd_spi_lpc1700.o
    0x00001440   0x00001440   0x0000000c   Code   RO           14    i.GLCD_SetBackColor  glcd_spi_lpc1700.o
    0x0000144c   0x0000144c   0x0000000c   Code   RO           15    i.GLCD_SetTextColor  glcd_spi_lpc1700.o
    0x00001458   0x00001458   0x000000ac   Code   RO           16    i.GLCD_SetWindow    glcd_spi_lpc1700.o
    0x00001504   0x00001504   0x00000012   Code   RO           17    i.GLCD_WindowMax    glcd_spi_lpc1700.o
    0x00001516   0x00001516   0x00000018   Code   RO          627    i.IsIrqMasked       rtx_delay.o
    0x0000152e   0x0000152e   0x00000018   Code   RO          731    i.IsIrqMasked       rtx_evflags.o
    0x00001546   0x00001546   0x00000018   Code   RO         1890    i.IsIrqMasked       rtx_kernel.o
    0x0000155e   0x0000155e   0x00000018   Code   RO         2351    i.IsIrqMasked       rtx_msgqueue.o
    0x00001576   0x00001576   0x00000018   Code   RO         2529    i.IsIrqMasked       rtx_mutex.o
    0x0000158e   0x0000158e   0x00000018   Code   RO         2818    i.IsIrqMasked       rtx_thread.o
    0x000015a6   0x000015a6   0x00000010   Code   RO          628    i.IsIrqMode         rtx_delay.o
    0x000015b6   0x000015b6   0x00000010   Code   RO          732    i.IsIrqMode         rtx_evflags.o
    0x000015c6   0x000015c6   0x00000010   Code   RO         1891    i.IsIrqMode         rtx_kernel.o
    0x000015d6   0x000015d6   0x00000010   Code   RO         2352    i.IsIrqMode         rtx_msgqueue.o
    0x000015e6   0x000015e6   0x00000010   Code   RO         2530    i.IsIrqMode         rtx_mutex.o
    0x000015f6   0x000015f6   0x00000010   Code   RO         2819    i.IsIrqMode         rtx_thread.o
    0x00001606   0x00001606   0x00000002   PAD
    0x00001608   0x00001608   0x00000198   Code   RO          395    i.LCD_updater       main.o
    0x000017a0   0x000017a0   0x0000000a   Code   RO         2136    i.MemBlockPtr       rtx_memory.o
    0x000017aa   0x000017aa   0x00000034   Code   RO         2353    i.MessageQueueGet   rtx_msgqueue.o
    0x000017de   0x000017de   0x0000004c   Code   RO         2354    i.MessageQueuePut   rtx_msgqueue.o
    0x0000182a   0x0000182a   0x00000022   Code   RO         2355    i.MessageQueueRemove  rtx_msgqueue.o
    0x0000184c   0x0000184c   0x00000008   Code   RO         3361    i.OS_Tick_AcknowledgeIRQ  os_systick.o
    0x00001854   0x00001854   0x00000030   Code   RO         3363    i.OS_Tick_Enable    os_systick.o
    0x00001884   0x00001884   0x00000006   Code   RO         3366    i.OS_Tick_GetIRQn   os_systick.o
    0x0000188a   0x0000188a   0x00000002   PAD
    0x0000188c   0x0000188c   0x00000050   Code   RO         3369    i.OS_Tick_Setup     os_systick.o
    0x000018dc   0x000018dc   0x00000140   Code   RO         3476    i.SystemInit        system_lpc17xx.o
    0x00001a1c   0x00001a1c   0x00000056   Code   RO         2820    i.ThreadFlagsCheck  rtx_thread.o
    0x00001a72   0x00001a72   0x00000002   PAD
    0x00001a74   0x00001a74   0x00000040   Code   RO         3237    i.TimerInsert       rtx_timer.o
    0x00001ab4   0x00001ab4   0x00000018   Code   RO         3239    i.TimerUnlink       rtx_timer.o
    0x00001acc   0x00001acc   0x00000068   Code   RO          285    i.UART0_IRQHandler  uart.o
    0x00001b34   0x00001b34   0x00000070   Code   RO          286    i.UART1_IRQHandler  uart.o
    0x00001ba4   0x00001ba4   0x00000028   Code   RO         3566    i.__0sprintf$1      mc_w.l(printf1.o)
    0x00001bcc   0x00001bcc   0x0000001a   Code   RO          396    i.__NVIC_EnableIRQ  main.o
    0x00001be6   0x00001be6   0x0000000e   Code   RO         3853    i.__scatterload_copy  mc_w.l(handlers.o)
    0x00001bf4   0x00001bf4   0x00000002   Code   RO         3854    i.__scatterload_null  mc_w.l(handlers.o)
    0x00001bf6   0x00001bf6   0x0000000e   Code   RO         3855    i.__scatterload_zeroinit  mc_w.l(handlers.o)
    0x00001c04   0x00001c04   0x00000154   Code   RO         3571    i._printf_core      mc_w.l(printf1.o)
    0x00001d58   0x00001d58   0x0000000a   Code   RO         3573    i._sputc            mc_w.l(printf1.o)
    0x00001d62   0x00001d62   0x00000036   Code   RO          526    i.add_object        game_object.o
    0x00001d98   0x00001d98   0x00000060   Code   RO          397    i.bullet_spawner    main.o
    0x00001df8   0x00001df8   0x00000024   Code   RO          527    i.clear             game_object.o
    0x00001e1c   0x00001e1c   0x00000062   Code   RO          528    i.collide           game_object.o
    0x00001e7e   0x00001e7e   0x00000002   PAD
    0x00001e80   0x00001e80   0x00000030   Code   RO          529    i.create_bullet     game_object.o
    0x00001eb0   0x00001eb0   0x00000016   Code   RO          530    i.create_game_object_list  game_object.o
    0x00001ec6   0x00001ec6   0x00000002   PAD
    0x00001ec8   0x00001ec8   0x00000034   Code   RO          531    i.create_goose      game_object.o
    0x00001efc   0x00001efc   0x0000002c   Code   RO          532    i.create_player     game_object.o
    0x00001f28   0x00001f28   0x0000000e   Code   RO           20    i.delay             glcd_spi_lpc1700.o
    0x00001f36   0x00001f36   0x00000012   Code   RO          533    i.draw              game_object.o
    0x00001f48   0x00001f48   0x0000001e   Code   RO          534    i.draw_list         game_object.o
    0x00001f66   0x00001f66   0x0000001a   Code   RO          535    i.empty_list        game_object.o
    0x00001f80   0x00001f80   0x00000050   Code   RO         3780    i.free              mc_w.l(malloc.o)
    0x00001fd0   0x00001fd0   0x000000ec   Code   RO          398    i.game_end          main.o
    0x000020bc   0x000020bc   0x00000080   Code   RO          399    i.goose_spawner     main.o
    0x0000213c   0x0000213c   0x00000060   Code   RO          400    i.init_game         main.o
    0x0000219c   0x0000219c   0x00000038   Code   RO          401    i.init_peripherals  main.o
    0x000021d4   0x000021d4   0x000000f0   Code   RO          402    i.input_reader      main.o
    0x000022c4   0x000022c4   0x00000064   Code   RO          733    i.isrRtxEventFlagsSet  rtx_evflags.o
    0x00002328   0x00002328   0x00000096   Code   RO         2356    i.isrRtxMessageQueueGet  rtx_msgqueue.o
    0x000023be   0x000023be   0x0000009e   Code   RO         2357    i.isrRtxMessageQueuePut  rtx_msgqueue.o
    0x0000245c   0x0000245c   0x00000034   Code   RO         2762    i.isr_queue_get     rtx_system.o
    0x00002490   0x00002490   0x0000003c   Code   RO         2763    i.isr_queue_put     rtx_system.o
    0x000024cc   0x000024cc   0x00000090   Code   RO          604    i.lfsr113           lfsr113.o
    0x0000255c   0x0000255c   0x00000098   Code   RO          403    i.main              main.o
    0x000025f4   0x000025f4   0x0000006c   Code   RO         3781    i.malloc            mc_w.l(malloc.o)
    0x00002660   0x00002660   0x0000006c   Code   RO          404    i.num_to_led        main.o
    0x000026cc   0x000026cc   0x0000003c   Code   RO          629    i.osDelay           rtx_delay.o
    0x00002708   0x00002708   0x00000040   Code   RO          735    i.osEventFlagsClear  rtx_evflags.o
    0x00002748   0x00002748   0x00000030   Code   RO          737    i.osEventFlagsGet   rtx_evflags.o
    0x00002778   0x00002778   0x0000003c   Code   RO          739    i.osEventFlagsNew   rtx_evflags.o
    0x000027b4   0x000027b4   0x00000040   Code   RO          740    i.osEventFlagsSet   rtx_evflags.o
    0x000027f4   0x000027f4   0x0000002c   Code   RO         1900    i.osKernelGetTickFreq  rtx_kernel.o
    0x00002820   0x00002820   0x00000034   Code   RO         1901    i.osKernelInitialize  rtx_kernel.o
    0x00002854   0x00002854   0x00000034   Code   RO         1905    i.osKernelStart     rtx_kernel.o
    0x00002888   0x00002888   0x00000054   Code   RO         2359    i.osMessageQueueGet  rtx_msgqueue.o
    0x000028dc   0x000028dc   0x0000004c   Code   RO         2365    i.osMessageQueueNew  rtx_msgqueue.o
    0x00002928   0x00002928   0x00000054   Code   RO         2366    i.osMessageQueuePut  rtx_msgqueue.o
    0x0000297c   0x0000297c   0x00000044   Code   RO         2531    i.osMutexAcquire    rtx_mutex.o
    0x000029c0   0x000029c0   0x0000003c   Code   RO         2535    i.osMutexNew        rtx_mutex.o
    0x000029fc   0x000029fc   0x0000003c   Code   RO         2536    i.osMutexRelease    rtx_mutex.o
    0x00002a38   0x00002a38   0x00000020   Code   RO         3435    i.osRtxErrorNotify  rtx_config.o
    0x00002a58   0x00002a58   0x0000004c   Code   RO          742    i.osRtxEventFlagsPostProcess  rtx_evflags.o
    0x00002aa4   0x00002aa4   0x00000004   Code   RO         3436    i.osRtxIdleThread   rtx_config.o
    0x00002aa8   0x00002aa8   0x0000000c   Code   RO         2824    i.osRtxKernelGetState  rtx_thread.o
    0x00002ab4   0x00002ab4   0x000000ee   Code   RO         2137    i.osRtxMemoryAlloc  rtx_memory.o
    0x00002ba2   0x00002ba2   0x0000007c   Code   RO         2138    i.osRtxMemoryFree   rtx_memory.o
    0x00002c1e   0x00002c1e   0x0000006a   Code   RO         2139    i.osRtxMemoryInit   rtx_memory.o
    0x00002c88   0x00002c88   0x0000003a   Code   RO         2197    i.osRtxMemoryPoolAlloc  rtx_mempool.o
    0x00002cc2   0x00002cc2   0x0000004e   Code   RO         2198    i.osRtxMemoryPoolFree  rtx_mempool.o
    0x00002d10   0x00002d10   0x00000058   Code   RO         2199    i.osRtxMemoryPoolInit  rtx_mempool.o
    0x00002d68   0x00002d68   0x00000128   Code   RO         2368    i.osRtxMessageQueuePostProcess  rtx_msgqueue.o
    0x00002e90   0x00002e90   0x0000005e   Code   RO         2537    i.osRtxMutexOwnerRelease  rtx_mutex.o
    0x00002eee   0x00002eee   0x00000002   PAD
    0x00002ef0   0x00002ef0   0x00000084   Code   RO         2764    i.osRtxPendSV_Handler  rtx_system.o
    0x00002f74   0x00002f74   0x0000003c   Code   RO         2765    i.osRtxPostProcess  rtx_system.o
    0x00002fb0   0x00002fb0   0x00000040   Code   RO         2825    i.osRtxThreadBlock  rtx_thread.o
    0x00002ff0   0x00002ff0   0x00000068   Code   RO         2826    i.osRtxThreadDelayInsert  rtx_thread.o
    0x00003058   0x00003058   0x00000074   Code   RO         2827    i.osRtxThreadDelayRemove  rtx_thread.o
    0x000030cc   0x000030cc   0x000000dc   Code   RO         2828    i.osRtxThreadDelayTick  rtx_thread.o
    0x000031a8   0x000031a8   0x00000070   Code   RO         2829    i.osRtxThreadDispatch  rtx_thread.o
    0x00003218   0x00003218   0x00000060   Code   RO         2830    i.osRtxThreadFree   rtx_thread.o
    0x00003278   0x00003278   0x0000000c   Code   RO         2831    i.osRtxThreadGetRunning  rtx_thread.o
    0x00003284   0x00003284   0x0000001c   Code   RO         2832    i.osRtxThreadListGet  rtx_thread.o
    0x000032a0   0x000032a0   0x00000032   Code   RO         2833    i.osRtxThreadListPut  rtx_thread.o
    0x000032d2   0x000032d2   0x0000001a   Code   RO         2834    i.osRtxThreadListRemove  rtx_thread.o
    0x000032ec   0x000032ec   0x00000012   Code   RO         2835    i.osRtxThreadListRoot  rtx_thread.o
    0x000032fe   0x000032fe   0x0000002a   Code   RO         2836    i.osRtxThreadListSort  rtx_thread.o
    0x00003328   0x00003328   0x00000040   Code   RO         2838    i.osRtxThreadPostProcess  rtx_thread.o
    0x00003368   0x00003368   0x00000018   Code   RO         2839    i.osRtxThreadReadyPut  rtx_thread.o
    0x00003380   0x00003380   0x0000000e   Code   RO         2840    i.osRtxThreadRegPtr  rtx_thread.o
    0x0000338e   0x0000338e   0x00000002   PAD
    0x00003390   0x00003390   0x0000000c   Code   RO         2841    i.osRtxThreadSetRunning  rtx_thread.o
    0x0000339c   0x0000339c   0x0000002c   Code   RO         2842    i.osRtxThreadStackCheck  rtx_thread.o
    0x000033c8   0x000033c8   0x00000060   Code   RO         2843    i.osRtxThreadStartup  rtx_thread.o
    0x00003428   0x00003428   0x0000001c   Code   RO         2844    i.osRtxThreadSwitch  rtx_thread.o
    0x00003444   0x00003444   0x00000054   Code   RO         2845    i.osRtxThreadWaitEnter  rtx_thread.o
    0x00003498   0x00003498   0x00000036   Code   RO         2846    i.osRtxThreadWaitExit  rtx_thread.o
    0x000034ce   0x000034ce   0x00000002   PAD
    0x000034d0   0x000034d0   0x000000a0   Code   RO         2766    i.osRtxTick_Handler  rtx_system.o
    0x00003570   0x00003570   0x00000058   Code   RO         3240    i.osRtxTimerThread  rtx_timer.o
    0x000035c8   0x000035c8   0x0000005c   Code   RO         3241    i.osRtxTimerTick    rtx_timer.o
    0x00003624   0x00003624   0x00000020   Code   RO         2849    i.osThreadExit      rtx_thread.o
    0x00003644   0x00003644   0x0000004c   Code   RO         2862    i.osThreadNew       rtx_thread.o
    0x00003690   0x00003690   0x00000018   Code   RO          405    i.random_range      main.o
    0x000036a8   0x000036a8   0x0000008c   Code   RO           21    i.rd_id_man         glcd_spi_lpc1700.o
    0x00003734   0x00003734   0x00000048   Code   RO           22    i.rd_reg            glcd_spi_lpc1700.o
    0x0000377c   0x0000377c   0x0000009c   Code   RO          536    i.remove_object     game_object.o
    0x00003818   0x00003818   0x00000020   Code   RO           23    i.spi_tran          glcd_spi_lpc1700.o
    0x00003838   0x00003838   0x00000080   Code   RO           24    i.spi_tran_man      glcd_spi_lpc1700.o
    0x000038b8   0x000038b8   0x0000007c   Code   RO          406    i.state_monitor     main.o
    0x00003934   0x00003934   0x00000018   Code   RO          631    i.svcRtxDelay       rtx_delay.o
    0x0000394c   0x0000394c   0x00000058   Code   RO          743    i.svcRtxEventFlagsClear  rtx_evflags.o
    0x000039a4   0x000039a4   0x0000003a   Code   RO          745    i.svcRtxEventFlagsGet  rtx_evflags.o
    0x000039de   0x000039de   0x00000002   PAD
    0x000039e0   0x000039e0   0x000000a8   Code   RO          747    i.svcRtxEventFlagsNew  rtx_evflags.o
    0x00003a88   0x00003a88   0x000000ae   Code   RO          748    i.svcRtxEventFlagsSet  rtx_evflags.o
    0x00003b36   0x00003b36   0x00000002   PAD
    0x00003b38   0x00003b38   0x00000014   Code   RO         1913    i.svcRtxKernelGetTickFreq  rtx_kernel.o
    0x00003b4c   0x00003b4c   0x00000264   Code   RO         1914    i.svcRtxKernelInitialize  rtx_kernel.o
    0x00003db0   0x00003db0   0x000000e8   Code   RO         1918    i.svcRtxKernelStart  rtx_kernel.o
    0x00003e98   0x00003e98   0x00000158   Code   RO         2370    i.svcRtxMessageQueueGet  rtx_msgqueue.o
    0x00003ff0   0x00003ff0   0x00000198   Code   RO         2376    i.svcRtxMessageQueueNew  rtx_msgqueue.o
    0x00004188   0x00004188   0x00000140   Code   RO         2377    i.svcRtxMessageQueuePut  rtx_msgqueue.o
    0x000042c8   0x000042c8   0x00000120   Code   RO         2538    i.svcRtxMutexAcquire  rtx_mutex.o
    0x000043e8   0x000043e8   0x000000b0   Code   RO         2542    i.svcRtxMutexNew    rtx_mutex.o
    0x00004498   0x00004498   0x0000011c   Code   RO         2543    i.svcRtxMutexRelease  rtx_mutex.o
    0x000045b4   0x000045b4   0x00000094   Code   RO         2870    i.svcRtxThreadExit  rtx_thread.o
    0x00004648   0x00004648   0x00000274   Code   RO         2883    i.svcRtxThreadNew   rtx_thread.o
    0x000048bc   0x000048bc   0x000000a4   Code   RO          407    i.welcome           main.o
    0x00004960   0x00004960   0x00000028   Code   RO           25    i.wr_cmd            glcd_spi_lpc1700.o
    0x00004988   0x00004988   0x00000028   Code   RO           26    i.wr_dat            glcd_spi_lpc1700.o
    0x000049b0   0x000049b0   0x00000012   Code   RO           27    i.wr_dat_only       glcd_spi_lpc1700.o
    0x000049c2   0x000049c2   0x00000002   PAD
    0x000049c4   0x000049c4   0x00000014   Code   RO           28    i.wr_dat_start      glcd_spi_lpc1700.o
    0x000049d8   0x000049d8   0x0000000c   Code   RO           29    i.wr_dat_stop       glcd_spi_lpc1700.o
    0x000049e4   0x000049e4   0x00000014   Code   RO           30    i.wr_reg            glcd_spi_lpc1700.o
    0x000049f8   0x000049f8   0x00001880   Data   RO           31    .constdata          glcd_spi_lpc1700.o
    0x00006278   0x00006278   0x00000064   Data   RO         2107    .constdata          rtx_lib.o
    0x000062dc   0x000062dc   0x0000000b   Data   RO         1921    .conststrlit        rtx_kernel.o
    0x000062e7   0x000062e7   0x00000001   PAD
    0x000062e8   0x000062e8   0x00000068   Data   RO         2109    .rodata             rtx_lib.o
    0x00006350   0x00006350   0x00000020   Data   RO         3851    Region$$Table       anon$$obj.o


    Execution Region ER_RW (Exec base: 0x10000000, Load base: 0x00006370, Size: 0x00001b68, Max: 0xffffffff, ABSOLUTE, COMPRESSED[0x000000a4])

    Exec Addr    Load Addr    Size         Type   Attr      Idx    E Section Name        Object

    0x10000000   COMPRESSED   0x00001040   Data   RW         2102    .bss.os             rtx_lib.o
    0x10001040   COMPRESSED   0x00000034   Data   RW         2103    .bss.os.msgqueue.cb  rtx_lib.o
    0x10001074   COMPRESSED   0x00000050   Data   RW         2104    .bss.os.msgqueue.mem  rtx_lib.o
    0x100010c4   COMPRESSED   0x00000088   Data   RW         2105    .bss.os.thread.cb   rtx_lib.o
    0x1000114c   COMPRESSED   0x00000004   PAD
    0x10001150   COMPRESSED   0x00000200   Data   RW         2106    .bss.os.thread.stack  rtx_lib.o
    0x10001350   COMPRESSED   0x00000005   Data   RW           32    .data               glcd_spi_lpc1700.o
    0x10001355   COMPRESSED   0x00000003   PAD
    0x10001358   COMPRESSED   0x00000020   Data   RW          295    .data               uart.o
    0x10001378   COMPRESSED   0x0000002c   Data   RW          408    .data               main.o
    0x100013a4   COMPRESSED   0x00000700   Data   RW          537    .data               game_object.o
    0x10001aa4   COMPRESSED   0x00000010   Data   RW          605    .data               lfsr113.o
    0x10001ab4   COMPRESSED   0x00000001   Data   RW         3370    .data               os_systick.o
    0x10001ab5   COMPRESSED   0x00000003   PAD
    0x10001ab8   COMPRESSED   0x00000004   Data   RW         3477    .data               system_lpc17xx.o
    0x10001abc   COMPRESSED   0x00000004   Data   RW         3834    .data               mc_w.l(mvars.o)
    0x10001ac0   COMPRESSED   0x00000004   Data   RW         3835    .data               mc_w.l(mvars.o)
    0x10001ac4   COMPRESSED   0x000000a4   Data   RW         1922    .data.os            rtx_kernel.o


    Execution Region ER_ZI (Exec base: 0x10001b68, Load base: 0x00006414, Size: 0x00004080, Max: 0xffffffff, ABSOLUTE)

    Exec Addr    Load Addr    Size         Type   Attr      Idx    E Section Name        Object

    0x10001b68        -       0x00000080   Zero   RW          294    .bss                uart.o
    0x10001be8        -       0x00002000   Zero   RW         3463    HEAP                startup_lpc17xx.o
    0x10003be8        -       0x00002000   Zero   RW         3462    STACK               startup_lpc17xx.o


==============================================================================

Image component sizes


      Code (inc. data)   RO Data    RW Data    ZI Data      Debug   Object Name

       584         24          0       1792          0       7100   game_object.o
      2674         94       6272          5          0      34971   glcd_spi_lpc1700.o
       148         10          0          0          0        576   irq_cm3.o
       144         16          0         16          0        610   lfsr113.o
      1942        402          0         44          0      40120   main.o
       142         24          0          1          0       2380   os_systick.o
        36          6          0          0          0        933   rtx_config.o
       124          4          0          0          0      19965   rtx_delay.o
      1410         30          0          0          0      13586   rtx_evflags.o
       126          0          0          0          0      35777   rtx_evr.o
      1052         44         11        164          0      19708   rtx_kernel.o
         0          0        204       4940          0       8503   rtx_lib.o
       478          0          0          0          0       4099   rtx_memory.o
       564          0          0          0          0       3923   rtx_mempool.o
      2462         34          0          0          0      21768   rtx_msgqueue.o
      1070         28          0          0          0      10232   rtx_mutex.o
       804         40          0          0          0       9737   rtx_system.o
      2670        126          0          0          0      27406   rtx_thread.o
       268         28          0          0          0       3259   rtx_timer.o
        40         12        204          0      16384        972   startup_lpc17xx.o
       320         18          0          4          0        787   system_lpc17xx.o
       216         38          0         32        128       2099   uart.o

    ----------------------------------------------------------------------
     17296        978       6724       7008      16512     268511   Object Totals
         0          0         32          0          0          0   (incl. Generated)
        22          0          1         10          0          0   (incl. Padding)

    ----------------------------------------------------------------------

      Code (inc. data)   RO Data    RW Data    ZI Data      Debug   Library Member Name

        86          0          0          0          0          0   __dczerorl2.o
         0          0          0          0          0          0   entry.o
         0          0          0          0          0          0   entry10a.o
         0          0          0          0          0          0   entry11a.o
         8          4          0          0          0          0   entry2.o
         4          0          0          0          0          0   entry5.o
         0          0          0          0          0          0   entry7b.o
         0          0          0          0          0          0   entry8b.o
         8          4          0          0          0          0   entry9a.o
        30          0          0          0          0          0   handlers.o
        36          8          0          0          0         68   init.o
         0          0          0          0          0          0   iusefp.o
        30          0          0          0          0         68   llshl.o
        32          0          0          0          0         68   llushr.o
       188         20          0          0          0        160   malloc.o
        36          0          0          0          0         68   memcpya.o
        36          0          0          0          0        108   memseta.o
         0          0          0          8          0          0   mvars.o
       390         10          0          0          0        252   printf1.o
        44          0          0          0          0         80   uidiv.o
       222          0          0          0          0        100   ddiv.o
       186          0          0          0          0        176   depilogue.o
        62          0          0          0          0         80   dfixi.o
        34          0          0          0          0         76   dflti.o

    ----------------------------------------------------------------------
      1436         46          0          8          0       1304   Library Totals
         4          0          0          0          0          0   (incl. Padding)

    ----------------------------------------------------------------------

      Code (inc. data)   RO Data    RW Data    ZI Data      Debug   Library Name

       928         46          0          8          0        872   mc_w.l
       504          0          0          0          0        432   mf_w.l

    ----------------------------------------------------------------------
      1436         46          0          8          0       1304   Library Totals

    ----------------------------------------------------------------------

==============================================================================


      Code (inc. data)   RO Data    RW Data    ZI Data      Debug   

     18732       1024       6724       7016      16512     257983   Grand Totals
     18732       1024       6724        164      16512     257983   ELF Image Totals (compressed)
     18732       1024       6724        164          0          0   ROM Totals

==============================================================================

    Total RO  Size (Code + RO Data)                25456 (  24.86kB)
    Total RW  Size (RW Data + ZI Data)             23528 (  22.98kB)
    Total ROM Size (Code + RO Data + RW Data)      25620 (  25.02kB)

==============================================================================

