Component: ARM Compiler 5.06 update 5 (build 528) Tool: armlink [4d35e2]

==============================================================================

Section Cross References

    glcd_spi_lpc1700.o(i.GLCD_Bargraph) refers to glcd_spi_lpc1700.o(i.GLCD_SetWindow) for GLCD_SetWindow
    glcd_spi_lpc1700.o(i.GLCD_Bargraph) refers to glcd_spi_lpc1700.o(i.wr_cmd) for wr_cmd
    glcd_spi_lpc1700.o(i.GLCD_Bargraph) refers to glcd_spi_lpc1700.o(i.wr_dat_start) for wr_dat_start
    glcd_spi_lpc1700.o(i.GLCD_Bargraph) refers to glcd_spi_lpc1700.o(i.wr_dat_only) for wr_dat_only
    glcd_spi_lpc1700.o(i.GLCD_Bargraph) refers to glcd_spi_lpc1700.o(i.wr_dat_stop) for wr_dat_stop
    glcd_spi_lpc1700.o(i.GLCD_Bargraph) refers to glcd_spi_lpc1700.o(.data) for Color
    glcd_spi_lpc1700.o(i.GLCD_Bitmap) refers to glcd_spi_lpc1700.o(i.GLCD_SetWindow) for GLCD_SetWindow
    glcd_spi_lpc1700.o(i.GLCD_Bitmap) refers to glcd_spi_lpc1700.o(i.wr_cmd) for wr_cmd
    glcd_spi_lpc1700.o(i.GLCD_Bitmap) refers to glcd_spi_lpc1700.o(i.wr_dat_start) for wr_dat_start
    glcd_spi_lpc1700.o(i.GLCD_Bitmap) refers to glcd_spi_lpc1700.o(i.wr_dat_only) for wr_dat_only
    glcd_spi_lpc1700.o(i.GLCD_Bitmap) refers to glcd_spi_lpc1700.o(i.wr_dat_stop) for wr_dat_stop
    glcd_spi_lpc1700.o(i.GLCD_Clear) refers to glcd_spi_lpc1700.o(i.GLCD_WindowMax) for GLCD_WindowMax
    glcd_spi_lpc1700.o(i.GLCD_Clear) refers to glcd_spi_lpc1700.o(i.wr_cmd) for wr_cmd
    glcd_spi_lpc1700.o(i.GLCD_Clear) refers to glcd_spi_lpc1700.o(i.wr_dat_start) for wr_dat_start
    glcd_spi_lpc1700.o(i.GLCD_Clear) refers to glcd_spi_lpc1700.o(i.wr_dat_only) for wr_dat_only
    glcd_spi_lpc1700.o(i.GLCD_Clear) refers to glcd_spi_lpc1700.o(i.wr_dat_stop) for wr_dat_stop
    glcd_spi_lpc1700.o(i.GLCD_ClearLn) refers to glcd_spi_lpc1700.o(i.GLCD_WindowMax) for GLCD_WindowMax
    glcd_spi_lpc1700.o(i.GLCD_ClearLn) refers to glcd_spi_lpc1700.o(i.GLCD_DisplayString) for GLCD_DisplayString
    glcd_spi_lpc1700.o(i.GLCD_DisplayChar) refers to glcd_spi_lpc1700.o(i.GLCD_DrawChar) for GLCD_DrawChar
    glcd_spi_lpc1700.o(i.GLCD_DisplayChar) refers to glcd_spi_lpc1700.o(.constdata) for Font_6x8_h
    glcd_spi_lpc1700.o(i.GLCD_DisplayString) refers to glcd_spi_lpc1700.o(i.GLCD_DisplayChar) for GLCD_DisplayChar
    glcd_spi_lpc1700.o(i.GLCD_DrawChar) refers to glcd_spi_lpc1700.o(i.GLCD_SetWindow) for GLCD_SetWindow
    glcd_spi_lpc1700.o(i.GLCD_DrawChar) refers to glcd_spi_lpc1700.o(i.wr_cmd) for wr_cmd
    glcd_spi_lpc1700.o(i.GLCD_DrawChar) refers to glcd_spi_lpc1700.o(i.wr_dat_start) for wr_dat_start
    glcd_spi_lpc1700.o(i.GLCD_DrawChar) refers to glcd_spi_lpc1700.o(i.wr_dat_only) for wr_dat_only
    glcd_spi_lpc1700.o(i.GLCD_DrawChar) refers to glcd_spi_lpc1700.o(i.wr_dat_stop) for wr_dat_stop
    glcd_spi_lpc1700.o(i.GLCD_DrawChar) refers to glcd_spi_lpc1700.o(.data) for Color
    glcd_spi_lpc1700.o(i.GLCD_Init) refers to glcd_spi_lpc1700.o(i.rd_id_man) for rd_id_man
    glcd_spi_lpc1700.o(i.GLCD_Init) refers to glcd_spi_lpc1700.o(i.rd_reg) for rd_reg
    glcd_spi_lpc1700.o(i.GLCD_Init) refers to glcd_spi_lpc1700.o(i.wr_reg) for wr_reg
    glcd_spi_lpc1700.o(i.GLCD_Init) refers to glcd_spi_lpc1700.o(i.delay) for delay
    glcd_spi_lpc1700.o(i.GLCD_Init) refers to glcd_spi_lpc1700.o(.data) for Himax
    glcd_spi_lpc1700.o(i.GLCD_PutPixel) refers to glcd_spi_lpc1700.o(i.wr_reg) for wr_reg
    glcd_spi_lpc1700.o(i.GLCD_PutPixel) refers to glcd_spi_lpc1700.o(i.wr_cmd) for wr_cmd
    glcd_spi_lpc1700.o(i.GLCD_PutPixel) refers to glcd_spi_lpc1700.o(i.wr_dat) for wr_dat
    glcd_spi_lpc1700.o(i.GLCD_PutPixel) refers to glcd_spi_lpc1700.o(.data) for Himax
    glcd_spi_lpc1700.o(i.GLCD_SetBackColor) refers to glcd_spi_lpc1700.o(.data) for Color
    glcd_spi_lpc1700.o(i.GLCD_SetTextColor) refers to glcd_spi_lpc1700.o(.data) for Color
    glcd_spi_lpc1700.o(i.GLCD_SetWindow) refers to glcd_spi_lpc1700.o(i.wr_reg) for wr_reg
    glcd_spi_lpc1700.o(i.GLCD_SetWindow) refers to glcd_spi_lpc1700.o(.data) for Himax
    glcd_spi_lpc1700.o(i.GLCD_WindowMax) refers to glcd_spi_lpc1700.o(i.GLCD_SetWindow) for GLCD_SetWindow
    glcd_spi_lpc1700.o(i.GLCD_WrCmd) refers to glcd_spi_lpc1700.o(i.wr_cmd) for wr_cmd
    glcd_spi_lpc1700.o(i.GLCD_WrReg) refers to glcd_spi_lpc1700.o(i.wr_reg) for wr_reg
    glcd_spi_lpc1700.o(i.rd_id_man) refers to glcd_spi_lpc1700.o(i.spi_tran_man) for spi_tran_man
    glcd_spi_lpc1700.o(i.rd_reg) refers to glcd_spi_lpc1700.o(i.wr_cmd) for wr_cmd
    glcd_spi_lpc1700.o(i.rd_reg) refers to glcd_spi_lpc1700.o(i.spi_tran) for spi_tran
    glcd_spi_lpc1700.o(i.spi_tran_man) refers to glcd_spi_lpc1700.o(i.delay) for delay
    glcd_spi_lpc1700.o(i.wr_cmd) refers to glcd_spi_lpc1700.o(i.spi_tran) for spi_tran
    glcd_spi_lpc1700.o(i.wr_dat) refers to glcd_spi_lpc1700.o(i.spi_tran) for spi_tran
    glcd_spi_lpc1700.o(i.wr_dat_only) refers to glcd_spi_lpc1700.o(i.spi_tran) for spi_tran
    glcd_spi_lpc1700.o(i.wr_dat_start) refers to glcd_spi_lpc1700.o(i.spi_tran) for spi_tran
[...]
    i.fputc                                  0x00001fe2   Section        0  retarget.o(i.fputc)
    i.free                                   0x00001ff0   Section        0  malloc.o(i.free)
    i.game_end                               0x00002040   Section        0  main.o(i.game_end)
    i.getFrequency                           0x000020ac   Section        0  uart.o(i.getFrequency)
    i.goose_spawner                          0x000020f4   Section        0  main.o(i.goose_spawner)
    i.init_game                              0x00002174   Section        0  main.o(i.init_game)
    i.init_peripherals                       0x000021ac   Section        0  main.o(i.init_peripherals)
    i.input_reader                           0x000021f4   Section        0  main.o(i.input_reader)
    i.isrRtxEventFlagsSet                    0x000022e4   Section        0  rtx_evflags.o(i.isrRtxEventFlagsSet)
    isrRtxEventFlagsSet                      0x000022e5   Thumb Code   100  rtx_evflags.o(i.isrRtxEventFlagsSet)
    i.isrRtxMessageQueueGet                  0x00002348   Section        0  rtx_msgqueue.o(i.isrRtxMessageQueueGet)
    isrRtxMessageQueueGet                    0x00002349   Thumb Code   150  rtx_msgqueue.o(i.isrRtxMessageQueueGet)
    i.isrRtxMessageQueuePut                  0x000023de   Section        0  rtx_msgqueue.o(i.isrRtxMessageQueuePut)
    isrRtxMessageQueuePut                    0x000023df   Thumb Code   158  rtx_msgqueue.o(i.isrRtxMessageQueuePut)
    i.isr_queue_get                          0x0000247c   Section        0  rtx_system.o(i.isr_queue_get)
    isr_queue_get                            0x0000247d   Thumb Code    46  rtx_system.o(i.isr_queue_get)
    i.isr_queue_put                          0x000024b0   Section        0  rtx_system.o(i.isr_queue_put)
    isr_queue_put                            0x000024b1   Thumb Code    56  rtx_system.o(i.isr_queue_put)
    i.lfsr113                                0x000024ec   Section        0  lfsr113.o(i.lfsr113)
    i.main                                   0x0000257c   Section        0  main.o(i.main)
    i.malloc                                 0x00002614   Section        0  malloc.o(i.malloc)
    i.num_to_led                             0x00002680   Section        0  main.o(i.num_to_led)
    i.osDelay                                0x000026ec   Section        0  rtx_delay.o(i.osDelay)
    i.osEventFlagsClear                      0x00002728   Section        0  rtx_evflags.o(i.osEventFlagsClear)
    i.osEventFlagsGet                        0x00002768   Section        0  rtx_evflags.o(i.osEventFlagsGet)
    i.osEventFlagsNew                        0x00002798   Section        0  rtx_evflags.o(i.osEventFlagsNew)
    i.osEventFlagsSet                        0x000027d4   Section        0  rtx_evflags.o(i.osEventFlagsSet)
    i.osKernelGetTickFreq                    0x00002814   Section        0  rtx_kernel.o(i.osKernelGetTickFreq)
    i.osKernelInitialize                     0x00002840   Section        0  rtx_kernel.o(i.osKernelInitialize)
    i.osKernelStart                          0x00002874   Section        0  rtx_kernel.o(i.osKernelStart)
    i.osMessageQueueGet                      0x000028a8   Section        0  rtx_msgqueue.o(i.osMessageQueueGet)
    i.osMessageQueueNew                      0x000028fc   Section        0  rtx_msgqueue.o(i.osMessageQueueNew)
    i.osMessageQueuePut                      0x00002948   Section        0  rtx_msgqueue.o(i.osMessageQueuePut)
    i.osMutexAcquire                         0x0000299c   Section        0  rtx_mutex.o(i.osMutexAcquire)
    i.osMutexNew                             0x000029e0   Section        0  rtx_mutex.o(i.osMutexNew)
    i.osMutexRelease                         0x00002a1c   Section        0  rtx_mutex.o(i.osMutexRelease)
    i.osRtxErrorNotify                       0x00002a58   Section        0  rtx_config.o(i.osRtxErrorNotify)
    i.osRtxEventFlagsPostProcess             0x00002a78   Section        0  rtx_evflags.o(i.osRtxEventFlagsPostProcess)
    osRtxEventFlagsPostProcess               0x00002a79   Thumb Code    76  rtx_evflags.o(i.osRtxEventFlagsPostProcess)
    i.osRtxIdleThread                        0x00002ac4   Section        0  rtx_config.o(i.osRtxIdleThread)
    i.osRtxKernelGetState                    0x00002ac8   Section        0  rtx_thread.o(i.osRtxKernelGetState)
    osRtxKernelGetState                      0x00002ac9   Thumb Code     6  rtx_thread.o(i.osRtxKernelGetState)
    i.osRtxMemoryAlloc                       0x00002ad4   Section        0  rtx_memory.o(i.osRtxMemoryAlloc)
    i.osRtxMemoryFree                        0x00002bc2   Section        0  rtx_memory.o(i.osRtxMemoryFree)
    i.osRtxMemoryInit                        0x00002c3e   Section        0  rtx_memory.o(i.osRtxMemoryInit)
    i.osRtxMemoryPoolAlloc                   0x00002ca8   Section        0  rtx_mempool.o(i.osRtxMemoryPoolAlloc)
    i.osRtxMemoryPoolFree                    0x00002ce2   Section        0  rtx_mempool.o(i.osRtxMemoryPoolFree)
    i.osRtxMemoryPoolInit                    0x00002d30   Section        0  rtx_mempool.o(i.osRtxMemoryPoolInit)
    i.osRtxMessageQueuePostProcess           0x00002d88   Section        0  rtx_msgqueue.o(i.osRtxMessageQueuePostProcess)
    osRtxMessageQueuePostProcess             0x00002d89   Thumb Code   296  rtx_msgqueue.o(i.osRtxMessageQueuePostProcess)
    i.osRtxMutexOwnerRelease                 0x00002eb0   Section        0  rtx_mutex.o(i.osRtxMutexOwnerRelease)
    i.osRtxPendSV_Handler                    0x00002f10   Section        0  rtx_system.o(i.osRtxPendSV_Handler)
    i.osRtxPostProcess                       0x00002f94   Section        0  rtx_system.o(i.osRtxPostProcess)
    i.osRtxThreadBlock                       0x00002fd0   Section        0  rtx_thread.o(i.osRtxThreadBlock)
    osRtxThreadBlock                         0x00002fd1   Thumb Code    58  rtx_thread.o(i.osRtxThreadBlock)
    i.osRtxThreadDelayInsert                 0x00003010   Section        0  rtx_thread.o(i.osRtxThreadDelayInsert)
    osRtxThreadDelayInsert                   0x00003011   Thumb Code    98  rtx_thread.o(i.osRtxThreadDelayInsert)
    i.osRtxThreadDelayRemove                 0x00003078   Section        0  rtx_thread.o(i.osRtxThreadDelayRemove)
    osRtxThreadDelayRemove                   0x00003079   Thumb Code   110  rtx_thread.o(i.osRtxThreadDelayRemove)
    i.osRtxThreadDelayTick                   0x000030ec   Section        0  rtx_thread.o(i.osRtxThreadDelayTick)
    i.osRtxThreadDispatch                    0x000031c8   Section        0  rtx_thread.o(i.osRtxThreadDispatch)
    i.osRtxThreadFree                        0x00003238   Section        0  rtx_thread.o(i.osRtxThreadFree)
    osRtxThreadFree                          0x00003239   Thumb Code    92  rtx_thread.o(i.osRtxThreadFree)
    i.osRtxThreadGetRunning                  0x00003298   Section        0  rtx_thread.o(i.osRtxThreadGetRunning)
    osRtxThreadGetRunning                    0x00003299   Thumb Code     6  rtx_thread.o(i.osRtxThreadGetRunning)
    i.osRtxThreadListGet                     0x000032a4   Section        0  rtx_thread.o(i.osRtxThreadListGet)
    i.osRtxThreadListPut                     0x000032c0   Section        0  rtx_thread.o(i.osRtxThreadListPut)
    i.osRtxThreadListRemove                  0x000032f2   Section        0  rtx_thread.o(i.osRtxThreadListRemove)
    i.osRtxThreadListRoot                    0x0000330c   Section        0  rtx_thread.o(i.osRtxThreadListRoot)
    osRtxThreadListRoot                      0x0000330d   Thumb Code    18  rtx_thread.o(i.osRtxThreadListRoot)
    i.osRtxThreadListSort                    0x0000331e   Section        0  rtx_thread.o(i.osRtxThreadListSort)
    i.osRtxThreadPostProcess                 0x00003348   Section        0  rtx_thread.o(i.osRtxThreadPostProcess)
    osRtxThreadPostProcess                   0x00003349   Thumb Code    64  rtx_thread.o(i.osRtxThreadPostProcess)
    i.osRtxThreadReadyPut                    0x00003388   Section        0  rtx_thread.o(i.osRtxThreadReadyPut)
    i.osRtxThreadRegPtr                      0x000033a0   Section        0  rtx_thread.o(i.osRtxThreadRegPtr)
    i.osRtxThreadSetRunning                  0x000033b0   Section        0  rtx_thread.o(i.osRtxThreadSetRunning)
    osRtxThreadSetRunning                    0x000033b1   Thumb Code     6  rtx_thread.o(i.osRtxThreadSetRunning)
    i.osRtxThreadStackCheck                  0x000033bc   Section        0  rtx_thread.o(i.osRtxThreadStackCheck)
    i.osRtxThreadStartup                     0x000033e8   Section        0  rtx_thread.o(i.osRtxThreadStartup)
    i.osRtxThreadSwitch                      0x00003448   Section        0  rtx_thread.o(i.osRtxThreadSwitch)
    i.osRtxThreadWaitEnter                   0x00003464   Section        0  rtx_thread.o(i.osRtxThreadWaitEnter)
    i.osRtxThreadWaitExit                    0x000034b8   Section        0  rtx_thread.o(i.osRtxThreadWaitExit)
    i.osRtxTick_Handler                      0x000034f0   Section        0  rtx_system.o(i.osRtxTick_Handler)
    i.osRtxTimerThread                       0x00003590   Section        0  rtx_timer.o(i.osRtxTimerThread)
    i.osRtxTimerTick                         0x000035e8   Section        0  rtx_timer.o(i.osRtxTimerTick)
    osRtxTimerTick                           0x000035e9   Thumb Code    88  rtx_timer.o(i.osRtxTimerTick)
    i.osThreadExit                           0x00003644   Section        0  rtx_thread.o(i.osThreadExit)
    i.osThreadNew                            0x00003664   Section        0  rtx_thread.o(i.osThreadNew)
    i.random_range                           0x000036b0   Section        0  main.o(i.random_range)
    i.rd_id_man                              0x000036c8   Section        0  glcd_spi_lpc1700.o(i.rd_id_man)
    rd_id_man                                0x000036c9   Thumb Code   132  glcd_spi_lpc1700.o(i.rd_id_man)
    i.rd_reg                                 0x00003754   Section        0  glcd_spi_lpc1700.o(i.rd_reg)
    rd_reg                                   0x00003755   Thumb Code    66  glcd_spi_lpc1700.o(i.rd_reg)
    i.remove_object                          0x0000379c   Section        0  game_object.o(i.remove_object)
    i.sendchar                               0x00003828   Section        0  retarget.o(i.sendchar)
    i.spi_tran                               0x0000386c   Section        0  glcd_spi_lpc1700.o(i.spi_tran)
    spi_tran                                 0x0000386d   Thumb Code    28  glcd_spi_lpc1700.o(i.spi_tran)
    i.spi_tran_man                           0x0000388c   Section        0  glcd_spi_lpc1700.o(i.spi_tran_man)
    spi_tran_man                             0x0000388d   Thumb Code   124  glcd_spi_lpc1700.o(i.spi_tran_man)
    i.state_monitor                          0x0000390c   Section        0  main.o(i.state_monitor)
    i.svcRtxDelay                            0x00003978   Section        0  rtx_delay.o(i.svcRtxDelay)
    svcRtxDelay                              0x00003979   Thumb Code    24  rtx_delay.o(i.svcRtxDelay)
    i.svcRtxEventFlagsClear                  0x00003990   Section        0  rtx_evflags.o(i.svcRtxEventFlagsClear)
    svcRtxEventFlagsClear                    0x00003991   Thumb Code    88  rtx_evflags.o(i.svcRtxEventFlagsClear)
    i.svcRtxEventFlagsGet                    0x000039e8   Section        0  rtx_evflags.o(i.svcRtxEventFlagsGet)
    svcRtxEventFlagsGet                      0x000039e9   Thumb Code    58  rtx_evflags.o(i.svcRtxEventFlagsGet)
    i.svcRtxEventFlagsNew                    0x00003a24   Section        0  rtx_evflags.o(i.svcRtxEventFlagsNew)
    svcRtxEventFlagsNew                      0x00003a25   Thumb Code   160  rtx_evflags.o(i.svcRtxEventFlagsNew)
    i.svcRtxEventFlagsSet                    0x00003acc   Section        0  rtx_evflags.o(i.svcRtxEventFlagsSet)
    svcRtxEventFlagsSet                      0x00003acd   Thumb Code   174  rtx_evflags.o(i.svcRtxEventFlagsSet)
    i.svcRtxKernelGetTickFreq                0x00003b7c   Section        0  rtx_kernel.o(i.svcRtxKernelGetTickFreq)
    svcRtxKernelGetTickFreq                  0x00003b7d   Thumb Code    16  rtx_kernel.o(i.svcRtxKernelGetTickFreq)
    i.svcRtxKernelInitialize                 0x00003b90   Section        0  rtx_kernel.o(i.svcRtxKernelInitialize)
    svcRtxKernelInitialize                   0x00003b91   Thumb Code   602  rtx_kernel.o(i.svcRtxKernelInitialize)
    i.svcRtxKernelStart                      0x00003df4   Section        0  rtx_kernel.o(i.svcRtxKernelStart)
    svcRtxKernelStart                        0x00003df5   Thumb Code   216  rtx_kernel.o(i.svcRtxKernelStart)
    i.svcRtxMessageQueueGet                  0x00003edc   Section        0  rtx_msgqueue.o(i.svcRtxMessageQueueGet)
    svcRtxMessageQueueGet                    0x00003edd   Thumb Code   340  rtx_msgqueue.o(i.svcRtxMessageQueueGet)
    i.svcRtxMessageQueueNew                  0x00004034   Section        0  rtx_msgqueue.o(i.svcRtxMessageQueueNew)
    svcRtxMessageQueueNew                    0x00004035   Thumb Code   400  rtx_msgqueue.o(i.svcRtxMessageQueueNew)
    i.svcRtxMessageQueuePut                  0x000041cc   Section        0  rtx_msgqueue.o(i.svcRtxMessageQueuePut)
    svcRtxMessageQueuePut                    0x000041cd   Thumb Code   316  rtx_msgqueue.o(i.svcRtxMessageQueuePut)
    i.svcRtxMutexAcquire                     0x0000430c   Section        0  rtx_mutex.o(i.svcRtxMutexAcquire)
    svcRtxMutexAcquire                       0x0000430d   Thumb Code   284  rtx_mutex.o(i.svcRtxMutexAcquire)
    i.svcRtxMutexNew                         0x0000442c   Section        0  rtx_mutex.o(i.svcRtxMutexNew)
    svcRtxMutexNew                           0x0000442d   Thumb Code   172  rtx_mutex.o(i.svcRtxMutexNew)
    i.svcRtxMutexRelease                     0x000044dc   Section        0  rtx_mutex.o(i.svcRtxMutexRelease)
    svcRtxMutexRelease                       0x000044dd   Thumb Code   280  rtx_mutex.o(i.svcRtxMutexRelease)
    i.svcRtxThreadExit                       0x000045f8   Section        0  rtx_thread.o(i.svcRtxThreadExit)
    svcRtxThreadExit                         0x000045f9   Thumb Code   142  rtx_thread.o(i.svcRtxThreadExit)
    i.svcRtxThreadNew                        0x0000468c   Section        0  rtx_thread.o(i.svcRtxThreadNew)
    svcRtxThreadNew                          0x0000468d   Thumb Code   608  rtx_thread.o(i.svcRtxThreadNew)
    i.welcome                                0x00004900   Section        0  main.o(i.welcome)
    i.wr_cmd                                 0x00004920   Section        0  glcd_spi_lpc1700.o(i.wr_cmd)
    wr_cmd                                   0x00004921   Thumb Code    36  glcd_spi_lpc1700.o(i.wr_cmd)
    i.wr_dat                                 0x00004948   Section        0  glcd_spi_lpc1700.o(i.wr_dat)
    wr_dat                                   0x00004949   Thumb Code    36  glcd_spi_lpc1700.o(i.wr_dat)
    i.wr_dat_only                            0x00004970   Section        0  glcd_spi_lpc1700.o(i.wr_dat_only)
    wr_dat_only                              0x00004971   Thumb Code    18  glcd_spi_lpc1700.o(i.wr_dat_only)
    i.wr_dat_start                           0x00004984   Section        0  glcd_spi_lpc1700.o(i.wr_dat_start)
    wr_dat_start                             0x00004985   Thumb Code    16  glcd_spi_lpc1700.o(i.wr_dat_start)
    i.wr_dat_stop                            0x00004998   Section        0  glcd_spi_lpc1700.o(i.wr_dat_stop)
    wr_dat_stop                              0x00004999   Thumb Code     8  glcd_spi_lpc1700.o(i.wr_dat_stop)
    i.wr_reg                                 0x000049a4   Section        0  glcd_spi_lpc1700.o(i.wr_reg)
    wr_reg                                   0x000049a5   Thumb Code    20  glcd_spi_lpc1700.o(i.wr_reg)
    .constdata                               0x000049b8   Section     6272  glcd_spi_lpc1700.o(.constdata)
    .constdata                               0x00006238   Section      100  rtx_lib.o(.constdata)
    os_idle_thread_attr                      0x00006238   Data          36  rtx_lib.o(.constdata)
    os_timer_thread_attr                     0x0000625c   Data          36  rtx_lib.o(.constdata)
    os_timer_mq_attr                         0x00006280   Data          24  rtx_lib.o(.constdata)
    .conststrlit                             0x0000629c   Section       11  rtx_kernel.o(.conststrlit)
    .rodata                                  0x000062a8   Section      104  rtx_lib.o(.rodata)
    __tagsym$$used                           0x000062a8   Number         0  rtx_lib.o(.rodata)
    .bss.os                                  0x10000000   Section     4160  rtx_lib.o(.bss.os)
    os_mem                                   0x10000000   Data        4096  rtx_lib.o(.bss.os)
    os_isr_queue                             0x10001000   Data          64  rtx_lib.o(.bss.os)
    .bss.os.msgqueue.cb                      0x10001040   Section       52  rtx_lib.o(.bss.os.msgqueue.cb)
    os_timer_mq_cb                           0x10001040   Data          52  rtx_lib.o(.bss.os.msgqueue.cb)
    .bss.os.msgqueue.mem                     0x10001074   Section       80  rtx_lib.o(.bss.os.msgqueue.mem)
    os_timer_mq_data                         0x10001074   Data          80  rtx_lib.o(.bss.os.msgqueue.mem)
    .bss.os.thread.cb                        0x100010c4   Section      136  rtx_lib.o(.bss.os.thread.cb)
    os_idle_thread_cb                        0x100010c4   Data          68  rtx_lib.o(.bss.os.thread.cb)
    os_timer_thread_cb                       0x10001108   Data          68  rtx_lib.o(.bss.os.thread.cb)
    .bss.os.thread.stack                     0x10001150   Section      512  rtx_lib.o(.bss.os.thread.stack)
    os_idle_thread_stack                     0x10001150   Data         256  rtx_lib.o(.bss.os.thread.stack)
    os_timer_thread_stack                    0x10001250   Data         256  rtx_lib.o(.bss.os.thread.stack)
    .data                                    0x10001350   Section        5  glcd_spi_lpc1700.o(.data)
    Color                                    0x10001350   Data           4  glcd_spi_lpc1700.o(.data)
    Himax                                    0x10001354   Data           1  glcd_spi_lpc1700.o(.data)
    .data                                    0x10001358   Section       12  retarget.o(.data)
    .data                                    0x10001364   Section       32  uart.o(.data)
    .data                                    0x10001384   Section       33  main.o(.data)
    .data                                    0x100013a6   Section     1482  game_object.o(.data)
    .data                                    0x10001970   Section       16  lfsr113.o(.data)
    z1                                       0x10001970   Data           4  lfsr113.o(.data)
    z2                                       0x10001974   Data           4  lfsr113.o(.data)
    z3                                       0x10001978   Data           4  lfsr113.o(.data)
    z4                                       0x1000197c   Data           4  lfsr113.o(.data)
    .data                                    0x10001980   Section        1  os_systick.o(.data)
    PendST                                   0x10001980   Data           1  os_systick.o(.data)
    .data                                    0x10001984   Section        4  system_lpc17xx.o(.data)
    .data                                    0x10001988   Section        4  mvars.o(.data)
    .data                                    0x1000198c   Section        4  mvars.o(.data)
    .data.os                                 0x10001990   Section      164  rtx_kernel.o(.data.os)
    .bss                                     0x10001a34   Section      128  uart.o(.bss)
    HEAP                                     0x10001ab8   Section     8192  startup_lpc17xx.o(HEAP)
    STACK                                    0x10003ab8   Section     8192  startup_lpc17xx.o(STACK)

    Global Symbols

    Symbol Name                              Value     Ov Type        Size  Object(Section)

    BuildAttributes$$THM_ISAv4$P$D$K$B$S$PE$A:L22UL41UL21$X:L11$S22US41US21$IEEE1$IW$USESV6$~STKCKD$USESV7$~SHL$OSPACE$ROPI$EBA8$MICROLIB$REQ8$PRES8$EABIv2 0x00000000   Number         0  anon$$obj.o ABSOLUTE
    __ARM_use_no_argv                        0x00000000   Number         0  main.o ABSOLUTE
    __Vectors                                0x00000000   Data           4  startup_lpc17xx.o(RESET)
    .bss.os.evflags.cb$$Base                  - Undefined Weak Reference
    .bss.os.evflags.cb$$Limit                 - Undefined Weak Reference
    .bss.os.mempool.cb$$Base                  - Undefined Weak Reference
    .bss.os.mempool.cb$$Limit                 - Undefined Weak Reference
    .bss.os.mutex.cb$$Base                    - Undefined Weak Reference
    .bss.os.mutex.cb$$Limit                   - Undefined Weak Reference
    .bss.os.semaphore.cb$$Base                - Undefined Weak Reference
    .bss.os.semaphore.cb$$Limit               - Undefined Weak Reference
    .bss.os.timer.cb$$Base                    - Undefined Weak Reference
    .bss.os.timer.cb$$Limit                   - Undefined Weak Reference
    __cpp_initialize__aeabi_                  - Undefined Weak Reference
    __cxa_finalize                            - Undefined Weak Reference
    _clock_init                               - Undefined Weak Reference
    _microlib_exit                            - Undefined Weak Reference
    __main                                   0x000000cd   Thumb Code     0  entry.o(.ARM.Collect$$$$00000000)
    _main_stk                                0x000000cd   Thumb Code     0  entry2.o(.ARM.Collect$$$$00000001)
    _main_scatterload                        0x000000d1   Thumb Code     0  entry5.o(.ARM.Collect$$$$00000004)
    __main_after_scatterload                 0x000000d5   Thumb Code     0  entry5.o(.ARM.Collect$$$$00000004)
    _main_clock                              0x000000d5   Thumb Code     0  entry7b.o(.ARM.Collect$$$$00000008)
    _main_cpp_init                           0x000000d5   Thumb Code     0  entry8b.o(.ARM.Collect$$$$0000000A)
    _main_init                               0x000000d5   Thumb Code     0  entry9a.o(.ARM.Collect$$$$0000000B)
    __rt_final_cpp                           0x000000dd   Thumb Code     0  entry10a.o(.ARM.Collect$$$$0000000D)
    __rt_final_exit                          0x000000dd   Thumb Code     0  entry11a.o(.ARM.Collect$$$$0000000F)
    __asm___13_rtx_evflags_c_e167c757__atomic_wr8 0x000000e1   Thumb Code    16  rtx_evflags.o(.emb_text)
    __asm___13_rtx_evflags_c_e167c757__atomic_set32 0x000000f1   Thumb Code    20  rtx_evflags.o(.emb_text)
    __asm___13_rtx_evflags_c_e167c757__atomic_clr32 0x00000105   Thumb Code    22  rtx_evflags.o(.emb_text)
    __asm___13_rtx_evflags_c_e167c757__atomic_chk32_all 0x0000011b   Thumb Code    38  rtx_evflags.o(.emb_text)
    __asm___13_rtx_evflags_c_e167c757__atomic_chk32_any 0x00000141   Thumb Code    34  rtx_evflags.o(.emb_text)
    __asm___13_rtx_evflags_c_e167c757__atomic_inc32 0x00000163   Thumb Code    18  rtx_evflags.o(.emb_text)
    __asm___13_rtx_evflags_c_e167c757__atomic_inc32_lt 0x00000175   Thumb Code    30  rtx_evflags.o(.emb_text)
    __asm___13_rtx_evflags_c_e167c757__atomic_inc16_lt 0x00000193   Thumb Code    30  rtx_evflags.o(.emb_text)
    __asm___13_rtx_evflags_c_e167c757__atomic_inc16_lim 0x000001b1   Thumb Code    26  rtx_evflags.o(.emb_text)
    __asm___13_rtx_evflags_c_e167c757__atomic_dec32_nz 0x000001cb   Thumb Code    26  rtx_evflags.o(.emb_text)
    __asm___13_rtx_evflags_c_e167c757__atomic_dec16_nz 0x000001e5   Thumb Code    26  rtx_evflags.o(.emb_text)
    __asm___13_rtx_evflags_c_e167c757__atomic_link_get 0x000001ff   Thumb Code    26  rtx_evflags.o(.emb_text)
    __asm___13_rtx_evflags_c_e167c757__atomic_link_put 0x00000219   Thumb Code    28  rtx_evflags.o(.emb_text)
    SVC_Handler                              0x00000235   Thumb Code   108  irq_cm3.o(.text)
    PendSV_Handler                           0x000002a1   Thumb Code    16  irq_cm3.o(.text)
    SysTick_Handler                          0x000002b1   Thumb Code    16  irq_cm3.o(.text)
    Reset_Handler                            0x000002c9   Thumb Code     8  startup_lpc17xx.o(.text)
    NMI_Handler                              0x000002d1   Thumb Code     2  startup_lpc17xx.o(.text)
    HardFault_Handler                        0x000002d3   Thumb Code     2  startup_lpc17xx.o(.text)
    MemManage_Handler                        0x000002d5   Thumb Code     2  startup_lpc17xx.o(.text)
    BusFault_Handler                         0x000002d7   Thumb Code     2  startup_lpc17xx.o(.text)
    UsageFault_Handler                       0x000002d9   Thumb Code     2  startup_lpc17xx.o(.text)
    DebugMon_Handler                         0x000002dd   Thumb Code     2  startup_lpc17xx.o(.text)
    BOD_IRQHandler                           0x000002e3   Thumb Code     0  startup_lpc17xx.o(.text)
    CANActivity_IRQHandler                   0x000002e3   Thumb Code     0  startup_lpc17xx.o(.text)
    CAN_IRQHandler                           0x000002e3   Thumb Code     0  startup_lpc17xx.o(.text)
    DMA_IRQHandler                           0x000002e3   Thumb Code     0  startup_lpc17xx.o(.text)
    EINT0_IRQHandler                         0x000002e3   Thumb Code     0  startup_lpc17xx.o(.text)
    EINT1_IRQHandler                         0x000002e3   Thumb Code     0  startup_lpc17xx.o(.text)
    EINT2_IRQHandler                         0x000002e3   Thumb Code     0  startup_lpc17xx.o(.text)
    ENET_IRQHandler                          0x000002e3   Thumb Code     0  startup_lpc17xx.o(.text)
    I2C0_IRQHandler                          0x000002e3   Thumb Code     0  startup_lpc17xx.o(.text)
    I2C1_IRQHandler                          0x000002e3   Thumb Code     0  startup_lpc17xx.o(.text)
    I2C2_IRQHandler                          0x000002e3   Thumb Code     0  startup_lpc17xx.o(.text)
    I2S_IRQHandler                           0x000002e3   Thumb Code     0  startup_lpc17xx.o(.text)
    MCPWM_IRQHandler                         0x000002e3   Thumb Code     0  startup_lpc17xx.o(.text)
    PLL0_IRQHandler                          0x000002e3   Thumb Code     0  startup_lpc17xx.o(.text)
    PLL1_IRQHandler                          0x000002e3   Thumb Code     0  startup_lpc17xx.o(.text)
    PWM1_IRQHandler                          0x000002e3   Thumb Code     0  startup_lpc17xx.o(.text)
    QEI_IRQHandler                           0x000002e3   Thumb Code     0  startup_lpc17xx.o(.text)
    RIT_IRQHandler                           0x000002e3   Thumb Code     0  startup_lpc17xx.o(.text)
    RTC_IRQHandler                           0x000002e3   Thumb Code     0  startup_lpc17xx.o(.text)
    SPI_IRQHandler                           0x000002e3   Thumb Code     0  startup_lpc17xx.o(.text)
    SSP0_IRQHandler                          0x000002e3   Thumb Code     0  startup_lpc17xx.o(.text)
    SSP1_IRQHandler                          0x000002e3   Thumb Code     0  startup_lpc17xx.o(.text)
    TIMER0_IRQHandler                        0x000002e3   Thumb Code     0  startup_lpc17xx.o(.text)
    TIMER1_IRQHandler                        0x000002e3   Thumb Code     0  startup_lpc17xx.o(.text)
    TIMER2_IRQHandler                        0x000002e3   Thumb Code     0  startup_lpc17xx.o(.text)
    TIMER3_IRQHandler                        0x000002e3   Thumb Code     0  startup_lpc17xx.o(.text)
    UART2_IRQHandler                         0x000002e3   Thumb Code     0  startup_lpc17xx.o(.text)
    UART3_IRQHandler                         0x000002e3   Thumb Code     0  startup_lpc17xx.o(.text)
    USBActivity_IRQHandler                   0x000002e3   Thumb Code     0  startup_lpc17xx.o(.text)
    USB_IRQHandler                           0x000002e3   Thumb Code     0  startup_lpc17xx.o(.text)
    WDT_IRQHandler                           0x000002e3   Thumb Code     0  startup_lpc17xx.o(.text)
    EvrRtxEventFlagsClear                    0x000002ed   Thumb Code     2  rtx_evr.o(i.EvrRtxEventFlagsClear)
    __I$use$fp                               0x000002ed   Thumb Code     0  iusefp.o(.text)
    EvrRtxEventFlagsClearDone                0x000002ef   Thumb Code     2  rtx_evr.o(i.EvrRtxEventFlagsClearDone)
    EvrRtxEventFlagsCreated                  0x000002f1   Thumb Code     2  rtx_evr.o(i.EvrRtxEventFlagsCreated)
    EvrRtxEventFlagsError                    0x000002f3   Thumb Code     2  rtx_evr.o(i.EvrRtxEventFlagsError)
    EvrRtxEventFlagsGet                      0x000002f5   Thumb Code     2  rtx_evr.o(i.EvrRtxEventFlagsGet)
    EvrRtxEventFlagsNew                      0x000002f7   Thumb Code     2  rtx_evr.o(i.EvrRtxEventFlagsNew)
    EvrRtxEventFlagsSet                      0x000002f9   Thumb Code     2  rtx_evr.o(i.EvrRtxEventFlagsSet)
    EvrRtxEventFlagsSetDone                  0x000002fb   Thumb Code     2  rtx_evr.o(i.EvrRtxEventFlagsSetDone)
    __asm___13_rtx_mempool_c_7914b4c7__atomic_wr8 0x00000301   Thumb Code    16  rtx_mempool.o(.emb_text)
    __asm___13_rtx_mempool_c_7914b4c7__atomic_set32 0x00000311   Thumb Code    20  rtx_mempool.o(.emb_text)
    __asm___13_rtx_mempool_c_7914b4c7__atomic_clr32 0x00000325   Thumb Code    22  rtx_mempool.o(.emb_text)
    __asm___13_rtx_mempool_c_7914b4c7__atomic_chk32_all 0x0000033b   Thumb Code    38  rtx_mempool.o(.emb_text)
    __asm___13_rtx_mempool_c_7914b4c7__atomic_chk32_any 0x00000361   Thumb Code    34  rtx_mempool.o(.emb_text)
    __asm___13_rtx_mempool_c_7914b4c7__atomic_inc32 0x00000383   Thumb Code    18  rtx_mempool.o(.emb_text)
    __asm___13_rtx_mempool_c_7914b4c7__atomic_inc32_lt 0x00000395   Thumb Code    30  rtx_mempool.o(.emb_text)
    __asm___13_rtx_mempool_c_7914b4c7__atomic_inc16_lt 0x000003b3   Thumb Code    30  rtx_mempool.o(.emb_text)
    __asm___13_rtx_mempool_c_7914b4c7__atomic_inc16_lim 0x000003d1   Thumb Code    26  rtx_mempool.o(.emb_text)
    __asm___13_rtx_mempool_c_7914b4c7__atomic_dec32_nz 0x000003eb   Thumb Code    26  rtx_mempool.o(.emb_text)
    __asm___13_rtx_mempool_c_7914b4c7__atomic_dec16_nz 0x00000405   Thumb Code    26  rtx_mempool.o(.emb_text)
    __asm___13_rtx_mempool_c_7914b4c7__atomic_link_get 0x0000041f   Thumb Code    26  rtx_mempool.o(.emb_text)
    __asm___13_rtx_mempool_c_7914b4c7__atomic_link_put 0x00000439   Thumb Code    28  rtx_mempool.o(.emb_text)
    __asm___14_rtx_msgqueue_c_ba128ae8__atomic_wr8 0x00000455   Thumb Code    16  rtx_msgqueue.o(.emb_text)
    __asm___14_rtx_msgqueue_c_ba128ae8__atomic_set32 0x00000465   Thumb Code    20  rtx_msgqueue.o(.emb_text)
    __asm___14_rtx_msgqueue_c_ba128ae8__atomic_clr32 0x00000479   Thumb Code    22  rtx_msgqueue.o(.emb_text)
    __asm___14_rtx_msgqueue_c_ba128ae8__atomic_chk32_all 0x0000048f   Thumb Code    38  rtx_msgqueue.o(.emb_text)
    __asm___14_rtx_msgqueue_c_ba128ae8__atomic_chk32_any 0x000004b5   Thumb Code    34  rtx_msgqueue.o(.emb_text)
    __asm___14_rtx_msgqueue_c_ba128ae8__atomic_inc32 0x000004d7   Thumb Code    18  rtx_msgqueue.o(.emb_text)
    __asm___14_rtx_msgqueue_c_ba128ae8__atomic_inc32_lt 0x000004e9   Thumb Code    30  rtx_msgqueue.o(.emb_text)
    __asm___14_rtx_msgqueue_c_ba128ae8__atomic_inc16_lt 0x00000507   Thumb Code    30  rtx_msgqueue.o(.emb_text)
    __asm___14_rtx_msgqueue_c_ba128ae8__atomic_inc16_lim 0x00000525   Thumb Code    26  rtx_msgqueue.o(.emb_text)
    __asm___14_rtx_msgqueue_c_ba128ae8__atomic_dec32_nz 0x0000053f   Thumb Code    26  rtx_msgqueue.o(.emb_text)
    __asm___14_rtx_msgqueue_c_ba128ae8__atomic_dec16_nz 0x00000559   Thumb Code    26  rtx_msgqueue.o(.emb_text)
    __asm___14_rtx_msgqueue_c_ba128ae8__atomic_link_get 0x00000573   Thumb Code    26  rtx_msgqueue.o(.emb_text)
    __asm___14_rtx_msgqueue_c_ba128ae8__atomic_link_put 0x0000058d   Thumb Code    28  rtx_msgqueue.o(.emb_text)
    __asm___12_rtx_system_c_024f2f18__atomic_wr8 0x000005a9   Thumb Code    16  rtx_system.o(.emb_text)
    __asm___12_rtx_system_c_024f2f18__atomic_set32 0x000005b9   Thumb Code    20  rtx_system.o(.emb_text)
    __asm___12_rtx_system_c_024f2f18__atomic_clr32 0x000005cd   Thumb Code    22  rtx_system.o(.emb_text)
    __asm___12_rtx_system_c_024f2f18__atomic_chk32_all 0x000005e3   Thumb Code    38  rtx_system.o(.emb_text)
    __asm___12_rtx_system_c_024f2f18__atomic_chk32_any 0x00000609   Thumb Code    34  rtx_system.o(.emb_text)
    __asm___12_rtx_system_c_024f2f18__atomic_inc32 0x0000062b   Thumb Code    18  rtx_system.o(.emb_text)
    __asm___12_rtx_system_c_024f2f18__atomic_inc32_lt 0x0000063d   Thumb Code    30  rtx_system.o(.emb_text)
    __asm___12_rtx_system_c_024f2f18__atomic_inc16_lt 0x0000065b   Thumb Code    30  rtx_system.o(.emb_text)
    __asm___12_rtx_system_c_024f2f18__atomic_inc16_lim 0x00000679   Thumb Code    26  rtx_system.o(.emb_text)
    __asm___12_rtx_system_c_024f2f18__atomic_dec32_nz 0x00000693   Thumb Code    26  rtx_system.o(.emb_text)
    __asm___12_rtx_system_c_024f2f18__atomic_dec16_nz 0x000006ad   Thumb Code    26  rtx_system.o(.emb_text)
    __asm___12_rtx_system_c_024f2f18__atomic_link_get 0x000006c7   Thumb Code    26  rtx_system.o(.emb_text)
    __asm___12_rtx_system_c_024f2f18__atomic_link_put 0x000006e1   Thumb Code    28  rtx_system.o(.emb_text)
    __asm___12_rtx_thread_c_add96be5__atomic_wr8 0x000006fd   Thumb Code    16  rtx_thread.o(.emb_text)
    __asm___12_rtx_thread_c_add96be5__atomic_set32 0x0000070d   Thumb Code    20  rtx_thread.o(.emb_text)
    __asm___12_rtx_thread_c_add96be5__atomic_clr32 0x00000721   Thumb Code    22  rtx_thread.o(.emb_text)
    __asm___12_rtx_thread_c_add96be5__atomic_chk32_all 0x00000737   Thumb Code    38  rtx_thread.o(.emb_text)
    __asm___12_rtx_thread_c_add96be5__atomic_chk32_any 0x0000075d   Thumb Code    34  rtx_thread.o(.emb_text)
    __asm___12_rtx_thread_c_add96be5__atomic_inc32 0x0000077f   Thumb Code    18  rtx_thread.o(.emb_text)
    __asm___12_rtx_thread_c_add96be5__atomic_inc32_lt 0x00000791   Thumb Code    30  rtx_thread.o(.emb_text)
    __asm___12_rtx_thread_c_add96be5__atomic_inc16_lt 0x000007af   Thumb Code    30  rtx_thread.o(.emb_text)
    __asm___12_rtx_thread_c_add96be5__atomic_inc16_lim 0x000007cd   Thumb Code    26  rtx_thread.o(.emb_text)
    __asm___12_rtx_thread_c_add96be5__atomic_dec32_nz 0x000007e7   Thumb Code    26  rtx_thread.o(.emb_text)
    __asm___12_rtx_thread_c_add96be5__atomic_dec16_nz 0x00000801   Thumb Code    26  rtx_thread.o(.emb_text)
    __asm___12_rtx_thread_c_add96be5__atomic_link_get 0x0000081b   Thumb Code    26  rtx_thread.o(.emb_text)
    __asm___12_rtx_thread_c_add96be5__atomic_link_put 0x00000835   Thumb Code    28  rtx_thread.o(.emb_text)
    __aeabi_memcpy                           0x00000851   Thumb Code    36  memcpya.o(.text)
    __aeabi_memcpy4                          0x00000851   Thumb Code     0  memcpya.o(.text)
    __aeabi_memcpy8                          0x00000851   Thumb Code     0  memcpya.o(.text)
    __aeabi_memset                           0x00000875   Thumb Code    14  memseta.o(.text)
    __aeabi_memset4                          0x00000875   Thumb Code     0  memseta.o(.text)
    __aeabi_memset8                          0x00000875   Thumb Code     0  memseta.o(.text)
    __aeabi_memclr                           0x00000883   Thumb Code     4  memseta.o(.text)
    __aeabi_memclr4                          0x00000883   Thumb Code     0  memseta.o(.text)
    __aeabi_memclr8                          0x00000883   Thumb Code     0  memseta.o(.text)
    _memset$wrapper                          0x00000887   Thumb Code    18  memseta.o(.text)
    __aeabi_ddiv                             0x00000899   Thumb Code   222  ddiv.o(.text)
    __aeabi_i2d                              0x00000977   Thumb Code    34  dflti.o(.text)
    __aeabi_d2iz                             0x00000999   Thumb Code    62  dfixi.o(.text)
    __aeabi_llsl                             0x000009d7   Thumb Code    30  llshl.o(.text)
    _ll_shift_l                              0x000009d7   Thumb Code     0  llshl.o(.text)
    __aeabi_llsr                             0x000009f5   Thumb Code    32  llushr.o(.text)
    _ll_ushift_r                             0x000009f5   Thumb Code     0  llushr.o(.text)
    _double_round                            0x00000a15   Thumb Code    30  depilogue.o(.text)
    _double_epilogue                         0x00000a33   Thumb Code   156  depilogue.o(.text)
    __scatterload                            0x00000ad1   Thumb Code    28  init.o(.text)
    __scatterload_rt2                        0x00000ad1   Thumb Code     0  init.o(.text)
    __decompress                             0x00000af5   Thumb Code     0  __dczerorl2.o(.text)
    __decompress1                            0x00000af5   Thumb Code    86  __dczerorl2.o(.text)
    ADC_IRQHandler                           0x00000b4d   Thumb Code    18  main.o(i.ADC_IRQHandler)
    EINT3_IRQHandler                         0x00000b69   Thumb Code    42  main.o(i.EINT3_IRQHandler)
    EvrRtxEventFlagsWaitCompleted            0x00000c23   Thumb Code     2  rtx_evr.o(i.EvrRtxEventFlagsWaitCompleted)
    EvrRtxEventFlagsWaitTimeout              0x00000c25   Thumb Code     2  rtx_evr.o(i.EvrRtxEventFlagsWaitTimeout)
    EvrRtxKernelError                        0x00000c27   Thumb Code     2  rtx_evr.o(i.EvrRtxKernelError)
    EvrRtxKernelGetTickFreq                  0x00000c29   Thumb Code     2  rtx_evr.o(i.EvrRtxKernelGetTickFreq)
    EvrRtxKernelInitialize                   0x00000c2b   Thumb Code     2  rtx_evr.o(i.EvrRtxKernelInitialize)
    EvrRtxKernelInitializeCompleted          0x00000c2d   Thumb Code     2  rtx_evr.o(i.EvrRtxKernelInitializeCompleted)
    EvrRtxKernelStart                        0x00000c2f   Thumb Code     2  rtx_evr.o(i.EvrRtxKernelStart)
    EvrRtxKernelStarted                      0x00000c31   Thumb Code     2  rtx_evr.o(i.EvrRtxKernelStarted)
    EvrRtxMemoryAlloc                        0x00000c33   Thumb Code     2  rtx_evr.o(i.EvrRtxMemoryAlloc)
    EvrRtxMemoryBlockAlloc                   0x00000c35   Thumb Code     2  rtx_evr.o(i.EvrRtxMemoryBlockAlloc)
    EvrRtxMemoryBlockFree                    0x00000c37   Thumb Code     2  rtx_evr.o(i.EvrRtxMemoryBlockFree)
    EvrRtxMemoryBlockInit                    0x00000c39   Thumb Code     2  rtx_evr.o(i.EvrRtxMemoryBlockInit)
    EvrRtxMemoryFree                         0x00000c3b   Thumb Code     2  rtx_evr.o(i.EvrRtxMemoryFree)
    EvrRtxMemoryInit                         0x00000c3d   Thumb Code     2  rtx_evr.o(i.EvrRtxMemoryInit)
    EvrRtxMemoryPoolAllocTimeout             0x00000c3f   Thumb Code     2  rtx_evr.o(i.EvrRtxMemoryPoolAllocTimeout)
    EvrRtxMessageQueueCreated                0x00000c41   Thumb Code     2  rtx_evr.o(i.EvrRtxMessageQueueCreated)
    EvrRtxMessageQueueError                  0x00000c43   Thumb Code     2  rtx_evr.o(i.EvrRtxMessageQueueError)
    EvrRtxMessageQueueGet                    0x00000c45   Thumb Code     2  rtx_evr.o(i.EvrRtxMessageQueueGet)
    EvrRtxMessageQueueGetPending             0x00000c47   Thumb Code     2  rtx_evr.o(i.EvrRtxMessageQueueGetPending)
    EvrRtxMessageQueueGetTimeout             0x00000c49   Thumb Code     2  rtx_evr.o(i.EvrRtxMessageQueueGetTimeout)
    EvrRtxMessageQueueInsertPending          0x00000c4b   Thumb Code     2  rtx_evr.o(i.EvrRtxMessageQueueInsertPending)
    EvrRtxMessageQueueInserted               0x00000c4d   Thumb Code     2  rtx_evr.o(i.EvrRtxMessageQueueInserted)
    EvrRtxMessageQueueNew                    0x00000c4f   Thumb Code     2  rtx_evr.o(i.EvrRtxMessageQueueNew)
    EvrRtxMessageQueueNotInserted            0x00000c51   Thumb Code     2  rtx_evr.o(i.EvrRtxMessageQueueNotInserted)
    EvrRtxMessageQueueNotRetrieved           0x00000c53   Thumb Code     2  rtx_evr.o(i.EvrRtxMessageQueueNotRetrieved)
    EvrRtxMessageQueuePut                    0x00000c55   Thumb Code     2  rtx_evr.o(i.EvrRtxMessageQueuePut)
    EvrRtxMessageQueuePutPending             0x00000c57   Thumb Code     2  rtx_evr.o(i.EvrRtxMessageQueuePutPending)
    EvrRtxMessageQueuePutTimeout             0x00000c59   Thumb Code     2  rtx_evr.o(i.EvrRtxMessageQueuePutTimeout)
    EvrRtxMessageQueueRetrieved              0x00000c5b   Thumb Code     2  rtx_evr.o(i.EvrRtxMessageQueueRetrieved)
    EvrRtxMutexAcquire                       0x00000c5d   Thumb Code     2  rtx_evr.o(i.EvrRtxMutexAcquire)
    EvrRtxMutexAcquirePending                0x00000c5f   Thumb Code     2  rtx_evr.o(i.EvrRtxMutexAcquirePending)
    EvrRtxMutexAcquireTimeout                0x00000c61   Thumb Code     2  rtx_evr.o(i.EvrRtxMutexAcquireTimeout)
    EvrRtxMutexAcquired                      0x00000c63   Thumb Code     2  rtx_evr.o(i.EvrRtxMutexAcquired)
    EvrRtxMutexCreated                       0x00000c65   Thumb Code     2  rtx_evr.o(i.EvrRtxMutexCreated)
    EvrRtxMutexError                         0x00000c67   Thumb Code     2  rtx_evr.o(i.EvrRtxMutexError)
    EvrRtxMutexNew                           0x00000c69   Thumb Code     2  rtx_evr.o(i.EvrRtxMutexNew)
    EvrRtxMutexNotAcquired                   0x00000c6b   Thumb Code     2  rtx_evr.o(i.EvrRtxMutexNotAcquired)
    EvrRtxMutexRelease                       0x00000c6d   Thumb Code     2  rtx_evr.o(i.EvrRtxMutexRelease)
    EvrRtxMutexReleased                      0x00000c6f   Thumb Code     2  rtx_evr.o(i.EvrRtxMutexReleased)
    EvrRtxSemaphoreAcquireTimeout            0x00000c71   Thumb Code     2  rtx_evr.o(i.EvrRtxSemaphoreAcquireTimeout)
    EvrRtxThreadBlocked                      0x00000c73   Thumb Code     2  rtx_evr.o(i.EvrRtxThreadBlocked)
    EvrRtxThreadCreated                      0x00000c75   Thumb Code     2  rtx_evr.o(i.EvrRtxThreadCreated)
    EvrRtxThreadDelay                        0x00000c77   Thumb Code     2  rtx_evr.o(i.EvrRtxThreadDelay)
    EvrRtxThreadDelayCompleted               0x00000c79   Thumb Code     2  rtx_evr.o(i.EvrRtxThreadDelayCompleted)
    EvrRtxThreadDestroyed                    0x00000c7b   Thumb Code     2  rtx_evr.o(i.EvrRtxThreadDestroyed)
    EvrRtxThreadError                        0x00000c7d   Thumb Code     2  rtx_evr.o(i.EvrRtxThreadError)
    EvrRtxThreadExit                         0x00000c7f   Thumb Code     2  rtx_evr.o(i.EvrRtxThreadExit)
    EvrRtxThreadFlagsWaitCompleted           0x00000c81   Thumb Code     2  rtx_evr.o(i.EvrRtxThreadFlagsWaitCompleted)
    EvrRtxThreadFlagsWaitTimeout             0x00000c83   Thumb Code     2  rtx_evr.o(i.EvrRtxThreadFlagsWaitTimeout)
    EvrRtxThreadJoined                       0x00000c85   Thumb Code     2  rtx_evr.o(i.EvrRtxThreadJoined)
    EvrRtxThreadNew                          0x00000c87   Thumb Code     2  rtx_evr.o(i.EvrRtxThreadNew)
    EvrRtxThreadPreempted                    0x00000c89   Thumb Code     2  rtx_evr.o(i.EvrRtxThreadPreempted)
    EvrRtxThreadSwitched                     0x00000c8b   Thumb Code     2  rtx_evr.o(i.EvrRtxThreadSwitched)
    EvrRtxThreadUnblocked                    0x00000c8d   Thumb Code     2  rtx_evr.o(i.EvrRtxThreadUnblocked)
    EvrRtxTimerCallback                      0x00000c8f   Thumb Code     2  rtx_evr.o(i.EvrRtxTimerCallback)
    Free                                     0x00000c91   Thumb Code     6  uart.o(i.Free)
    FreeRcv                                  0x00000c99   Thumb Code    28  uart.o(i.FreeRcv)
    FreeSnd                                  0x00000cbd   Thumb Code    28  uart.o(i.FreeSnd)
    GLCD_Bitmap                              0x00000ce1   Thumb Code    82  glcd_spi_lpc1700.o(i.GLCD_Bitmap)
    GLCD_Clear                               0x00000d33   Thumb Code    42  glcd_spi_lpc1700.o(i.GLCD_Clear)
    GLCD_DisplayChar                         0x00000d5d   Thumb Code    84  glcd_spi_lpc1700.o(i.GLCD_DisplayChar)
    GLCD_DisplayString                       0x00000db9   Thumb Code    40  glcd_spi_lpc1700.o(i.GLCD_DisplayString)
    GLCD_DrawChar                            0x00000de1   Thumb Code   150  glcd_spi_lpc1700.o(i.GLCD_DrawChar)
    GLCD_Init                                0x00000e7d   Thumb Code  1506  glcd_spi_lpc1700.o(i.GLCD_Init)
    GLCD_SetBackColor                        0x00001465   Thumb Code     6  glcd_spi_lpc1700.o(i.GLCD_SetBackColor)
    GLCD_SetTextColor                        0x00001471   Thumb Code     6  glcd_spi_lpc1700.o(i.GLCD_SetTextColor)
    GLCD_SetWindow                           0x0000147d   Thumb Code   168  glcd_spi_lpc1700.o(i.GLCD_SetWindow)
    GLCD_WindowMax                           0x00001529   Thumb Code    18  glcd_spi_lpc1700.o(i.GLCD_WindowMax)
    LCD_updater                              0x0000162d   Thumb Code   620  main.o(i.LCD_updater)
    OS_Tick_AcknowledgeIRQ                   0x00001961   Thumb Code     8  os_systick.o(i.OS_Tick_AcknowledgeIRQ)
    OS_Tick_Enable                           0x00001969   Thumb Code    38  os_systick.o(i.OS_Tick_Enable)
    OS_Tick_GetIRQn                          0x00001999   Thumb Code     6  os_systick.o(i.OS_Tick_GetIRQn)
    OS_Tick_Setup                            0x000019a1   Thumb Code    66  os_systick.o(i.OS_Tick_Setup)
    SystemInit                               0x000019f1   Thumb Code   302  system_lpc17xx.o(i.SystemInit)
    UART0_IRQHandler                         0x00001be1   Thumb Code    88  uart.o(i.UART0_IRQHandler)
    UART1_IRQHandler                         0x00001c49   Thumb Code    90  uart.o(i.UART1_IRQHandler)
    UARTInit                                 0x00001cb9   Thumb Code   176  uart.o(i.UARTInit)
    UARTSendChar                             0x00001d75   Thumb Code    26  uart.o(i.UARTSendChar)
    __0printf$bare                           0x00001d99   Thumb Code     8  printfb.o(i.__0printf$bare)
    __1printf$bare                           0x00001d99   Thumb Code     0  printfb.o(i.__0printf$bare)
    __2printf                                0x00001d99   Thumb Code     0  printfb.o(i.__0printf$bare)
    __scatterload_copy                       0x00001ddd   Thumb Code    14  handlers.o(i.__scatterload_copy)
    __scatterload_null                       0x00001deb   Thumb Code     2  handlers.o(i.__scatterload_null)
    __scatterload_zeroinit                   0x00001ded   Thumb Code    14  handlers.o(i.__scatterload_zeroinit)
    add_object                               0x00001e1d   Thumb Code    54  game_object.o(i.add_object)
    bullet_spawner                           0x00001e55   Thumb Code    82  main.o(i.bullet_spawner)
    collide                                  0x00001eb5   Thumb Code    82  game_object.o(i.collide)
    create_bullet                            0x00001f09   Thumb Code    50  game_object.o(i.create_bullet)
    create_game_object_list                  0x00001f45   Thumb Code    22  game_object.o(i.create_game_object_list)
    create_goose                             0x00001f5d   Thumb Code    54  game_object.o(i.create_goose)
    create_player                            0x00001f9d   Thumb Code    46  game_object.o(i.create_player)
    fputc                                    0x00001fe3   Thumb Code    14  retarget.o(i.fputc)
    free                                     0x00001ff1   Thumb Code    76  malloc.o(i.free)
    game_end                                 0x00002041   Thumb Code    92  main.o(i.game_end)
    getFrequency                             0x000020ad   Thumb Code    62  uart.o(i.getFrequency)
    goose_spawner                            0x000020f5   Thumb Code   118  main.o(i.goose_spawner)
    init_game                                0x00002175   Thumb Code    38  main.o(i.init_game)
    init_peripherals                         0x000021ad   Thumb Code    58  main.o(i.init_peripherals)
    input_reader                             0x000021f5   Thumb Code   208  main.o(i.input_reader)
    lfsr113                                  0x000024ed   Thumb Code   128  lfsr113.o(i.lfsr113)
    main                                     0x0000257d   Thumb Code   120  main.o(i.main)
    malloc                                   0x00002615   Thumb Code    92  malloc.o(i.malloc)
    num_to_led                               0x00002681   Thumb Code   104  main.o(i.num_to_led)
    osDelay                                  0x000026ed   Thumb Code    56  rtx_delay.o(i.osDelay)
    osEventFlagsClear                        0x00002729   Thumb Code    58  rtx_evflags.o(i.osEventFlagsClear)
    osEventFlagsGet                          0x00002769   Thumb Code    44  rtx_evflags.o(i.osEventFlagsGet)
    osEventFlagsNew                          0x00002799   Thumb Code    54  rtx_evflags.o(i.osEventFlagsNew)
    osEventFlagsSet                          0x000027d5   Thumb Code    58  rtx_evflags.o(i.osEventFlagsSet)
    osKernelGetTickFreq                      0x00002815   Thumb Code    38  rtx_kernel.o(i.osKernelGetTickFreq)
    osKernelInitialize                       0x00002841   Thumb Code    48  rtx_kernel.o(i.osKernelInitialize)
    osKernelStart                            0x00002875   Thumb Code    48  rtx_kernel.o(i.osKernelStart)
    osMessageQueueGet                        0x000028a9   Thumb Code    78  rtx_msgqueue.o(i.osMessageQueueGet)
    osMessageQueueNew                        0x000028fd   Thumb Code    70  rtx_msgqueue.o(i.osMessageQueueNew)
    osMessageQueuePut                        0x00002949   Thumb Code    78  rtx_msgqueue.o(i.osMessageQueuePut)
    osMutexAcquire                           0x0000299d   Thumb Code    62  rtx_mutex.o(i.osMutexAcquire)
    osMutexNew                               0x000029e1   Thumb Code    54  rtx_mutex.o(i.osMutexNew)
    osMutexRelease                           0x00002a1d   Thumb Code    56  rtx_mutex.o(i.osMutexRelease)
    osRtxErrorNotify                         0x00002a59   Thumb Code    32  rtx_config.o(i.osRtxErrorNotify)
    osRtxIdleThread                          0x00002ac5   Thumb Code     4  rtx_config.o(i.osRtxIdleThread)
    osRtxMemoryAlloc                         0x00002ad5   Thumb Code   238  rtx_memory.o(i.osRtxMemoryAlloc)
    osRtxMemoryFree                          0x00002bc3   Thumb Code   124  rtx_memory.o(i.osRtxMemoryFree)
    osRtxMemoryInit                          0x00002c3f   Thumb Code   106  rtx_memory.o(i.osRtxMemoryInit)
    osRtxMemoryPoolAlloc                     0x00002ca9   Thumb Code    58  rtx_mempool.o(i.osRtxMemoryPoolAlloc)
    osRtxMemoryPoolFree                      0x00002ce3   Thumb Code    78  rtx_mempool.o(i.osRtxMemoryPoolFree)
    osRtxMemoryPoolInit                      0x00002d31   Thumb Code    88  rtx_mempool.o(i.osRtxMemoryPoolInit)
    osRtxMutexOwnerRelease                   0x00002eb1   Thumb Code    94  rtx_mutex.o(i.osRtxMutexOwnerRelease)
    osRtxPendSV_Handler                      0x00002f11   Thumb Code   126  rtx_system.o(i.osRtxPendSV_Handler)
    osRtxPostProcess                         0x00002f95   Thumb Code    50  rtx_system.o(i.osRtxPostProcess)
    osRtxThreadDelayTick                     0x000030ed   Thumb Code   216  rtx_thread.o(i.osRtxThreadDelayTick)
    osRtxThreadDispatch                      0x000031c9   Thumb Code   106  rtx_thread.o(i.osRtxThreadDispatch)
    osRtxThreadListGet                       0x000032a5   Thumb Code    28  rtx_thread.o(i.osRtxThreadListGet)
    osRtxThreadListPut                       0x000032c1   Thumb Code    50  rtx_thread.o(i.osRtxThreadListPut)
    osRtxThreadListRemove                    0x000032f3   Thumb Code    26  rtx_thread.o(i.osRtxThreadListRemove)
    osRtxThreadListSort                      0x0000331f   Thumb Code    42  rtx_thread.o(i.osRtxThreadListSort)
    osRtxThreadReadyPut                      0x00003389   Thumb Code    18  rtx_thread.o(i.osRtxThreadReadyPut)
    osRtxThreadRegPtr                        0x000033a1   Thumb Code    14  rtx_thread.o(i.osRtxThreadRegPtr)
    osRtxThreadStackCheck                    0x000033bd   Thumb Code    38  rtx_thread.o(i.osRtxThreadStackCheck)
    osRtxThreadStartup                       0x000033e9   Thumb Code    78  rtx_thread.o(i.osRtxThreadStartup)
    osRtxThreadSwitch                        0x00003449   Thumb Code    24  rtx_thread.o(i.osRtxThreadSwitch)
    osRtxThreadWaitEnter                     0x00003465   Thumb Code    78  rtx_thread.o(i.osRtxThreadWaitEnter)
    osRtxThreadWaitExit                      0x000034b9   Thumb Code    54  rtx_thread.o(i.osRtxThreadWaitExit)
    osRtxTick_Handler                        0x000034f1   Thumb Code   154  rtx_system.o(i.osRtxTick_Handler)
    osRtxTimerThread                         0x00003591   Thumb Code    76  rtx_timer.o(i.osRtxTimerThread)
    osThreadExit                             0x00003645   Thumb Code    28  rtx_thread.o(i.osThreadExit)
    osThreadNew                              0x00003665   Thumb Code    70  rtx_thread.o(i.osThreadNew)
    random_range                             0x000036b1   Thumb Code    24  main.o(i.random_range)
    remove_object                            0x0000379d   Thumb Code   138  game_object.o(i.remove_object)
    sendchar                                 0x00003829   Thumb Code    64  retarget.o(i.sendchar)
    state_monitor                            0x0000390d   Thumb Code   100  main.o(i.state_monitor)
    welcome                                  0x00004901   Thumb Code    16  main.o(i.welcome)
    Font_6x8_h                               0x000049b8   Data         896  glcd_spi_lpc1700.o(.constdata)
    Font_16x24_h                             0x00004d38   Data        5376  glcd_spi_lpc1700.o(.constdata)
    osRtxUserSVC                             0x00006298   Data           4  rtx_lib.o(.constdata)
    osRtxConfig                              0x000062a8   Data         104  rtx_lib.o(.rodata)
    Region$$Table$$Base                      0x00006310   Number         0  anon$$obj.o(Region$$Table)
    Region$$Table$$Limit                     0x00006330   Number         0  anon$$obj.o(Region$$Table)
    .bss.os.msgqueue.cb$$Base                0x10001040   Number         0  rtx_lib.o(.bss.os.msgqueue.cb)
    .bss.os.msgqueue.cb$$Limit               0x10001074   Number         0  rtx_lib.o(.bss.os.msgqueue.cb)
    .bss.os.thread.cb$$Base                  0x100010c4   Number         0  rtx_lib.o(.bss.os.thread.cb)
    .bss.os.thread.cb$$Limit                 0x1000114c   Number         0  rtx_lib.o(.bss.os.thread.cb)
    uart_init_called                         0x10001358   Data           1  retarget.o(.data)
    __stdout                                 0x1000135c   Data           4  retarget.o(.data)
    __stdin                                  0x10001360   Data           4  retarget.o(.data)
    ITM_RxBuffer                             0x10001364   Data           4  uart.o(.data)
    UART0Status                              0x10001368   Data           4  uart.o(.data)
    UART1Status                              0x1000136c   Data           4  uart.o(.data)
    UART0TxEmpty                             0x10001370   Data           1  uart.o(.data)
    UART1TxEmpty                             0x10001371   Data           1  uart.o(.data)
    UART0Count                               0x10001374   Data           4  uart.o(.data)
    UART1Count                               0x10001378   Data           4  uart.o(.data)
    RcvLock0                                 0x1000137c   Data           1  uart.o(.data)
    SndLock0                                 0x1000137d   Data           1  uart.o(.data)
    RcvLock1                                 0x1000137e   Data           1  uart.o(.data)
    SndLock1                                 0x1000137f   Data           1  uart.o(.data)
    i                                        0x10001380   Data           4  uart.o(.data)
    geese_list                               0x10001384   Data           4  main.o(.data)
    bullet_list                              0x10001388   Data           4  main.o(.data)
    player                                   0x1000138c   Data           4  main.o(.data)
    lives_remaining                          0x10001390   Data           4  main.o(.data)
    game_states                              0x10001394   Data           4  main.o(.data)
    game_start                               0x10001398   Data           4  main.o(.data)
    lcd_mutex                                0x1000139c   Data           4  main.o(.data)
    ADC_val                                  0x100013a0   Data           4  main.o(.data)
    button_press_ready                       0x100013a4   Data           1  main.o(.data)
    player_map                               0x100013a6   Data         128  game_object.o(.data)
    bullet_map                               0x10001426   Data         100  game_object.o(.data)
    goose_map                                0x1000148a   Data        1250  game_object.o(.data)
    erase_map                                0x1000196c   Data           2  game_object.o(.data)
    player_erase_map                         0x1000196e   Data           2  game_object.o(.data)
    SystemCoreClock                          0x10001984   Data           4  system_lpc17xx.o(.data)
    __microlib_freelist                      0x10001988   Data           4  mvars.o(.data)
    __microlib_freelist_initialised          0x1000198c   Data           4  mvars.o(.data)
    osRtxInfo                                0x10001990   Data         164  rtx_kernel.o(.data.os)
    UART0Buffer                              0x10001a34   Data          64  uart.o(.bss)
    UART1Buffer                              0x10001a74   Data          64  uart.o(.bss)
    __heap_base                              0x10001ab8   Data           0  startup_lpc17xx.o(HEAP)
    __heap_limit                             0x10003ab8   Data           0  startup_lpc17xx.o(HEAP)
    __initial_sp                             0x10005ab8   Data           0  startup_lpc17xx.o(STACK)



==============================================================================

Memory Map of the image

  Image Entry point : 0x000002c9

  Load Region LR_1 (Base: 0x00000000, Size: 0x00007d64, Max: 0xffffffff, ABSOLUTE, COMPRESSED[0x000063e4])

    Execution Region ER_RO (Exec base: 0x00000000, Load base: 0x00000000, Size: 0x00006330, Max: 0xffffffff, ABSOLUTE)

    Exec Addr    Load Addr    Size         Type   Attr      Idx    E Section Name        Object

    0x00000000   0x00000000   0x000000cc   Data   RO         3444    RESET               startup_lpc17xx.o
    0x000000cc   0x000000cc   0x00000000   Code   RO         3488  * .ARM.Collect$$$$00000000  mc_w.l(entry.o)
    0x000000cc   0x000000cc   0x00000004   Code   RO         3793    .ARM.Collect$$$$00000001  mc_w.l(entry2.o)
    0x000000d0   0x000000d0   0x00000004   Code   RO         3796    .ARM.Collect$$$$00000004  mc_w.l(entry5.o)
    0x000000d4   0x000000d4   0x00000000   Code   RO         3798    .ARM.Collect$$$$00000008  mc_w.l(entry7b.o)
    0x000000d4   0x000000d4   0x00000000   Code   RO         3800    .ARM.Collect$$$$0000000A  mc_w.l(entry8b.o)
    0x000000d4   0x000000d4   0x00000008   Code   RO         3801    .ARM.Collect$$$$0000000B  mc_w.l(entry9a.o)
    0x000000dc   0x000000dc   0x00000000   Code   RO         3803    .ARM.Collect$$$$0000000D  mc_w.l(entry10a.o)
    0x000000dc   0x000000dc   0x00000000   Code   RO         3805    .ARM.Collect$$$$0000000F  mc_w.l(entry11a.o)
    0x000000dc   0x000000dc   0x00000004   Code   RO         3794    .ARM.Collect$$$$00002712  mc_w.l(entry2.o)
    0x000000e0   0x000000e0   0x00000154   Code   RO          707    .emb_text           rtx_evflags.o
    0x00000234   0x00000234   0x00000094   Code   RO          602    .text               irq_cm3.o
    0x000002c8   0x000002c8   0x00000024   Code   RO         3446  * .text               startup_lpc17xx.o
    0x000002ec   0x000002ec   0x00000000   Code   RO         3815    .text               mc_w.l(iusefp.o)
    0x000002ec   0x000002ec   0x00000002   Code   RO          849    i.EvrRtxEventFlagsClear  rtx_evr.o
    0x000002ee   0x000002ee   0x00000002   Code   RO          850    i.EvrRtxEventFlagsClearDone  rtx_evr.o
    0x000002f0   0x000002f0   0x00000002   Code   RO          851    i.EvrRtxEventFlagsCreated  rtx_evr.o
    0x000002f2   0x000002f2   0x00000002   Code   RO          854    i.EvrRtxEventFlagsError  rtx_evr.o
    0x000002f4   0x000002f4   0x00000002   Code   RO          855    i.EvrRtxEventFlagsGet  rtx_evr.o
    0x000002f6   0x000002f6   0x00000002   Code   RO          857    i.EvrRtxEventFlagsNew  rtx_evr.o
    0x000002f8   0x000002f8   0x00000002   Code   RO          858    i.EvrRtxEventFlagsSet  rtx_evr.o
    0x000002fa   0x000002fa   0x00000002   Code   RO          859    i.EvrRtxEventFlagsSetDone  rtx_evr.o
    0x000002fc   0x000002fc   0x00000004   Code   RO         3445    .ARM.__at_0x02FC    startup_lpc17xx.o
    0x00000300   0x00000300   0x00000154   Code   RO         2163    .emb_text           rtx_mempool.o
    0x00000454   0x00000454   0x00000154   Code   RO         2330    .emb_text           rtx_msgqueue.o
    0x000005a8   0x000005a8   0x00000154   Code   RO         2741    .emb_text           rtx_system.o
    0x000006fc   0x000006fc   0x00000154   Code   RO         2797    .emb_text           rtx_thread.o
    0x00000850   0x00000850   0x00000024   Code   RO         3493    .text               mc_w.l(memcpya.o)
    0x00000874   0x00000874   0x00000024   Code   RO         3495    .text               mc_w.l(memseta.o)
    0x00000898   0x00000898   0x000000de   Code   RO         3787    .text               mf_w.l(ddiv.o)
    0x00000976   0x00000976   0x00000022   Code   RO         3789    .text               mf_w.l(dflti.o)
    0x00000998   0x00000998   0x0000003e   Code   RO         3791    .text               mf_w.l(dfixi.o)
    0x000009d6   0x000009d6   0x0000001e   Code   RO         3809    .text               mc_w.l(llshl.o)
    0x000009f4   0x000009f4   0x00000020   Code   RO         3811    .text               mc_w.l(llushr.o)
    0x00000a14   0x00000a14   0x000000ba   Code   RO         3816    .text               mf_w.l(depilogue.o)
    0x00000ace   0x00000ace   0x00000002   PAD
    0x00000ad0   0x00000ad0   0x00000024   Code   RO         3826    .text               mc_w.l(init.o)
    0x00000af4   0x00000af4   0x00000056   Code   RO         3838    .text               mc_w.l(__dczerorl2.o)
    0x00000b4a   0x00000b4a   0x00000002   PAD
    0x00000b4c   0x00000b4c   0x0000001c   Code   RO          393    i.ADC_IRQHandler    main.o
    0x00000b68   0x00000b68   0x00000038   Code   RO          394    i.EINT3_IRQHandler  main.o
    0x00000ba0   0x00000ba0   0x00000056   Code   RO          708    i.EventFlagsCheck   rtx_evflags.o
    0x00000bf6   0x00000bf6   0x00000016   Code   RO          709    i.EventFlagsClear   rtx_evflags.o
    0x00000c0c   0x00000c0c   0x00000016   Code   RO          710    i.EventFlagsSet     rtx_evflags.o
    0x00000c22   0x00000c22   0x00000002   Code   RO          861    i.EvrRtxEventFlagsWaitCompleted  rtx_evr.o
    0x00000c24   0x00000c24   0x00000002   Code   RO          864    i.EvrRtxEventFlagsWaitTimeout  rtx_evr.o
    0x00000c26   0x00000c26   0x00000002   Code   RO          865    i.EvrRtxKernelError  rtx_evr.o
    0x00000c28   0x00000c28   0x00000002   Code   RO          871    i.EvrRtxKernelGetTickFreq  rtx_evr.o
    0x00000c2a   0x00000c2a   0x00000002   Code   RO          873    i.EvrRtxKernelInitialize  rtx_evr.o
    0x00000c2c   0x00000c2c   0x00000002   Code   RO          874    i.EvrRtxKernelInitializeCompleted  rtx_evr.o
    0x00000c2e   0x00000c2e   0x00000002   Code   RO          881    i.EvrRtxKernelStart  rtx_evr.o
    0x00000c30   0x00000c30   0x00000002   Code   RO          882    i.EvrRtxKernelStarted  rtx_evr.o
    0x00000c32   0x00000c32   0x00000002   Code   RO          887    i.EvrRtxMemoryAlloc  rtx_evr.o
    0x00000c34   0x00000c34   0x00000002   Code   RO          888    i.EvrRtxMemoryBlockAlloc  rtx_evr.o
    0x00000c36   0x00000c36   0x00000002   Code   RO          889    i.EvrRtxMemoryBlockFree  rtx_evr.o
    0x00000c38   0x00000c38   0x00000002   Code   RO          890    i.EvrRtxMemoryBlockInit  rtx_evr.o
    0x00000c3a   0x00000c3a   0x00000002   Code   RO          891    i.EvrRtxMemoryFree  rtx_evr.o
    0x00000c3c   0x00000c3c   0x00000002   Code   RO          892    i.EvrRtxMemoryInit  rtx_evr.o
    0x00000c3e   0x00000c3e   0x00000002   Code   RO          896    i.EvrRtxMemoryPoolAllocTimeout  rtx_evr.o
    0x00000c40   0x00000c40   0x00000002   Code   RO          911    i.EvrRtxMessageQueueCreated  rtx_evr.o
    0x00000c42   0x00000c42   0x00000002   Code   RO          914    i.EvrRtxMessageQueueError  rtx_evr.o
    0x00000c44   0x00000c44   0x00000002   Code   RO          915    i.EvrRtxMessageQueueGet  rtx_evr.o
    0x00000c46   0x00000c46   0x00000002   Code   RO          920    i.EvrRtxMessageQueueGetPending  rtx_evr.o
    0x00000c48   0x00000c48   0x00000002   Code   RO          922    i.EvrRtxMessageQueueGetTimeout  rtx_evr.o
    0x00000c4a   0x00000c4a   0x00000002   Code   RO          923    i.EvrRtxMessageQueueInsertPending  rtx_evr.o
    0x00000c4c   0x00000c4c   0x00000002   Code   RO          924    i.EvrRtxMessageQueueInserted  rtx_evr.o
    0x00000c4e   0x00000c4e   0x00000002   Code   RO          925    i.EvrRtxMessageQueueNew  rtx_evr.o
    0x00000c50   0x00000c50   0x00000002   Code   RO          926    i.EvrRtxMessageQueueNotInserted  rtx_evr.o
    0x00000c52   0x00000c52   0x00000002   Code   RO          927    i.EvrRtxMessageQueueNotRetrieved  rtx_evr.o
    0x00000c54   0x00000c54   0x00000002   Code   RO          928    i.EvrRtxMessageQueuePut  rtx_evr.o
    0x00000c56   0x00000c56   0x00000002   Code   RO          929    i.EvrRtxMessageQueuePutPending  rtx_evr.o
    0x00000c58   0x00000c58   0x00000002   Code   RO          930    i.EvrRtxMessageQueuePutTimeout  rtx_evr.o
    0x00000c5a   0x00000c5a   0x00000002   Code   RO          933    i.EvrRtxMessageQueueRetrieved  rtx_evr.o
    0x00000c5c   0x00000c5c   0x00000002   Code   RO          934    i.EvrRtxMutexAcquire  rtx_evr.o
    0x00000c5e   0x00000c5e   0x00000002   Code   RO          935    i.EvrRtxMutexAcquirePending  rtx_evr.o
    0x00000c60   0x00000c60   0x00000002   Code   RO          936    i.EvrRtxMutexAcquireTimeout  rtx_evr.o
    0x00000c62   0x00000c62   0x00000002   Code   RO          937    i.EvrRtxMutexAcquired  rtx_evr.o
    0x00000c64   0x00000c64   0x00000002   Code   RO          938    i.EvrRtxMutexCreated  rtx_evr.o
    0x00000c66   0x00000c66   0x00000002   Code   RO          941    i.EvrRtxMutexError  rtx_evr.o
    0x00000c68   0x00000c68   0x00000002   Code   RO          944    i.EvrRtxMutexNew    rtx_evr.o
    0x00000c6a   0x00000c6a   0x00000002   Code   RO          945    i.EvrRtxMutexNotAcquired  rtx_evr.o
    0x00000c6c   0x00000c6c   0x00000002   Code   RO          946    i.EvrRtxMutexRelease  rtx_evr.o
    0x00000c6e   0x00000c6e   0x00000002   Code   RO          947    i.EvrRtxMutexReleased  rtx_evr.o
    0x00000c70   0x00000c70   0x00000002   Code   RO          950    i.EvrRtxSemaphoreAcquireTimeout  rtx_evr.o
    0x00000c72   0x00000c72   0x00000002   Code   RO          962    i.EvrRtxThreadBlocked  rtx_evr.o
    0x00000c74   0x00000c74   0x00000002   Code   RO          963    i.EvrRtxThreadCreated  rtx_evr.o
    0x00000c76   0x00000c76   0x00000002   Code   RO          964    i.EvrRtxThreadDelay  rtx_evr.o
    0x00000c78   0x00000c78   0x00000002   Code   RO          965    i.EvrRtxThreadDelayCompleted  rtx_evr.o
    0x00000c7a   0x00000c7a   0x00000002   Code   RO          967    i.EvrRtxThreadDestroyed  rtx_evr.o
    0x00000c7c   0x00000c7c   0x00000002   Code   RO          971    i.EvrRtxThreadError  rtx_evr.o
    0x00000c7e   0x00000c7e   0x00000002   Code   RO          972    i.EvrRtxThreadExit  rtx_evr.o
    0x00000c80   0x00000c80   0x00000002   Code   RO          979    i.EvrRtxThreadFlagsWaitCompleted  rtx_evr.o
    0x00000c82   0x00000c82   0x00000002   Code   RO          982    i.EvrRtxThreadFlagsWaitTimeout  rtx_evr.o
    0x00000c84   0x00000c84   0x00000002   Code   RO          992    i.EvrRtxThreadJoined  rtx_evr.o
    0x00000c86   0x00000c86   0x00000002   Code   RO          993    i.EvrRtxThreadNew   rtx_evr.o
    0x00000c88   0x00000c88   0x00000002   Code   RO          994    i.EvrRtxThreadPreempted  rtx_evr.o
    0x00000c8a   0x00000c8a   0x00000002   Code   RO         1000    i.EvrRtxThreadSwitched  rtx_evr.o
    0x00000c8c   0x00000c8c   0x00000002   Code   RO         1002    i.EvrRtxThreadUnblocked  rtx_evr.o
    0x00000c8e   0x00000c8e   0x00000002   Code   RO         1004    i.EvrRtxTimerCallback  rtx_evr.o
    0x00000c90   0x00000c90   0x00000006   Code   RO          279    i.Free              uart.o
    0x00000c96   0x00000c96   0x00000002   PAD
    0x00000c98   0x00000c98   0x00000024   Code   RO          280    i.FreeRcv           uart.o
    0x00000cbc   0x00000cbc   0x00000024   Code   RO          281    i.FreeSnd           uart.o
    0x00000ce0   0x00000ce0   0x00000052   Code   RO            5    i.GLCD_Bitmap       glcd_spi_lpc1700.o
    0x00000d32   0x00000d32   0x0000002a   Code   RO            6    i.GLCD_Clear        glcd_spi_lpc1700.o
    0x00000d5c   0x00000d5c   0x0000005c   Code   RO            8    i.GLCD_DisplayChar  glcd_spi_lpc1700.o
    0x00000db8   0x00000db8   0x00000028   Code   RO            9    i.GLCD_DisplayString  glcd_spi_lpc1700.o
    0x00000de0   0x00000de0   0x0000009c   Code   RO           10    i.GLCD_DrawChar     glcd_spi_lpc1700.o
    0x00000e7c   0x00000e7c   0x000005e8   Code   RO           11    i.GLCD_Init         glcd_spi_lpc1700.o
    0x00001464   0x00001464   0x0000000c   Code   RO           14    i.GLCD_SetBackColor  glcd_spi_lpc1700.o
    0x00001470   0x00001470   0x0000000c   Code   RO           15    i.GLCD_SetTextColor  glcd_spi_lpc1700.o
    0x0000147c   0x0000147c   0x000000ac   Code   RO           16    i.GLCD_SetWindow    glcd_spi_lpc1700.o
    0x00001528   0x00001528   0x00000012   Code   RO           17    i.GLCD_WindowMax    glcd_spi_lpc1700.o
    0x0000153a   0x0000153a   0x00000018   Code   RO          610    i.IsIrqMasked       rtx_delay.o
    0x00001552   0x00001552   0x00000018   Code   RO          711    i.IsIrqMasked       rtx_evflags.o
    0x0000156a   0x0000156a   0x00000018   Code   RO         1870    i.IsIrqMasked       rtx_kernel.o
    0x00001582   0x00001582   0x00000018   Code   RO         2331    i.IsIrqMasked       rtx_msgqueue.o
    0x0000159a   0x0000159a   0x00000018   Code   RO         2509    i.IsIrqMasked       rtx_mutex.o
    0x000015b2   0x000015b2   0x00000018   Code   RO         2798    i.IsIrqMasked       rtx_thread.o
    0x000015ca   0x000015ca   0x00000010   Code   RO          611    i.IsIrqMode         rtx_delay.o
    0x000015da   0x000015da   0x00000010   Code   RO          712    i.IsIrqMode         rtx_evflags.o
    0x000015ea   0x000015ea   0x00000010   Code   RO         1871    i.IsIrqMode         rtx_kernel.o
    0x000015fa   0x000015fa   0x00000010   Code   RO         2332    i.IsIrqMode         rtx_msgqueue.o
    0x0000160a   0x0000160a   0x00000010   Code   RO         2510    i.IsIrqMode         rtx_mutex.o
    0x0000161a   0x0000161a   0x00000010   Code   RO         2799    i.IsIrqMode         rtx_thread.o
    0x0000162a   0x0000162a   0x00000002   PAD
    0x0000162c   0x0000162c   0x00000288   Code   RO          395    i.LCD_updater       main.o
    0x000018b4   0x000018b4   0x0000000a   Code   RO         2116    i.MemBlockPtr       rtx_memory.o
    0x000018be   0x000018be   0x00000034   Code   RO         2333    i.MessageQueueGet   rtx_msgqueue.o
    0x000018f2   0x000018f2   0x0000004c   Code   RO         2334    i.MessageQueuePut   rtx_msgqueue.o
    0x0000193e   0x0000193e   0x00000022   Code   RO         2335    i.MessageQueueRemove  rtx_msgqueue.o
    0x00001960   0x00001960   0x00000008   Code   RO         3341    i.OS_Tick_AcknowledgeIRQ  os_systick.o
    0x00001968   0x00001968   0x00000030   Code   RO         3343    i.OS_Tick_Enable    os_systick.o
    0x00001998   0x00001998   0x00000006   Code   RO         3346    i.OS_Tick_GetIRQn   os_systick.o
    0x0000199e   0x0000199e   0x00000002   PAD
    0x000019a0   0x000019a0   0x00000050   Code   RO         3349    i.OS_Tick_Setup     os_systick.o
    0x000019f0   0x000019f0   0x00000140   Code   RO         3456    i.SystemInit        system_lpc17xx.o
    0x00001b30   0x00001b30   0x00000056   Code   RO         2800    i.ThreadFlagsCheck  rtx_thread.o
    0x00001b86   0x00001b86   0x00000002   PAD
    0x00001b88   0x00001b88   0x00000040   Code   RO         3217    i.TimerInsert       rtx_timer.o
    0x00001bc8   0x00001bc8   0x00000018   Code   RO         3219    i.TimerUnlink       rtx_timer.o
    0x00001be0   0x00001be0   0x00000068   Code   RO          285    i.UART0_IRQHandler  uart.o
    0x00001c48   0x00001c48   0x00000070   Code   RO          286    i.UART1_IRQHandler  uart.o
    0x00001cb8   0x00001cb8   0x000000bc   Code   RO          287    i.UARTInit          uart.o
    0x00001d74   0x00001d74   0x00000024   Code   RO          291    i.UARTSendChar      uart.o
    0x00001d98   0x00001d98   0x00000010   Code   RO         3500    i.__0printf$bare    mc_w.l(printfb.o)
    0x00001da8   0x00001da8   0x0000001a   Code   RO          292    i.__NVIC_EnableIRQ  uart.o
    0x00001dc2   0x00001dc2   0x0000001a   Code   RO          396    i.__NVIC_EnableIRQ  main.o
    0x00001ddc   0x00001ddc   0x0000000e   Code   RO         3832    i.__scatterload_copy  mc_w.l(handlers.o)
    0x00001dea   0x00001dea   0x00000002   Code   RO         3833    i.__scatterload_null  mc_w.l(handlers.o)
    0x00001dec   0x00001dec   0x0000000e   Code   RO         3834    i.__scatterload_zeroinit  mc_w.l(handlers.o)
    0x00001dfa   0x00001dfa   0x00000022   Code   RO         3507    i._printf_core      mc_w.l(printfb.o)
    0x00001e1c   0x00001e1c   0x00000036   Code   RO          529    i.add_object        game_object.o
    0x00001e52   0x00001e52   0x00000002   PAD
    0x00001e54   0x00001e54   0x00000060   Code   RO          397    i.bullet_spawner    main.o
    0x00001eb4   0x00001eb4   0x00000052   Code   RO          530    i.collide           game_object.o
    0x00001f06   0x00001f06   0x00000002   PAD
    0x00001f08   0x00001f08   0x0000003c   Code   RO          531    i.create_bullet     game_object.o
    0x00001f44   0x00001f44   0x00000016   Code   RO          532    i.create_game_object_list  game_object.o
    0x00001f5a   0x00001f5a   0x00000002   PAD
    0x00001f5c   0x00001f5c   0x00000040   Code   RO          533    i.create_goose      game_object.o
    0x00001f9c   0x00001f9c   0x00000038   Code   RO          534    i.create_player     game_object.o
    0x00001fd4   0x00001fd4   0x0000000e   Code   RO           20    i.delay             glcd_spi_lpc1700.o
    0x00001fe2   0x00001fe2   0x0000000e   Code   RO          216    i.fputc             retarget.o
    0x00001ff0   0x00001ff0   0x00000050   Code   RO         3759    i.free              mc_w.l(malloc.o)
    0x00002040   0x00002040   0x0000006c   Code   RO          398    i.game_end          main.o
    0x000020ac   0x000020ac   0x00000048   Code   RO          293    i.getFrequency      uart.o
    0x000020f4   0x000020f4   0x00000080   Code   RO          399    i.goose_spawner     main.o
    0x00002174   0x00002174   0x00000038   Code   RO          400    i.init_game         main.o
    0x000021ac   0x000021ac   0x00000048   Code   RO          401    i.init_peripherals  main.o
    0x000021f4   0x000021f4   0x000000f0   Code   RO          402    i.input_reader      main.o
    0x000022e4   0x000022e4   0x00000064   Code   RO          713    i.isrRtxEventFlagsSet  rtx_evflags.o
    0x00002348   0x00002348   0x00000096   Code   RO         2336    i.isrRtxMessageQueueGet  rtx_msgqueue.o
    0x000023de   0x000023de   0x0000009e   Code   RO         2337    i.isrRtxMessageQueuePut  rtx_msgqueue.o
    0x0000247c   0x0000247c   0x00000034   Code   RO         2742    i.isr_queue_get     rtx_system.o
    0x000024b0   0x000024b0   0x0000003c   Code   RO         2743    i.isr_queue_put     rtx_system.o
    0x000024ec   0x000024ec   0x00000090   Code   RO          587    i.lfsr113           lfsr113.o
    0x0000257c   0x0000257c   0x00000098   Code   RO          403    i.main              main.o
    0x00002614   0x00002614   0x0000006c   Code   RO         3760    i.malloc            mc_w.l(malloc.o)
    0x00002680   0x00002680   0x0000006c   Code   RO          404    i.num_to_led        main.o
    0x000026ec   0x000026ec   0x0000003c   Code   RO          612    i.osDelay           rtx_delay.o
    0x00002728   0x00002728   0x00000040   Code   RO          715    i.osEventFlagsClear  rtx_evflags.o
    0x00002768   0x00002768   0x00000030   Code   RO          717    i.osEventFlagsGet   rtx_evflags.o
    0x00002798   0x00002798   0x0000003c   Code   RO          719    i.osEventFlagsNew   rtx_evflags.o
    0x000027d4   0x000027d4   0x00000040   Code   RO          720    i.osEventFlagsSet   rtx_evflags.o
    0x00002814   0x00002814   0x0000002c   Code   RO         1880    i.osKernelGetTickFreq  rtx_kernel.o
    0x00002840   0x00002840   0x00000034   Code   RO         1881    i.osKernelInitialize  rtx_kernel.o
    0x00002874   0x00002874   0x00000034   Code   RO         1885    i.osKernelStart     rtx_kernel.o
    0x000028a8   0x000028a8   0x00000054   Code   RO         2339    i.osMessageQueueGet  rtx_msgqueue.o
    0x000028fc   0x000028fc   0x0000004c   Code   RO         2345    i.osMessageQueueNew  rtx_msgqueue.o
    0x00002948   0x00002948   0x00000054   Code   RO         2346    i.osMessageQueuePut  rtx_msgqueue.o
    0x0000299c   0x0000299c   0x00000044   Code   RO         2511    i.osMutexAcquire    rtx_mutex.o
    0x000029e0   0x000029e0   0x0000003c   Code   RO         2515    i.osMutexNew        rtx_mutex.o
    0x00002a1c   0x00002a1c   0x0000003c   Code   RO         2516    i.osMutexRelease    rtx_mutex.o
    0x00002a58   0x00002a58   0x00000020   Code   RO         3415    i.osRtxErrorNotify  rtx_config.o
    0x00002a78   0x00002a78   0x0000004c   Code   RO          722    i.osRtxEventFlagsPostProcess  rtx_evflags.o
    0x00002ac4   0x00002ac4   0x00000004   Code   RO         3416    i.osRtxIdleThread   rtx_config.o
    0x00002ac8   0x00002ac8   0x0000000c   Code   RO         2804    i.osRtxKernelGetState  rtx_thread.o
    0x00002ad4   0x00002ad4   0x000000ee   Code   RO         2117    i.osRtxMemoryAlloc  rtx_memory.o
    0x00002bc2   0x00002bc2   0x0000007c   Code   RO         2118    i.osRtxMemoryFree   rtx_memory.o
    0x00002c3e   0x00002c3e   0x0000006a   Code   RO         2119    i.osRtxMemoryInit   rtx_memory.o
    0x00002ca8   0x00002ca8   0x0000003a   Code   RO         2177    i.osRtxMemoryPoolAlloc  rtx_mempool.o
    0x00002ce2   0x00002ce2   0x0000004e   Code   RO         2178    i.osRtxMemoryPoolFree  rtx_mempool.o
    0x00002d30   0x00002d30   0x00000058   Code   RO         2179    i.osRtxMemoryPoolInit  rtx_mempool.o
    0x00002d88   0x00002d88   0x00000128   Code   RO         2348    i.osRtxMessageQueuePostProcess  rtx_msgqueue.o
    0x00002eb0   0x00002eb0   0x0000005e   Code   RO         2517    i.osRtxMutexOwnerRelease  rtx_mutex.o
    0x00002f0e   0x00002f0e   0x00000002   PAD
    0x00002f10   0x00002f10   0x00000084   Code   RO         2744    i.osRtxPendSV_Handler  rtx_system.o
    0x00002f94   0x00002f94   0x0000003c   Code   RO         2745    i.osRtxPostProcess  rtx_system.o
    0x00002fd0   0x00002fd0   0x00000040   Code   RO         2805    i.osRtxThreadBlock  rtx_thread.o
    0x00003010   0x00003010   0x00000068   Code   RO         2806    i.osRtxThreadDelayInsert  rtx_thread.o
    0x00003078   0x00003078   0x00000074   Code   RO         2807    i.osRtxThreadDelayRemove  rtx_thread.o
    0x000030ec   0x000030ec   0x000000dc   Code   RO         2808    i.osRtxThreadDelayTick  rtx_thread.o
    0x000031c8   0x000031c8   0x00000070   Code   RO         2809    i.osRtxThreadDispatch  rtx_thread.o
    0x00003238   0x00003238   0x00000060   Code   RO         2810    i.osRtxThreadFree   rtx_thread.o
    0x00003298   0x00003298   0x0000000c   Code   RO         2811    i.osRtxThreadGetRunning  rtx_thread.o
    0x000032a4   0x000032a4   0x0000001c   Code   RO         2812    i.osRtxThreadListGet  rtx_thread.o
    0x000032c0   0x000032c0   0x00000032   Code   RO         2813    i.osRtxThreadListPut  rtx_thread.o
    0x000032f2   0x000032f2   0x0000001a   Code   RO         2814    i.osRtxThreadListRemove  rtx_thread.o
    0x0000330c   0x0000330c   0x00000012   Code   RO         2815    i.osRtxThreadListRoot  rtx_thread.o
    0x0000331e   0x0000331e   0x0000002a   Code   RO         2816    i.osRtxThreadListSort  rtx_thread.o
    0x00003348   0x00003348   0x00000040   Code   RO         2818    i.osRtxThreadPostProcess  rtx_thread.o
    0x00003388   0x00003388   0x00000018   Code   RO         2819    i.osRtxThreadReadyPut  rtx_thread.o
    0x000033a0   0x000033a0   0x0000000e   Code   RO         2820    i.osRtxThreadRegPtr  rtx_thread.o
    0x000033ae   0x000033ae   0x00000002   PAD
    0x000033b0   0x000033b0   0x0000000c   Code   RO         2821    i.osRtxThreadSetRunning  rtx_thread.o
    0x000033bc   0x000033bc   0x0000002c   Code   RO         2822    i.osRtxThreadStackCheck  rtx_thread.o
    0x000033e8   0x000033e8   0x00000060   Code   RO         2823    i.osRtxThreadStartup  rtx_thread.o
    0x00003448   0x00003448   0x0000001c   Code   RO         2824    i.osRtxThreadSwitch  rtx_thread.o
    0x00003464   0x00003464   0x00000054   Code   RO         2825    i.osRtxThreadWaitEnter  rtx_thread.o
    0x000034b8   0x000034b8   0x00000036   Code   RO         2826    i.osRtxThreadWaitExit  rtx_thread.o
    0x000034ee   0x000034ee   0x00000002   PAD
    0x000034f0   0x000034f0   0x000000a0   Code   RO         2746    i.osRtxTick_Handler  rtx_system.o
    0x00003590   0x00003590   0x00000058   Code   RO         3220    i.osRtxTimerThread  rtx_timer.o
    0x000035e8   0x000035e8   0x0000005c   Code   RO         3221    i.osRtxTimerTick    rtx_timer.o
    0x00003644   0x00003644   0x00000020   Code   RO         2829    i.osThreadExit      rtx_thread.o
    0x00003664   0x00003664   0x0000004c   Code   RO         2842    i.osThreadNew       rtx_thread.o
    0x000036b0   0x000036b0   0x00000018   Code   RO          405    i.random_range      main.o
    0x000036c8   0x000036c8   0x0000008c   Code   RO           21    i.rd_id_man         glcd_spi_lpc1700.o
    0x00003754   0x00003754   0x00000048   Code   RO           22    i.rd_reg            glcd_spi_lpc1700.o
    0x0000379c   0x0000379c   0x0000008a   Code   RO          535    i.remove_object     game_object.o
    0x00003826   0x00003826   0x00000002   PAD
    0x00003828   0x00003828   0x00000044   Code   RO          218    i.sendchar          retarget.o
    0x0000386c   0x0000386c   0x00000020   Code   RO           23    i.spi_tran          glcd_spi_lpc1700.o
    0x0000388c   0x0000388c   0x00000080   Code   RO           24    i.spi_tran_man      glcd_spi_lpc1700.o
    0x0000390c   0x0000390c   0x0000006c   Code   RO          406    i.state_monitor     main.o
    0x00003978   0x00003978   0x00000018   Code   RO          614    i.svcRtxDelay       rtx_delay.o
    0x00003990   0x00003990   0x00000058   Code   RO          723    i.svcRtxEventFlagsClear  rtx_evflags.o
    0x000039e8   0x000039e8   0x0000003a   Code   RO          725    i.svcRtxEventFlagsGet  rtx_evflags.o
    0x00003a22   0x00003a22   0x00000002   PAD
    0x00003a24   0x00003a24   0x000000a8   Code   RO          727    i.svcRtxEventFlagsNew  rtx_evflags.o
    0x00003acc   0x00003acc   0x000000ae   Code   RO          728    i.svcRtxEventFlagsSet  rtx_evflags.o
    0x00003b7a   0x00003b7a   0x00000002   PAD
    0x00003b7c   0x00003b7c   0x00000014   Code   RO         1893    i.svcRtxKernelGetTickFreq  rtx_kernel.o
    0x00003b90   0x00003b90   0x00000264   Code   RO         1894    i.svcRtxKernelInitialize  rtx_kernel.o
    0x00003df4   0x00003df4   0x000000e8   Code   RO         1898    i.svcRtxKernelStart  rtx_kernel.o
    0x00003edc   0x00003edc   0x00000158   Code   RO         2350    i.svcRtxMessageQueueGet  rtx_msgqueue.o
    0x00004034   0x00004034   0x00000198   Code   RO         2356    i.svcRtxMessageQueueNew  rtx_msgqueue.o
    0x000041cc   0x000041cc   0x00000140   Code   RO         2357    i.svcRtxMessageQueuePut  rtx_msgqueue.o
    0x0000430c   0x0000430c   0x00000120   Code   RO         2518    i.svcRtxMutexAcquire  rtx_mutex.o
    0x0000442c   0x0000442c   0x000000b0   Code   RO         2522    i.svcRtxMutexNew    rtx_mutex.o
    0x000044dc   0x000044dc   0x0000011c   Code   RO         2523    i.svcRtxMutexRelease  rtx_mutex.o
    0x000045f8   0x000045f8   0x00000094   Code   RO         2850    i.svcRtxThreadExit  rtx_thread.o
    0x0000468c   0x0000468c   0x00000274   Code   RO         2863    i.svcRtxThreadNew   rtx_thread.o
    0x00004900   0x00004900   0x00000020   Code   RO          407    i.welcome           main.o
    0x00004920   0x00004920   0x00000028   Code   RO           25    i.wr_cmd            glcd_spi_lpc1700.o
    0x00004948   0x00004948   0x00000028   Code   RO           26    i.wr_dat            glcd_spi_lpc1700.o
    0x00004970   0x00004970   0x00000012   Code   RO           27    i.wr_dat_only       glcd_spi_lpc1700.o
    0x00004982   0x00004982   0x00000002   PAD
    0x00004984   0x00004984   0x00000014   Code   RO           28    i.wr_dat_start      glcd_spi_lpc1700.o
    0x00004998   0x00004998   0x0000000c   Code   RO           29    i.wr_dat_stop       glcd_spi_lpc1700.o
    0x000049a4   0x000049a4   0x00000014   Code   RO           30    i.wr_reg            glcd_spi_lpc1700.o
    0x000049b8   0x000049b8   0x00001880   Data   RO           31    .constdata          glcd_spi_lpc1700.o
    0x00006238   0x00006238   0x00000064   Data   RO         2087    .constdata          rtx_lib.o
    0x0000629c   0x0000629c   0x0000000b   Data   RO         1901    .conststrlit        rtx_kernel.o
    0x000062a7   0x000062a7   0x00000001   PAD
    0x000062a8   0x000062a8   0x00000068   Data   RO         2089    .rodata             rtx_lib.o
    0x00006310   0x00006310   0x00000020   Data   RO         3830    Region$$Table       anon$$obj.o


    Execution Region ER_RW (Exec base: 0x10000000, Load base: 0x00006330, Size: 0x00001a34, Max: 0xffffffff, ABSOLUTE, COMPRESSED[0x000000b4])

    Exec Addr    Load Addr    Size         Type   Attr      Idx    E Section Name        Object

    0x10000000   COMPRESSED   0x00001040   Data   RW         2082    .bss.os             rtx_lib.o
    0x10001040   COMPRESSED   0x00000034   Data   RW         2083    .bss.os.msgqueue.cb  rtx_lib.o
    0x10001074   COMPRESSED   0x00000050   Data   RW         2084    .bss.os.msgqueue.mem  rtx_lib.o
    0x100010c4   COMPRESSED   0x00000088   Data   RW         2085    .bss.os.thread.cb   rtx_lib.o
    0x1000114c   COMPRESSED   0x00000004   PAD
    0x10001150   COMPRESSED   0x00000200   Data   RW         2086    .bss.os.thread.stack  rtx_lib.o
    0x10001350   COMPRESSED   0x00000005   Data   RW           32    .data               glcd_spi_lpc1700.o
    0x10001355   COMPRESSED   0x00000003   PAD
    0x10001358   COMPRESSED   0x0000000c   Data   RW          219    .data               retarget.o
    0x10001364   COMPRESSED   0x00000020   Data   RW          295    .data               uart.o
    0x10001384   COMPRESSED   0x00000021   Data   RW          408    .data               main.o
    0x100013a5   COMPRESSED   0x00000001   PAD
    0x100013a6   COMPRESSED   0x000005ca   Data   RW          536    .data               game_object.o
    0x10001970   COMPRESSED   0x00000010   Data   RW          588    .data               lfsr113.o
    0x10001980   COMPRESSED   0x00000001   Data   RW         3350    .data               os_systick.o
    0x10001981   COMPRESSED   0x00000003   PAD
    0x10001984   COMPRESSED   0x00000004   Data   RW         3457    .data               system_lpc17xx.o
    0x10001988   COMPRESSED   0x00000004   Data   RW         3813    .data               mc_w.l(mvars.o)
    0x1000198c   COMPRESSED   0x00000004   Data   RW         3814    .data               mc_w.l(mvars.o)
    0x10001990   COMPRESSED   0x000000a4   Data   RW         1902    .data.os            rtx_kernel.o


    Execution Region ER_ZI (Exec base: 0x10001a34, Load base: 0x000063e4, Size: 0x00004084, Max: 0xffffffff, ABSOLUTE)

    Exec Addr    Load Addr    Size         Type   Attr      Idx    E Section Name        Object

    0x10001a34        -       0x00000080   Zero   RW          294    .bss                uart.o
    0x10001ab4   0x000063e4   0x00000004   PAD
    0x10001ab8        -       0x00002000   Zero   RW         3443    HEAP                startup_lpc17xx.o
    0x10003ab8        -       0x00002000   Zero   RW         3442    STACK               startup_lpc17xx.o


==============================================================================

Image component sizes


      Code (inc. data)   RO Data    RW Data    ZI Data      Debug   Object Name

       476         30          0       1482          0       5269   game_object.o
      2674         94       6272          5          0      34971   glcd_spi_lpc1700.o
       148         10          0          0          0        576   irq_cm3.o
       144         16          0         16          0        610   lfsr113.o
      1882        216          0         33          0      40280   main.o
       142         24          0          1          0       2380   os_systick.o
        82          4          0         12          0       2802   retarget.o
        36          6          0          0          0        933   rtx_config.o
       124          4          0          0          0      19965   rtx_delay.o
      1410         30          0          0          0      13586   rtx_evflags.o
       126          0          0          0          0      35777   rtx_evr.o
      1052         44         11        164          0      19708   rtx_kernel.o
         0          0        204       4940          0       8503   rtx_lib.o
       478          0          0          0          0       4099   rtx_memory.o
       564          0          0          0          0       3923   rtx_mempool.o
      2462         34          0          0          0      21768   rtx_msgqueue.o
      1070         28          0          0          0      10232   rtx_mutex.o
       804         40          0          0          0       9737   rtx_system.o
      2670        126          0          0          0      27406   rtx_thread.o
       268         28          0          0          0       3259   rtx_timer.o
        40         12        204          0      16384        972   startup_lpc17xx.o
       320         18          0          4          0        787   system_lpc17xx.o
       616         86          0         32        128      32195   uart.o

    ----------------------------------------------------------------------
     17616        850       6724       6700      16516     299738   Object Totals
         0          0         32          0          0          0   (incl. Generated)
        28          0          1         11          4          0   (incl. Padding)

    ----------------------------------------------------------------------

      Code (inc. data)   RO Data    RW Data    ZI Data      Debug   Library Member Name

        86          0          0          0          0          0   __dczerorl2.o
         0          0          0          0          0          0   entry.o
         0          0          0          0          0          0   entry10a.o
         0          0          0          0          0          0   entry11a.o
         8          4          0          0          0          0   entry2.o
         4          0          0          0          0          0   entry5.o
         0          0          0          0          0          0   entry7b.o
         0          0          0          0          0          0   entry8b.o
         8          4          0          0          0          0   entry9a.o
        30          0          0          0          0          0   handlers.o
        36          8          0          0          0         68   init.o
         0          0          0          0          0          0   iusefp.o
        30          0          0          0          0         68   llshl.o
        32          0          0          0          0         68   llushr.o
       188         20          0          0          0        160   malloc.o
        36          0          0          0          0         68   memcpya.o
        36          0          0          0          0        108   memseta.o
         0          0          0          8          0          0   mvars.o
        50          8          0          0          0        152   printfb.o
       222          0          0          0          0        100   ddiv.o
       186          0          0          0          0        176   depilogue.o
        62          0          0          0          0         80   dfixi.o
        34          0          0          0          0         76   dflti.o

    ----------------------------------------------------------------------
      1052         44          0          8          0       1124   Library Totals
         4          0          0          0          0          0   (incl. Padding)

    ----------------------------------------------------------------------

      Code (inc. data)   RO Data    RW Data    ZI Data      Debug   Library Name

       544         44          0          8          0        692   mc_w.l
       504          0          0          0          0        432   mf_w.l

    ----------------------------------------------------------------------
      1052         44          0          8          0       1124   Library Totals

    ----------------------------------------------------------------------

==============================================================================


      Code (inc. data)   RO Data    RW Data    ZI Data      Debug   

     18668        894       6724       6708      16516     288874   Grand Totals
     18668        894       6724        180      16516     288874   ELF Image Totals (compressed)
     18668        894       6724        180          0          0   ROM Totals

==============================================================================

    Total RO  Size (Code + RO Data)                25392 (  24.80kB)
    Total RW  Size (RW Data + ZI Data)             23224 (  22.68kB)
    Total ROM Size (Code + RO Data + RW Data)      25572 (  24.97kB)

==============================================================================

